Archive member included to satisfy reference by file (symbol)

/opt/st/stm32cubeide_1.4.0/plugins/com.st.stm32cube.ide.mcu.externaltools.gnu-tools-for-stm32.7-2018-q2-update.linux64_1.4.0.202007081208/tools/bin/../lib/gcc/arm-none-eabi/7.3.1/../../../../arm-none-eabi/lib/thumb/v7e-m/fpv4-sp/hard/libstdc++_nano.a(pure.o)
                              Core/usr/cpp_main.o (__cxa_pure_virtual)
/opt/st/stm32cubeide_1.4.0/plugins/com.st.stm32cube.ide.mcu.externaltools.gnu-tools-for-stm32.7-2018-q2-update.linux64_1.4.0.202007081208/tools/bin/../lib/gcc/arm-none-eabi/7.3.1/../../../../arm-none-eabi/lib/thumb/v7e-m/fpv4-sp/hard/libstdc++_nano.a(eh_terminate.o)
                              /opt/st/stm32cubeide_1.4.0/plugins/com.st.stm32cube.ide.mcu.externaltools.gnu-tools-for-stm32.7-2018-q2-update.linux64_1.4.0.202007081208/tools/bin/../lib/gcc/arm-none-eabi/7.3.1/../../../../arm-none-eabi/lib/thumb/v7e-m/fpv4-sp/hard/libstdc++_nano.a(pure.o) (std::terminate())
/opt/st/stm32cubeide_1.4.0/plugins/com.st.stm32cube.ide.mcu.externaltools.gnu-tools-for-stm32.7-2018-q2-update.linux64_1.4.0.202007081208/tools/bin/../lib/gcc/arm-none-eabi/7.3.1/../../../../arm-none-eabi/lib/thumb/v7e-m/fpv4-sp/hard/libstdc++_nano.a(eh_unex_handler.o)
                              /opt/st/stm32cubeide_1.4.0/plugins/com.st.stm32cube.ide.mcu.externaltools.gnu-tools-for-stm32.7-2018-q2-update.linux64_1.4.0.202007081208/tools/bin/../lib/gcc/arm-none-eabi/7.3.1/../../../../arm-none-eabi/lib/thumb/v7e-m/fpv4-sp/hard/libstdc++_nano.a(eh_terminate.o) (__cxxabiv1::__unexpected_handler)
/opt/st/stm32cubeide_1.4.0/plugins/com.st.stm32cube.ide.mcu.externaltools.gnu-tools-for-stm32.7-2018-q2-update.linux64_1.4.0.202007081208/tools/bin/../lib/gcc/arm-none-eabi/7.3.1/../../../../arm-none-eabi/lib/thumb/v7e-m/fpv4-sp/hard/libstdc++_nano.a(eh_term_handler.o)
                              /opt/st/stm32cubeide_1.4.0/plugins/com.st.stm32cube.ide.mcu.externaltools.gnu-tools-for-stm32.7-2018-q2-update.linux64_1.4.0.202007081208/tools/bin/../lib/gcc/arm-none-eabi/7.3.1/../../../../arm-none-eabi/lib/thumb/v7e-m/fpv4-sp/hard/libstdc++_nano.a(eh_terminate.o) (__cxxabiv1::__terminate_handler)
/opt/st/stm32cubeide_1.4.0/plugins/com.st.stm32cube.ide.mcu.externaltools.gnu-tools-for-stm32.7-2018-q2-update.linux64_1.4.0.202007081208/tools/bin/../lib/gcc/arm-none-eabi/7.3.1/../../../../arm-none-eabi/lib/thumb/v7e-m/fpv4-sp/hard/libc_nano.a(lib_a-abort.o)
                              /opt/st/stm32cubeide_1.4.0/plugins/com.st.stm32cube.ide.mcu.externaltools.gnu-tools-for-stm32.7-2018-q2-update.linux64_1.4.0.202007081208/tools/bin/../lib/gcc/arm-none-eabi/7.3.1/../../../../arm-none-eabi/lib/thumb/v7e-m/fpv4-sp/hard/libstdc++_nano.a(eh_terminate.o) (abort)
/opt/st/stm32cubeide_1.4.0/plugins/com.st.stm32cube.ide.mcu.externaltools.gnu-tools-for-stm32.7-2018-q2-update.linux64_1.4.0.202007081208/tools/bin/../lib/gcc/arm-none-eabi/7.3.1/../../../../arm-none-eabi/lib/thumb/v7e-m/fpv4-sp/hard/libc_nano.a(lib_a-errno.o)
                              Core/Src/syscalls.o (__errno)
/opt/st/stm32cubeide_1.4.0/plugins/com.st.stm32cube.ide.mcu.externaltools.gnu-tools-for-stm32.7-2018-q2-update.linux64_1.4.0.202007081208/tools/bin/../lib/gcc/arm-none-eabi/7.3.1/../../../../arm-none-eabi/lib/thumb/v7e-m/fpv4-sp/hard/libc_nano.a(lib_a-exit.o)
                              /opt/st/stm32cubeide_1.4.0/plugins/com.st.stm32cube.ide.mcu.externaltools.gnu-tools-for-stm32.7-2018-q2-update.linux64_1.4.0.202007081208/tools/bin/../lib/gcc/arm-none-eabi/7.3.1/../../../../arm-none-eabi/lib/thumb/v7e-m/fpv4-sp/hard/crt0.o (exit)
/opt/st/stm32cubeide_1.4.0/plugins/com.st.stm32cube.ide.mcu.externaltools.gnu-tools-for-stm32.7-2018-q2-update.linux64_1.4.0.202007081208/tools/bin/../lib/gcc/arm-none-eabi/7.3.1/../../../../arm-none-eabi/lib/thumb/v7e-m/fpv4-sp/hard/libc_nano.a(lib_a-impure.o)
                              /opt/st/stm32cubeide_1.4.0/plugins/com.st.stm32cube.ide.mcu.externaltools.gnu-tools-for-stm32.7-2018-q2-update.linux64_1.4.0.202007081208/tools/bin/../lib/gcc/arm-none-eabi/7.3.1/../../../../arm-none-eabi/lib/thumb/v7e-m/fpv4-sp/hard/libc_nano.a(lib_a-exit.o) (_global_impure_ptr)
/opt/st/stm32cubeide_1.4.0/plugins/com.st.stm32cube.ide.mcu.externaltools.gnu-tools-for-stm32.7-2018-q2-update.linux64_1.4.0.202007081208/tools/bin/../lib/gcc/arm-none-eabi/7.3.1/../../../../arm-none-eabi/lib/thumb/v7e-m/fpv4-sp/hard/libc_nano.a(lib_a-init.o)
                              /opt/st/stm32cubeide_1.4.0/plugins/com.st.stm32cube.ide.mcu.externaltools.gnu-tools-for-stm32.7-2018-q2-update.linux64_1.4.0.202007081208/tools/bin/../lib/gcc/arm-none-eabi/7.3.1/../../../../arm-none-eabi/lib/thumb/v7e-m/fpv4-sp/hard/crt0.o (__libc_init_array)
/opt/st/stm32cubeide_1.4.0/plugins/com.st.stm32cube.ide.mcu.externaltools.gnu-tools-for-stm32.7-2018-q2-update.linux64_1.4.0.202007081208/tools/bin/../lib/gcc/arm-none-eabi/7.3.1/../../../../arm-none-eabi/lib/thumb/v7e-m/fpv4-sp/hard/libc_nano.a(lib_a-malloc.o)
[...]
Memory Configuration

Name             Origin             Length             Attributes
CCMRAM           0x0000000010000000 0x0000000000010000 xrw
RAM              0x0000000020000000 0x0000000000020000 xrw
FLASH            0x0000000008000000 0x0000000000100000 xr
*default*        0x0000000000000000 0xffffffffffffffff

Linker script and memory map

LOAD /opt/st/stm32cubeide_1.4.0/plugins/com.st.stm32cube.ide.mcu.externaltools.gnu-tools-for-stm32.7-2018-q2-update.linux64_1.4.0.202007081208/tools/bin/../lib/gcc/arm-none-eabi/7.3.1/thumb/v7e-m/fpv4-sp/hard/crti.o
LOAD /opt/st/stm32cubeide_1.4.0/plugins/com.st.stm32cube.ide.mcu.externaltools.gnu-tools-for-stm32.7-2018-q2-update.linux64_1.4.0.202007081208/tools/bin/../lib/gcc/arm-none-eabi/7.3.1/thumb/v7e-m/fpv4-sp/hard/crtbegin.o
LOAD /opt/st/stm32cubeide_1.4.0/plugins/com.st.stm32cube.ide.mcu.externaltools.gnu-tools-for-stm32.7-2018-q2-update.linux64_1.4.0.202007081208/tools/bin/../lib/gcc/arm-none-eabi/7.3.1/../../../../arm-none-eabi/lib/thumb/v7e-m/fpv4-sp/hard/crt0.o
LOAD Core/Src/freertos.o
LOAD Core/Src/main.o
LOAD Core/Src/mpu9250_usr.o
LOAD Core/Src/stm32f4xx_hal_msp.o
LOAD Core/Src/stm32f4xx_hal_timebase_tim.o
LOAD Core/Src/stm32f4xx_it.o
LOAD Core/Src/syscalls.o
LOAD Core/Src/sysmem.o
LOAD Core/Src/system_stm32f4xx.o
LOAD Core/Startup/startup_stm32f405rgtx.o
LOAD Core/ros_lib/duration.o
LOAD Core/ros_lib/time.o
LOAD Core/usr/cpp_main.o
LOAD Core/usr/ledStatus.o
LOAD Core/usr/nbt.o
LOAD Core/usr/ringbuffer.o
LOAD Drivers/STM32F4xx_HAL_Driver/Src/stm32f4xx_hal.o
LOAD Drivers/STM32F4xx_HAL_Driver/Src/stm32f4xx_hal_can.o
LOAD Drivers/STM32F4xx_HAL_Driver/Src/stm32f4xx_hal_cortex.o
LOAD Drivers/STM32F4xx_HAL_Driver/Src/stm32f4xx_hal_dma.o
LOAD Drivers/STM32F4xx_HAL_Driver/Src/stm32f4xx_hal_dma_ex.o
LOAD Drivers/STM32F4xx_HAL_Driver/Src/stm32f4xx_hal_exti.o
LOAD Drivers/STM32F4xx_HAL_Driver/Src/stm32f4xx_hal_flash.o
LOAD Drivers/STM32F4xx_HAL_Driver/Src/stm32f4xx_hal_flash_ex.o
LOAD Drivers/STM32F4xx_HAL_Driver/Src/stm32f4xx_hal_flash_ramfunc.o
LOAD Drivers/STM32F4xx_HAL_Driver/Src/stm32f4xx_hal_gpio.o
LOAD Drivers/STM32F4xx_HAL_Driver/Src/stm32f4xx_hal_i2c.o
LOAD Drivers/STM32F4xx_HAL_Driver/Src/stm32f4xx_hal_i2c_ex.o
LOAD Drivers/STM32F4xx_HAL_Driver/Src/stm32f4xx_hal_pcd.o
LOAD Drivers/STM32F4xx_HAL_Driver/Src/stm32f4xx_hal_pcd_ex.o
LOAD Drivers/STM32F4xx_HAL_Driver/Src/stm32f4xx_hal_pwr.o
LOAD Drivers/STM32F4xx_HAL_Driver/Src/stm32f4xx_hal_pwr_ex.o
LOAD Drivers/STM32F4xx_HAL_Driver/Src/stm32f4xx_hal_rcc.o
LOAD Drivers/STM32F4xx_HAL_Driver/Src/stm32f4xx_hal_rcc_ex.o
LOAD Drivers/STM32F4xx_HAL_Driver/Src/stm32f4xx_hal_tim.o
LOAD Drivers/STM32F4xx_HAL_Driver/Src/stm32f4xx_hal_tim_ex.o
LOAD Drivers/STM32F4xx_HAL_Driver/Src/stm32f4xx_ll_usb.o
LOAD Middlewares/ST/STM32_USB_Device_Library/Class/CDC/Src/usbd_cdc.o
LOAD Middlewares/ST/STM32_USB_Device_Library/Core/Src/usbd_core.o
LOAD Middlewares/ST/STM32_USB_Device_Library/Core/Src/usbd_ctlreq.o
LOAD Middlewares/ST/STM32_USB_Device_Library/Core/Src/usbd_ioreq.o
LOAD Middlewares/Third_Party/FreeRTOS/Source/CMSIS_RTOS/cmsis_os.o
LOAD Middlewares/Third_Party/FreeRTOS/Source/croutine.o
LOAD Middlewares/Third_Party/FreeRTOS/Source/event_groups.o
LOAD Middlewares/Third_Party/FreeRTOS/Source/list.o
LOAD Middlewares/Third_Party/FreeRTOS/Source/queue.o
LOAD Middlewares/Third_Party/FreeRTOS/Source/stream_buffer.o
LOAD Middlewares/Third_Party/FreeRTOS/Source/tasks.o
LOAD Middlewares/Third_Party/FreeRTOS/Source/timers.o
LOAD Middlewares/Third_Party/FreeRTOS/Source/portable/GCC/ARM_CM4F/port.o
LOAD Middlewares/Third_Party/FreeRTOS/Source/portable/MemMang/heap_4.o
LOAD USB_DEVICE/App/usb_device.o
LOAD USB_DEVICE/App/usbd_cdc_if.o
LOAD USB_DEVICE/App/usbd_desc.o
LOAD USB_DEVICE/Target/usbd_conf.o
START GROUP
LOAD /opt/st/stm32cubeide_1.4.0/plugins/com.st.stm32cube.ide.mcu.externaltools.gnu-tools-for-stm32.7-2018-q2-update.linux64_1.4.0.202007081208/tools/bin/../lib/gcc/arm-none-eabi/7.3.1/../../../../arm-none-eabi/lib/thumb/v7e-m/fpv4-sp/hard/libstdc++_nano.a
LOAD /opt/st/stm32cubeide_1.4.0/plugins/com.st.stm32cube.ide.mcu.externaltools.gnu-tools-for-stm32.7-2018-q2-update.linux64_1.4.0.202007081208/tools/bin/../lib/gcc/arm-none-eabi/7.3.1/../../../../arm-none-eabi/lib/thumb/v7e-m/fpv4-sp/hard/libsupc++_nano.a
END GROUP
LOAD /opt/st/stm32cubeide_1.4.0/plugins/com.st.stm32cube.ide.mcu.externaltools.gnu-tools-for-stm32.7-2018-q2-update.linux64_1.4.0.202007081208/tools/bin/../lib/gcc/arm-none-eabi/7.3.1/../../../../arm-none-eabi/lib/thumb/v7e-m/fpv4-sp/hard/libstdc++_nano.a
LOAD /opt/st/stm32cubeide_1.4.0/plugins/com.st.stm32cube.ide.mcu.externaltools.gnu-tools-for-stm32.7-2018-q2-update.linux64_1.4.0.202007081208/tools/bin/../lib/gcc/arm-none-eabi/7.3.1/../../../../arm-none-eabi/lib/thumb/v7e-m/fpv4-sp/hard/libm.a
LOAD /opt/st/stm32cubeide_1.4.0/plugins/com.st.stm32cube.ide.mcu.externaltools.gnu-tools-for-stm32.7-2018-q2-update.linux64_1.4.0.202007081208/tools/bin/../lib/gcc/arm-none-eabi/7.3.1/../../../../arm-none-eabi/lib/thumb/v7e-m/fpv4-sp/hard/libc_nano.a
START GROUP
LOAD /opt/st/stm32cubeide_1.4.0/plugins/com.st.stm32cube.ide.mcu.externaltools.gnu-tools-for-stm32.7-2018-q2-update.linux64_1.4.0.202007081208/tools/bin/../lib/gcc/arm-none-eabi/7.3.1/thumb/v7e-m/fpv4-sp/hard/libgcc.a
LOAD /opt/st/stm32cubeide_1.4.0/plugins/com.st.stm32cube.ide.mcu.externaltools.gnu-tools-for-stm32.7-2018-q2-update.linux64_1.4.0.202007081208/tools/bin/../lib/gcc/arm-none-eabi/7.3.1/../../../../arm-none-eabi/lib/thumb/v7e-m/fpv4-sp/hard/libc_nano.a
END GROUP
START GROUP
LOAD /opt/st/stm32cubeide_1.4.0/plugins/com.st.stm32cube.ide.mcu.externaltools.gnu-tools-for-stm32.7-2018-q2-update.linux64_1.4.0.202007081208/tools/bin/../lib/gcc/arm-none-eabi/7.3.1/thumb/v7e-m/fpv4-sp/hard/libgcc.a
LOAD /opt/st/stm32cubeide_1.4.0/plugins/com.st.stm32cube.ide.mcu.externaltools.gnu-tools-for-stm32.7-2018-q2-update.linux64_1.4.0.202007081208/tools/bin/../lib/gcc/arm-none-eabi/7.3.1/../../../../arm-none-eabi/lib/thumb/v7e-m/fpv4-sp/hard/libc_nano.a
END GROUP
LOAD /opt/st/stm32cubeide_1.4.0/plugins/com.st.stm32cube.ide.mcu.externaltools.gnu-tools-for-stm32.7-2018-q2-update.linux64_1.4.0.202007081208/tools/bin/../lib/gcc/arm-none-eabi/7.3.1/thumb/v7e-m/fpv4-sp/hard/crtend.o
LOAD /opt/st/stm32cubeide_1.4.0/plugins/com.st.stm32cube.ide.mcu.externaltools.gnu-tools-for-stm32.7-2018-q2-update.linux64_1.4.0.202007081208/tools/bin/../lib/gcc/arm-none-eabi/7.3.1/thumb/v7e-m/fpv4-sp/hard/crtn.o
                0x0000000020020000                _estack = (ORIGIN (RAM) + LENGTH (RAM))
                0x0000000000000200                _Min_Heap_Size = 0x200
                0x0000000000000400                _Min_Stack_Size = 0x400

.isr_vector     0x0000000008000000      0x188
                0x0000000008000000                . = ALIGN (0x4)
 *(.isr_vector)
 .isr_vector    0x0000000008000000      0x188 Core/Startup/startup_stm32f405rgtx.o
                0x0000000008000000                g_pfnVectors
                0x0000000008000188                . = ALIGN (0x4)

.text           0x0000000008000190     0xf4e0
                0x0000000008000190                . = ALIGN (0x4)
 *(.text)
 .text          0x0000000008000190       0x40 /opt/st/stm32cubeide_1.4.0/plugins/com.st.stm32cube.ide.mcu.externaltools.gnu-tools-for-stm32.7-2018-q2-update.linux64_1.4.0.202007081208/tools/bin/../lib/gcc/arm-none-eabi/7.3.1/thumb/v7e-m/fpv4-sp/hard/crtbegin.o
 .text          0x00000000080001d0       0x10 /opt/st/stm32cubeide_1.4.0/plugins/com.st.stm32cube.ide.mcu.externaltools.gnu-tools-for-stm32.7-2018-q2-update.linux64_1.4.0.202007081208/tools/bin/../lib/gcc/arm-none-eabi/7.3.1/../../../../arm-none-eabi/lib/thumb/v7e-m/fpv4-sp/hard/libc_nano.a(lib_a-strlen.o)
                0x00000000080001d0                strlen
 .text          0x00000000080001e0       0x30 /opt/st/stm32cubeide_1.4.0/plugins/com.st.stm32cube.ide.mcu.externaltools.gnu-tools-for-stm32.7-2018-q2-update.linux64_1.4.0.202007081208/tools/bin/../lib/gcc/arm-none-eabi/7.3.1/thumb/v7e-m/fpv4-sp/hard/libgcc.a(_aeabi_uldivmod.o)
                0x00000000080001e0                __aeabi_uldivmod
 .text          0x0000000008000210      0x2cc /opt/st/stm32cubeide_1.4.0/plugins/com.st.stm32cube.ide.mcu.externaltools.gnu-tools-for-stm32.7-2018-q2-update.linux64_1.4.0.202007081208/tools/bin/../lib/gcc/arm-none-eabi/7.3.1/thumb/v7e-m/fpv4-sp/hard/libgcc.a(_udivmoddi4.o)
                0x0000000008000210                __udivmoddi4
 .text          0x00000000080004dc        0x4 /opt/st/stm32cubeide_1.4.0/plugins/com.st.stm32cube.ide.mcu.externaltools.gnu-tools-for-stm32.7-2018-q2-update.linux64_1.4.0.202007081208/tools/bin/../lib/gcc/arm-none-eabi/7.3.1/thumb/v7e-m/fpv4-sp/hard/libgcc.a(_dvmd_tls.o)
                0x00000000080004dc                __aeabi_ldiv0
                0x00000000080004dc                __aeabi_idiv0
 *(.text*)
 .text.vApplicationGetIdleTaskMemory
                0x00000000080004e0       0x34 Core/Src/freertos.o
                0x00000000080004e0                vApplicationGetIdleTaskMemory
 .text.main     0x0000000008000514      0x1e4 Core/Src/main.o
                0x0000000008000514                main
 .text.SystemClock_Config
                0x00000000080006f8       0xd4 Core/Src/main.o
                0x00000000080006f8                SystemClock_Config
 .text.MX_CAN1_Init
                0x00000000080007cc       0x6c Core/Src/main.o
 .text.MX_I2C1_Init
                0x0000000008000838       0x5c Core/Src/main.o
 .text.MX_GPIO_Init
                0x0000000008000894       0x6c Core/Src/main.o
 .text.HAL_CAN_RxFifo0MsgPendingCallback
                0x0000000008000900      0x230 Core/Src/main.o
                0x0000000008000900                HAL_CAN_RxFifo0MsgPendingCallback
 .text.StartDefaultTask
                0x0000000008000b30       0x48 Core/Src/main.o
                0x0000000008000b30                StartDefaultTask
 .text.StartTask02
                0x0000000008000b78       0x3c Core/Src/main.o
                0x0000000008000b78                StartTask02
 .text.StartTask03
                0x0000000008000bb4       0xf4 Core/Src/main.o
                0x0000000008000bb4                StartTask03
 .text.StartTask04
                0x0000000008000ca8       0x36 Core/Src/main.o
                0x0000000008000ca8                StartTask04
 .text.StartTask05
                0x0000000008000cde       0x14 Core/Src/main.o
                0x0000000008000cde                StartTask05
 .text.StartTask06
                0x0000000008000cf2       0x4a Core/Src/main.o
                0x0000000008000cf2                StartTask06
 .text.HAL_TIM_PeriodElapsedCallback
                0x0000000008000d3c       0x30 Core/Src/main.o
                0x0000000008000d3c                HAL_TIM_PeriodElapsedCallback
 .text.Error_Handler
                0x0000000008000d6c        0xe Core/Src/main.o
                0x0000000008000d6c                Error_Handler
 *fill*         0x0000000008000d7a        0x2 
 .text.error    0x0000000008000d7c       0x84 Core/Src/mpu9250_usr.o
                0x0000000008000d7c                error
 .text.sensor_io_read
                0x0000000008000e00       0x26 Core/Src/mpu9250_usr.o
                0x0000000008000e00                sensor_io_read
 *fill*         0x0000000008000e26        0x2 
 .text.I2Cx_ReadData
                0x0000000008000e28       0x5c Core/Src/mpu9250_usr.o
                0x0000000008000e28                I2Cx_ReadData
 .text.read_id  0x0000000008000e84       0x28 Core/Src/mpu9250_usr.o
                0x0000000008000e84                read_id
 .text.MPU9250_init
                0x0000000008000eac       0x44 Core/Src/mpu9250_usr.o
                0x0000000008000eac                MPU9250_init
 .text.MPU9250_calibrate
                0x0000000008000ef0      0x430 Core/Src/mpu9250_usr.o
                0x0000000008000ef0                MPU9250_calibrate
 .text.MPU9250_getAllData
                0x0000000008001320      0x234 Core/Src/mpu9250_usr.o
                0x0000000008001320                MPU9250_getAllData
 .text.filter   0x0000000008001554       0xcc Core/Src/mpu9250_usr.o
                0x0000000008001554                filter
 .text.MPU9250_writeReg
                0x0000000008001620       0x40 Core/Src/mpu9250_usr.o
                0x0000000008001620                MPU9250_writeReg
 .text.MPU9250_readReg
                0x0000000008001660       0x40 Core/Src/mpu9250_usr.o
                0x0000000008001660                MPU9250_readReg
 .text.MPU9250_readReg16Bit
                0x00000000080016a0       0x40 Core/Src/mpu9250_usr.o
                0x00000000080016a0                MPU9250_readReg16Bit
 .text.MPU9250_readMulti
                0x00000000080016e0       0x48 Core/Src/mpu9250_usr.o
                0x00000000080016e0                MPU9250_readMulti
 .text.HAL_MspInit
                0x0000000008001728       0x5c Core/Src/stm32f4xx_hal_msp.o
                0x0000000008001728                HAL_MspInit
 .text.HAL_CAN_MspInit
                0x0000000008001784       0xb0 Core/Src/stm32f4xx_hal_msp.o
                0x0000000008001784                HAL_CAN_MspInit
 .text.HAL_I2C_MspInit
                0x0000000008001834       0xa0 Core/Src/stm32f4xx_hal_msp.o
                0x0000000008001834                HAL_I2C_MspInit
 .text.HAL_InitTick
                0x00000000080018d4       0xb4 Core/Src/stm32f4xx_hal_timebase_tim.o
                0x00000000080018d4                HAL_InitTick
 .text.NMI_Handler
                0x0000000008001988        0xe Core/Src/stm32f4xx_it.o
                0x0000000008001988                NMI_Handler
 .text.HardFault_Handler
                0x0000000008001996        0x6 Core/Src/stm32f4xx_it.o
                0x0000000008001996                HardFault_Handler
 .text.MemManage_Handler
                0x000000000800199c        0x6 Core/Src/stm32f4xx_it.o
                0x000000000800199c                MemManage_Handler
 .text.BusFault_Handler
                0x00000000080019a2        0x6 Core/Src/stm32f4xx_it.o
                0x00000000080019a2                BusFault_Handler
 .text.UsageFault_Handler
                0x00000000080019a8        0x6 Core/Src/stm32f4xx_it.o
                0x00000000080019a8                UsageFault_Handler
 .text.DebugMon_Handler
                0x00000000080019ae        0xe Core/Src/stm32f4xx_it.o
                0x00000000080019ae                DebugMon_Handler
 .text.RCC_IRQHandler
                0x00000000080019bc        0xe Core/Src/stm32f4xx_it.o
                0x00000000080019bc                RCC_IRQHandler
 *fill*         0x00000000080019ca        0x2 
 .text.CAN1_RX0_IRQHandler
                0x00000000080019cc       0x14 Core/Src/stm32f4xx_it.o
                0x00000000080019cc                CAN1_RX0_IRQHandler
 .text.CAN1_RX1_IRQHandler
                0x00000000080019e0       0x14 Core/Src/stm32f4xx_it.o
                0x00000000080019e0                CAN1_RX1_IRQHandler
 .text.TIM3_IRQHandler
                0x00000000080019f4       0x14 Core/Src/stm32f4xx_it.o
                0x00000000080019f4                TIM3_IRQHandler
 .text.I2C1_EV_IRQHandler
                0x0000000008001a08       0x14 Core/Src/stm32f4xx_it.o
                0x0000000008001a08                I2C1_EV_IRQHandler
 .text.OTG_FS_IRQHandler
                0x0000000008001a1c       0x14 Core/Src/stm32f4xx_it.o
                0x0000000008001a1c                OTG_FS_IRQHandler
 .text._getpid  0x0000000008001a30       0x10 Core/Src/syscalls.o
                0x0000000008001a30                _getpid
 .text._kill    0x0000000008001a40       0x20 Core/Src/syscalls.o
                0x0000000008001a40                _kill
 .text._exit    0x0000000008001a60       0x14 Core/Src/syscalls.o
                0x0000000008001a60                _exit
 .text._sbrk    0x0000000008001a74       0x6c Core/Src/sysmem.o
                0x0000000008001a74                _sbrk
 .text.SystemInit
                0x0000000008001ae0       0x2c Core/Src/system_stm32f4xx.o
                0x0000000008001ae0                SystemInit
 .text.Reset_Handler
                0x0000000008001b0c       0x50 Core/Startup/startup_stm32f405rgtx.o
                0x0000000008001b0c                Reset_Handler
 .text.Default_Handler
                0x0000000008001b5c        0x2 Core/Startup/startup_stm32f405rgtx.o
                0x0000000008001b5c                RTC_Alarm_IRQHandler
                0x0000000008001b5c                HASH_RNG_IRQHandler
                0x0000000008001b5c                EXTI2_IRQHandler
                0x0000000008001b5c                TIM8_CC_IRQHandler
                0x0000000008001b5c                TIM1_CC_IRQHandler
                0x0000000008001b5c                DMA2_Stream5_IRQHandler
                0x0000000008001b5c                DMA1_Stream5_IRQHandler
                0x0000000008001b5c                PVD_IRQHandler
                0x0000000008001b5c                SDIO_IRQHandler
                0x0000000008001b5c                TAMP_STAMP_IRQHandler
                0x0000000008001b5c                CAN2_RX1_IRQHandler
                0x0000000008001b5c                EXTI3_IRQHandler
                0x0000000008001b5c                TIM8_TRG_COM_TIM14_IRQHandler
                0x0000000008001b5c                TIM1_UP_TIM10_IRQHandler
                0x0000000008001b5c                TIM8_UP_TIM13_IRQHandler
                0x0000000008001b5c                I2C3_ER_IRQHandler
                0x0000000008001b5c                EXTI0_IRQHandler
                0x0000000008001b5c                I2C2_EV_IRQHandler
                0x0000000008001b5c                DMA1_Stream2_IRQHandler
                0x0000000008001b5c                FPU_IRQHandler
                0x0000000008001b5c                OTG_HS_WKUP_IRQHandler
                0x0000000008001b5c                CAN2_SCE_IRQHandler
                0x0000000008001b5c                DMA2_Stream2_IRQHandler
                0x0000000008001b5c                SPI1_IRQHandler
                0x0000000008001b5c                TIM6_DAC_IRQHandler
                0x0000000008001b5c                TIM1_BRK_TIM9_IRQHandler
                0x0000000008001b5c                CAN2_RX0_IRQHandler
                0x0000000008001b5c                DMA2_Stream3_IRQHandler
                0x0000000008001b5c                USART6_IRQHandler
                0x0000000008001b5c                USART3_IRQHandler
                0x0000000008001b5c                UART5_IRQHandler
                0x0000000008001b5c                DMA2_Stream0_IRQHandler
                0x0000000008001b5c                TIM4_IRQHandler
                0x0000000008001b5c                DMA1_Stream6_IRQHandler
                0x0000000008001b5c                DMA1_Stream1_IRQHandler
                0x0000000008001b5c                UART4_IRQHandler
                0x0000000008001b5c                TIM8_BRK_TIM12_IRQHandler
                0x0000000008001b5c                Default_Handler
                0x0000000008001b5c                EXTI15_10_IRQHandler
                0x0000000008001b5c                ADC_IRQHandler
                0x0000000008001b5c                DMA1_Stream7_IRQHandler
                0x0000000008001b5c                TIM7_IRQHandler
                0x0000000008001b5c                CAN2_TX_IRQHandler
                0x0000000008001b5c                TIM5_IRQHandler
                0x0000000008001b5c                DMA2_Stream7_IRQHandler
                0x0000000008001b5c                I2C3_EV_IRQHandler
                0x0000000008001b5c                EXTI9_5_IRQHandler
                0x0000000008001b5c                RTC_WKUP_IRQHandler
                0x0000000008001b5c                SPI2_IRQHandler
                0x0000000008001b5c                OTG_HS_EP1_IN_IRQHandler
                0x0000000008001b5c                DMA1_Stream0_IRQHandler
                0x0000000008001b5c                CAN1_TX_IRQHandler
                0x0000000008001b5c                EXTI4_IRQHandler
                0x0000000008001b5c                FSMC_IRQHandler
                0x0000000008001b5c                OTG_HS_EP1_OUT_IRQHandler
                0x0000000008001b5c                WWDG_IRQHandler
                0x0000000008001b5c                TIM2_IRQHandler
                0x0000000008001b5c                OTG_FS_WKUP_IRQHandler
                0x0000000008001b5c                TIM1_TRG_COM_TIM11_IRQHandler
                0x0000000008001b5c                OTG_HS_IRQHandler
                0x0000000008001b5c                EXTI1_IRQHandler
                0x0000000008001b5c                USART2_IRQHandler
                0x0000000008001b5c                I2C2_ER_IRQHandler
                0x0000000008001b5c                DMA2_Stream1_IRQHandler
                0x0000000008001b5c                CAN1_SCE_IRQHandler
                0x0000000008001b5c                FLASH_IRQHandler
                0x0000000008001b5c                DMA2_Stream4_IRQHandler
                0x0000000008001b5c                USART1_IRQHandler
                0x0000000008001b5c                SPI3_IRQHandler
                0x0000000008001b5c                DMA1_Stream4_IRQHandler
                0x0000000008001b5c                I2C1_ER_IRQHandler
                0x0000000008001b5c                DMA2_Stream6_IRQHandler
                0x0000000008001b5c                DMA1_Stream3_IRQHandler
 *fill*         0x0000000008001b5e        0x2 
 .text._ZN3ros16normalizeSecNSecERmS0_
                0x0000000008001b60       0x58 Core/ros_lib/time.o
                0x0000000008001b60                ros::normalizeSecNSec(unsigned long&, unsigned long&)
 .text._ZN3ros3Msg19serializeAvrFloat64EPhf
                0x0000000008001bb8       0xd8 Core/usr/cpp_main.o
                0x0000000008001bb8                ros::Msg::serializeAvrFloat64(unsigned char*, float)
 .text._ZN3ros3Msg21deserializeAvrFloat64EPKhPf
                0x0000000008001c90       0xc0 Core/usr/cpp_main.o
                0x0000000008001c90                ros::Msg::deserializeAvrFloat64(unsigned char const*, float*)
 .text._ZN3ros4TimeC2Ev
                0x0000000008001d50       0x22 Core/usr/cpp_main.o
                0x0000000008001d50                ros::Time::Time()
                0x0000000008001d50                ros::Time::Time()
 *fill*         0x0000000008001d72        0x2 
 .text._ZN3ros3MsgC2Ev
                0x0000000008001d74       0x20 Core/usr/cpp_main.o
                0x0000000008001d74                ros::Msg::Msg()
                0x0000000008001d74                ros::Msg::Msg()
 .text._ZN8std_msgs4TimeC2Ev
                0x0000000008001d94       0x30 Core/usr/cpp_main.o
                0x0000000008001d94                std_msgs::Time::Time()
                0x0000000008001d94                std_msgs::Time::Time()
 .text._ZNK8std_msgs4Time9serializeEPh
                0x0000000008001dc4       0xb0 Core/usr/cpp_main.o
                0x0000000008001dc4                std_msgs::Time::serialize(unsigned char*) const
 .text._ZN8std_msgs4Time11deserializeEPh
                0x0000000008001e74       0xc8 Core/usr/cpp_main.o
                0x0000000008001e74                std_msgs::Time::deserialize(unsigned char*)
 .text._ZN8std_msgs4Time7getTypeEv
                0x0000000008001f3c       0x1c Core/usr/cpp_main.o
                0x0000000008001f3c                std_msgs::Time::getType()
 .text._ZN8std_msgs4Time6getMD5Ev
                0x0000000008001f58       0x1c Core/usr/cpp_main.o
                0x0000000008001f58                std_msgs::Time::getMD5()
 .text._ZN14rosserial_msgs9TopicInfoC2Ev
                0x0000000008001f74       0x48 Core/usr/cpp_main.o
                0x0000000008001f74                rosserial_msgs::TopicInfo::TopicInfo()
                0x0000000008001f74                rosserial_msgs::TopicInfo::TopicInfo()
 .text._ZNK14rosserial_msgs9TopicInfo9serializeEPh
                0x0000000008001fbc      0x136 Core/usr/cpp_main.o
                0x0000000008001fbc                rosserial_msgs::TopicInfo::serialize(unsigned char*) const
 .text._ZN14rosserial_msgs9TopicInfo11deserializeEPh
                0x00000000080020f2      0x1d0 Core/usr/cpp_main.o
                0x00000000080020f2                rosserial_msgs::TopicInfo::deserialize(unsigned char*)
 *fill*         0x00000000080022c2        0x2 
 .text._ZN14rosserial_msgs9TopicInfo7getTypeEv
                0x00000000080022c4       0x1c Core/usr/cpp_main.o
                0x00000000080022c4                rosserial_msgs::TopicInfo::getType()
 .text._ZN14rosserial_msgs9TopicInfo6getMD5Ev
                0x00000000080022e0       0x1c Core/usr/cpp_main.o
                0x00000000080022e0                rosserial_msgs::TopicInfo::getMD5()
 .text._ZN14rosserial_msgs3LogC2Ev
                0x00000000080022fc       0x34 Core/usr/cpp_main.o
                0x00000000080022fc                rosserial_msgs::Log::Log()
                0x00000000080022fc                rosserial_msgs::Log::Log()
 .text._ZNK14rosserial_msgs3Log9serializeEPh
                0x0000000008002330       0x64 Core/usr/cpp_main.o
                0x0000000008002330                rosserial_msgs::Log::serialize(unsigned char*) const
 .text._ZN14rosserial_msgs3Log11deserializeEPh
                0x0000000008002394       0x90 Core/usr/cpp_main.o
                0x0000000008002394                rosserial_msgs::Log::deserialize(unsigned char*)
 .text._ZN14rosserial_msgs3Log7getTypeEv
                0x0000000008002424       0x1c Core/usr/cpp_main.o
                0x0000000008002424                rosserial_msgs::Log::getType()
 .text._ZN14rosserial_msgs3Log6getMD5Ev
                0x0000000008002440       0x1c Core/usr/cpp_main.o
                0x0000000008002440                rosserial_msgs::Log::getMD5()
 .text._ZN14rosserial_msgs20RequestParamResponseC2Ev
                0x000000000800245c       0x48 Core/usr/cpp_main.o
                0x000000000800245c                rosserial_msgs::RequestParamResponse::RequestParamResponse()
                0x000000000800245c                rosserial_msgs::RequestParamResponse::RequestParamResponse()
 .text._ZNK14rosserial_msgs20RequestParamResponse9serializeEPh
                0x00000000080024a4      0x222 Core/usr/cpp_main.o
                0x00000000080024a4                rosserial_msgs::RequestParamResponse::serialize(unsigned char*) const
 .text._ZN14rosserial_msgs20RequestParamResponse11deserializeEPh
                0x00000000080026c6      0x2e2 Core/usr/cpp_main.o
                0x00000000080026c6                rosserial_msgs::RequestParamResponse::deserialize(unsigned char*)
 .text._ZN14rosserial_msgs20RequestParamResponse7getTypeEv
                0x00000000080029a8       0x1c Core/usr/cpp_main.o
                0x00000000080029a8                rosserial_msgs::RequestParamResponse::getType()
 .text._ZN14rosserial_msgs20RequestParamResponse6getMD5Ev
                0x00000000080029c4       0x1c Core/usr/cpp_main.o
                0x00000000080029c4                rosserial_msgs::RequestParamResponse::getMD5()
 .text._ZN3ros9PublisherC2EPKcPNS_3MsgEi
                0x00000000080029e0       0x2e Core/usr/cpp_main.o
                0x00000000080029e0                ros::Publisher::Publisher(char const*, ros::Msg*, int)
                0x00000000080029e0                ros::Publisher::Publisher(char const*, ros::Msg*, int)
 .text._ZN3ros9Publisher7publishEPKNS_3MsgE
                0x0000000008002a0e       0x28 Core/usr/cpp_main.o
                0x0000000008002a0e                ros::Publisher::publish(ros::Msg const*)
 .text._ZN3ros9Publisher15getEndpointTypeEv
                0x0000000008002a36       0x18 Core/usr/cpp_main.o
                0x0000000008002a36                ros::Publisher::getEndpointType()
 .text._ZN13STM32HardwareC2Ev
                0x0000000008002a4e       0x16 Core/usr/cpp_main.o
                0x0000000008002a4e                STM32Hardware::STM32Hardware()
                0x0000000008002a4e                STM32Hardware::STM32Hardware()
 .text._ZN13STM32Hardware4initEv
                0x0000000008002a64       0x14 Core/usr/cpp_main.o
                0x0000000008002a64                STM32Hardware::init()
 .text._ZN13STM32Hardware4readEv
                0x0000000008002a78       0x34 Core/usr/cpp_main.o
                0x0000000008002a78                STM32Hardware::read()
 .text._ZN13STM32Hardware5writeEPhi
                0x0000000008002aac       0x20 Core/usr/cpp_main.o
                0x0000000008002aac                STM32Hardware::write(unsigned char*, int)
 .text._ZN13STM32Hardware4timeEv
                0x0000000008002acc       0x16 Core/usr/cpp_main.o
                0x0000000008002acc                STM32Hardware::time()
 *fill*         0x0000000008002ae2        0x2 
 .text._ZN8std_msgs4Int8C2Ev
                0x0000000008002ae4       0x2c Core/usr/cpp_main.o
                0x0000000008002ae4                std_msgs::Int8::Int8()
                0x0000000008002ae4                std_msgs::Int8::Int8()
 .text._ZNK8std_msgs4Int89serializeEPh
                0x0000000008002b10       0x34 Core/usr/cpp_main.o
                0x0000000008002b10                std_msgs::Int8::serialize(unsigned char*) const
 .text._ZN8std_msgs4Int811deserializeEPh
                0x0000000008002b44       0x3e Core/usr/cpp_main.o
                0x0000000008002b44                std_msgs::Int8::deserialize(unsigned char*)
 *fill*         0x0000000008002b82        0x2 
 .text._ZN8std_msgs4Int87getTypeEv
                0x0000000008002b84       0x1c Core/usr/cpp_main.o
                0x0000000008002b84                std_msgs::Int8::getType()
 .text._ZN8std_msgs4Int86getMD5Ev
                0x0000000008002ba0       0x1c Core/usr/cpp_main.o
                0x0000000008002ba0                std_msgs::Int8::getMD5()
 .text._ZN8std_msgs19MultiArrayDimensionC2Ev
                0x0000000008002bbc       0x3c Core/usr/cpp_main.o
                0x0000000008002bbc                std_msgs::MultiArrayDimension::MultiArrayDimension()
                0x0000000008002bbc                std_msgs::MultiArrayDimension::MultiArrayDimension()
 .text._ZNK8std_msgs19MultiArrayDimension9serializeEPh
                0x0000000008002bf8       0xe6 Core/usr/cpp_main.o
                0x0000000008002bf8                std_msgs::MultiArrayDimension::serialize(unsigned char*) const
 .text._ZN8std_msgs19MultiArrayDimension11deserializeEPh
                0x0000000008002cde      0x12a Core/usr/cpp_main.o
                0x0000000008002cde                std_msgs::MultiArrayDimension::deserialize(unsigned char*)
 .text._ZN8std_msgs19MultiArrayDimension7getTypeEv
                0x0000000008002e08       0x1c Core/usr/cpp_main.o
                0x0000000008002e08                std_msgs::MultiArrayDimension::getType()
 .text._ZN8std_msgs19MultiArrayDimension6getMD5Ev
                0x0000000008002e24       0x1c Core/usr/cpp_main.o
                0x0000000008002e24                std_msgs::MultiArrayDimension::getMD5()
 .text._ZN8std_msgs16MultiArrayLayoutC2Ev
                0x0000000008002e40       0x40 Core/usr/cpp_main.o
                0x0000000008002e40                std_msgs::MultiArrayLayout::MultiArrayLayout()
                0x0000000008002e40                std_msgs::MultiArrayLayout::MultiArrayLayout()
 .text._ZNK8std_msgs16MultiArrayLayout9serializeEPh
                0x0000000008002e80       0xec Core/usr/cpp_main.o
                0x0000000008002e80                std_msgs::MultiArrayLayout::serialize(unsigned char*) const
 .text._ZN8std_msgs16MultiArrayLayout11deserializeEPh
                0x0000000008002f6c      0x120 Core/usr/cpp_main.o
                0x0000000008002f6c                std_msgs::MultiArrayLayout::deserialize(unsigned char*)
 .text._ZN8std_msgs16MultiArrayLayout7getTypeEv
                0x000000000800308c       0x1c Core/usr/cpp_main.o
                0x000000000800308c                std_msgs::MultiArrayLayout::getType()
 .text._ZN8std_msgs16MultiArrayLayout6getMD5Ev
                0x00000000080030a8       0x1c Core/usr/cpp_main.o
                0x00000000080030a8                std_msgs::MultiArrayLayout::getMD5()
 .text._ZN8std_msgs15UInt8MultiArrayC2Ev
                0x00000000080030c4       0x3c Core/usr/cpp_main.o
                0x00000000080030c4                std_msgs::UInt8MultiArray::UInt8MultiArray()
                0x00000000080030c4                std_msgs::UInt8MultiArray::UInt8MultiArray()
 .text._ZNK8std_msgs15UInt8MultiArray9serializeEPh
                0x0000000008003100       0xa8 Core/usr/cpp_main.o
                0x0000000008003100                std_msgs::UInt8MultiArray::serialize(unsigned char*) const
 .text._ZN8std_msgs15UInt8MultiArray11deserializeEPh
                0x00000000080031a8       0xd2 Core/usr/cpp_main.o
                0x00000000080031a8                std_msgs::UInt8MultiArray::deserialize(unsigned char*)
 *fill*         0x000000000800327a        0x2 
 .text._ZN8std_msgs15UInt8MultiArray7getTypeEv
                0x000000000800327c       0x1c Core/usr/cpp_main.o
                0x000000000800327c                std_msgs::UInt8MultiArray::getType()
 .text._ZN8std_msgs15UInt8MultiArray6getMD5Ev
                0x0000000008003298       0x1c Core/usr/cpp_main.o
                0x0000000008003298                std_msgs::UInt8MultiArray::getMD5()
 .text._ZN13geometry_msgs7Vector3C2Ev
                0x00000000080032b4       0x3c Core/usr/cpp_main.o
                0x00000000080032b4                geometry_msgs::Vector3::Vector3()
                0x00000000080032b4                geometry_msgs::Vector3::Vector3()
 .text._ZNK13geometry_msgs7Vector39serializeEPh
                0x00000000080032f0       0x72 Core/usr/cpp_main.o
                0x00000000080032f0                geometry_msgs::Vector3::serialize(unsigned char*) const
 .text._ZN13geometry_msgs7Vector311deserializeEPh
                0x0000000008003362       0x66 Core/usr/cpp_main.o
                0x0000000008003362                geometry_msgs::Vector3::deserialize(unsigned char*)
 .text._ZN13geometry_msgs7Vector37getTypeEv
                0x00000000080033c8       0x1c Core/usr/cpp_main.o
                0x00000000080033c8                geometry_msgs::Vector3::getType()
 .text._ZN13geometry_msgs7Vector36getMD5Ev
                0x00000000080033e4       0x1c Core/usr/cpp_main.o
                0x00000000080033e4                geometry_msgs::Vector3::getMD5()
 .text.rpm_rightFront_subCb
                0x0000000008003400       0x74 Core/usr/cpp_main.o
                0x0000000008003400                rpm_rightFront_subCb
 .text.rpm_leftFront_subCb
                0x0000000008003474       0x6c Core/usr/cpp_main.o
                0x0000000008003474                rpm_leftFront_subCb
 .text.rpm_rightBack_subCb
                0x00000000080034e0       0x6c Core/usr/cpp_main.o
                0x00000000080034e0                rpm_rightBack_subCb
 .text.rpm_leftBack_subCb
                0x000000000800354c       0x6c Core/usr/cpp_main.o
                0x000000000800354c                rpm_leftBack_subCb
 .text.cdc_receive_put
                0x00000000080035b8       0x20 Core/usr/cpp_main.o
                0x00000000080035b8                cdc_receive_put
 .text.init_ROS
                0x00000000080035d8      0x154 Core/usr/cpp_main.o
                0x00000000080035d8                init_ROS
 .text.sensors1_3_data_handler
                0x000000000800372c       0x6c Core/usr/cpp_main.o
                0x000000000800372c                sensors1_3_data_handler
 .text.sensors4_6_data_handler
                0x0000000008003798       0x6c Core/usr/cpp_main.o
                0x0000000008003798                sensors4_6_data_handler
 .text.rpm_right_front_handler
                0x0000000008003804       0x64 Core/usr/cpp_main.o
                0x0000000008003804                rpm_right_front_handler
 .text.rpm_left_front_handler
                0x0000000008003868       0x64 Core/usr/cpp_main.o
                0x0000000008003868                rpm_left_front_handler
 .text.rpm_right_back_handler
                0x00000000080038cc       0x64 Core/usr/cpp_main.o
                0x00000000080038cc                rpm_right_back_handler
 .text.rpm_left_back_handler
                0x0000000008003930       0x64 Core/usr/cpp_main.o
                0x0000000008003930                rpm_left_back_handler
 .text.gyro_handler
                0x0000000008003994       0x4c Core/usr/cpp_main.o
                0x0000000008003994                gyro_handler
 .text.accel_handler
                0x00000000080039e0       0x4c Core/usr/cpp_main.o
                0x00000000080039e0                accel_handler
 .text.spinOnce
                0x0000000008003a2c       0x14 Core/usr/cpp_main.o
                0x0000000008003a2c                spinOnce
 .text._ZN3ros3Msg8varToArrIPhmEEvT_T0_
                0x0000000008003a40       0x3c Core/usr/cpp_main.o
                0x0000000008003a40                void ros::Msg::varToArr<unsigned char*, unsigned long>(unsigned char*, unsigned long)
 .text._ZN3ros3Msg8arrToVarImPhEEvRT_T0_
                0x0000000008003a7c       0x4a Core/usr/cpp_main.o
                0x0000000008003a7c                void ros::Msg::arrToVar<unsigned long, unsigned char*>(unsigned long&, unsigned char*)
 *fill*         0x0000000008003ac6        0x2 
 .text._ZN3ros15NodeHandleBase_C2Ev
                0x0000000008003ac8       0x20 Core/usr/cpp_main.o
                0x0000000008003ac8                ros::NodeHandleBase_::NodeHandleBase_()
                0x0000000008003ac8                ros::NodeHandleBase_::NodeHandleBase_()
 .text._ZN3ros11NodeHandle_I13STM32HardwareLi25ELi25ELi512ELi512EEC2Ev
                0x0000000008003ae8       0xfc Core/usr/cpp_main.o
                0x0000000008003ae8                ros::NodeHandle_<STM32Hardware, 25, 25, 512, 512>::NodeHandle_()
                0x0000000008003ae8                ros::NodeHandle_<STM32Hardware, 25, 25, 512, 512>::NodeHandle_()
 .text._ZN3ros11Subscriber_C2Ev
                0x0000000008003be4       0x20 Core/usr/cpp_main.o
                0x0000000008003be4                ros::Subscriber_::Subscriber_()
                0x0000000008003be4                ros::Subscriber_::Subscriber_()
 .text._ZN3ros10SubscriberIN8std_msgs4Int8EvEC2EPKcPFvRKS2_Ei
                0x0000000008003c04       0x48 Core/usr/cpp_main.o
                0x0000000008003c04                ros::Subscriber<std_msgs::Int8, void>::Subscriber(char const*, void (*)(std_msgs::Int8 const&), int)
                0x0000000008003c04                ros::Subscriber<std_msgs::Int8, void>::Subscriber(char const*, void (*)(std_msgs::Int8 const&), int)
 .text._ZN3ros11NodeHandle_I13STM32HardwareLi25ELi25ELi512ELi512EE8initNodeEv
                0x0000000008003c4c       0x3a Core/usr/cpp_main.o
                0x0000000008003c4c                ros::NodeHandle_<STM32Hardware, 25, 25, 512, 512>::initNode()
 .text._ZN3ros11NodeHandle_I13STM32HardwareLi25ELi25ELi512ELi512EE9subscribeINS_10SubscriberIN8std_msgs4Int8EvEEEEbRT_
                0x0000000008003c86       0x5a Core/usr/cpp_main.o
                0x0000000008003c86                bool ros::NodeHandle_<STM32Hardware, 25, 25, 512, 512>::subscribe<ros::Subscriber<std_msgs::Int8, void> >(ros::Subscriber<std_msgs::Int8, void>&)
 .text._ZN3ros11NodeHandle_I13STM32HardwareLi25ELi25ELi512ELi512EE9advertiseERNS_9PublisherE
                0x0000000008003ce0       0x5c Core/usr/cpp_main.o
                0x0000000008003ce0                ros::NodeHandle_<STM32Hardware, 25, 25, 512, 512>::advertise(ros::Publisher&)
 .text._ZN3ros11NodeHandle_I13STM32HardwareLi25ELi25ELi512ELi512EE9connectedEv
                0x0000000008003d3c       0x1a Core/usr/cpp_main.o
                0x0000000008003d3c                ros::NodeHandle_<STM32Hardware, 25, 25, 512, 512>::connected()
 .text._ZN3ros11NodeHandle_I13STM32HardwareLi25ELi25ELi512ELi512EE8spinOnceEv
                0x0000000008003d56      0x3ac Core/usr/cpp_main.o
                0x0000000008003d56                ros::NodeHandle_<STM32Hardware, 25, 25, 512, 512>::spinOnce()
 .text._ZN3ros11NodeHandle_I13STM32HardwareLi25ELi25ELi512ELi512EE15requestSyncTimeEv
                0x0000000008004102       0x3a Core/usr/cpp_main.o
                0x0000000008004102                ros::NodeHandle_<STM32Hardware, 25, 25, 512, 512>::requestSyncTime()
 .text._ZN3ros11NodeHandle_I13STM32HardwareLi25ELi25ELi512ELi512EE15negotiateTopicsEv
                0x000000000800413c      0x1cc Core/usr/cpp_main.o
                0x000000000800413c                ros::NodeHandle_<STM32Hardware, 25, 25, 512, 512>::negotiateTopics()
 .text._ZN3ros11NodeHandle_I13STM32HardwareLi25ELi25ELi512ELi512EE8syncTimeEPh
                0x0000000008004308       0x94 Core/usr/cpp_main.o
                0x0000000008004308                ros::NodeHandle_<STM32Hardware, 25, 25, 512, 512>::syncTime(unsigned char*)
 .text._ZN3ros11NodeHandle_I13STM32HardwareLi25ELi25ELi512ELi512EE7publishEiPKNS_3MsgE
                0x000000000800439c      0x124 Core/usr/cpp_main.o
                0x000000000800439c                ros::NodeHandle_<STM32Hardware, 25, 25, 512, 512>::publish(int, ros::Msg const*)
 .text._ZN3ros11NodeHandle_I13STM32HardwareLi25ELi25ELi512ELi512EE6setNowERNS_4TimeE
                0x00000000080044c0       0x7c Core/usr/cpp_main.o
                0x00000000080044c0                ros::NodeHandle_<STM32Hardware, 25, 25, 512, 512>::setNow(ros::Time&)
 .text._ZN3ros11NodeHandle_I13STM32HardwareLi25ELi25ELi512ELi512EE8logerrorEPKc
                0x000000000800453c       0x1c Core/usr/cpp_main.o
                0x000000000800453c                ros::NodeHandle_<STM32Hardware, 25, 25, 512, 512>::logerror(char const*)
 .text._ZN3ros11NodeHandle_I13STM32HardwareLi25ELi25ELi512ELi512EE3logEcPKc
                0x0000000008004558       0x38 Core/usr/cpp_main.o
                0x0000000008004558                ros::NodeHandle_<STM32Hardware, 25, 25, 512, 512>::log(char, char const*)
 .text._Z41__static_initialization_and_destruction_0ii
                0x0000000008004590      0x1d8 Core/usr/cpp_main.o
 .text._ZN3ros10SubscriberIN8std_msgs4Int8EvE8callbackEPh
                0x0000000008004768       0x2a Core/usr/cpp_main.o
                0x0000000008004768                ros::Subscriber<std_msgs::Int8, void>::callback(unsigned char*)
 .text._ZN3ros10SubscriberIN8std_msgs4Int8EvE15getEndpointTypeEv
                0x0000000008004792       0x18 Core/usr/cpp_main.o
                0x0000000008004792                ros::Subscriber<std_msgs::Int8, void>::getEndpointType()
 .text._ZN3ros10SubscriberIN8std_msgs4Int8EvE10getMsgTypeEv
                0x00000000080047aa       0x1c Core/usr/cpp_main.o
                0x00000000080047aa                ros::Subscriber<std_msgs::Int8, void>::getMsgType()
 .text._ZN3ros10SubscriberIN8std_msgs4Int8EvE9getMsgMD5Ev
                0x00000000080047c6       0x1c Core/usr/cpp_main.o
                0x00000000080047c6                ros::Subscriber<std_msgs::Int8, void>::getMsgMD5()
 .text._GLOBAL__sub_I_rb
                0x00000000080047e2       0x10 Core/usr/cpp_main.o
 .text._Z8NBT_initP5nbt_tm
                0x00000000080047f2       0x22 Core/usr/nbt.o
                0x00000000080047f2                NBT_init(nbt_t*, unsigned long)
 .text._Z11NBT_handlerP5nbt_t
                0x0000000008004814       0x3e Core/usr/nbt.o
                0x0000000008004814                NBT_handler(nbt_t*)
 .text._Z17ringbuffer_statusP10ringbuffer
                0x0000000008004852       0x4e Core/usr/ringbuffer.o
                0x0000000008004852                ringbuffer_status(ringbuffer*)
 .text._Z19ringbuffer_data_lenP10ringbuffer
                0x00000000080048a0       0x8a Core/usr/ringbuffer.o
                0x00000000080048a0                ringbuffer_data_len(ringbuffer*)
 .text._Z18ringbuffer_putcharP10ringbufferh
                0x000000000800492a       0xaa Core/usr/ringbuffer.o
                0x000000000800492a                ringbuffer_putchar(ringbuffer*, unsigned char)
 .text._Z18ringbuffer_getcharP10ringbufferPh
                0x00000000080049d4       0xa2 Core/usr/ringbuffer.o
                0x00000000080049d4                ringbuffer_getchar(ringbuffer*, unsigned char*)
 .text._Z15ringbuffer_initP10ringbufferPhs
                0x0000000008004a76       0x6e Core/usr/ringbuffer.o
                0x0000000008004a76                ringbuffer_init(ringbuffer*, unsigned char*, short)
 .text.HAL_Init
                0x0000000008004ae4       0x44 Drivers/STM32F4xx_HAL_Driver/Src/stm32f4xx_hal.o
                0x0000000008004ae4                HAL_Init
 .text.HAL_IncTick
                0x0000000008004b28       0x28 Drivers/STM32F4xx_HAL_Driver/Src/stm32f4xx_hal.o
                0x0000000008004b28                HAL_IncTick
 .text.HAL_GetTick
                0x0000000008004b50       0x18 Drivers/STM32F4xx_HAL_Driver/Src/stm32f4xx_hal.o
                0x0000000008004b50                HAL_GetTick
 .text.HAL_Delay
                0x0000000008004b68       0x44 Drivers/STM32F4xx_HAL_Driver/Src/stm32f4xx_hal.o
                0x0000000008004b68                HAL_Delay
 .text.HAL_CAN_Init
                0x0000000008004bac      0x1f6 Drivers/STM32F4xx_HAL_Driver/Src/stm32f4xx_hal_can.o
                0x0000000008004bac                HAL_CAN_Init
 *fill*         0x0000000008004da2        0x2 
 .text.HAL_CAN_ConfigFilter
                0x0000000008004da4      0x1c0 Drivers/STM32F4xx_HAL_Driver/Src/stm32f4xx_hal_can.o
                0x0000000008004da4                HAL_CAN_ConfigFilter
 .text.HAL_CAN_Start
                0x0000000008004f64       0x88 Drivers/STM32F4xx_HAL_Driver/Src/stm32f4xx_hal_can.o
                0x0000000008004f64                HAL_CAN_Start
 .text.HAL_CAN_AddTxMessage
                0x0000000008004fec      0x1b6 Drivers/STM32F4xx_HAL_Driver/Src/stm32f4xx_hal_can.o
                0x0000000008004fec                HAL_CAN_AddTxMessage
 .text.HAL_CAN_GetRxMessage
                0x00000000080051a2      0x224 Drivers/STM32F4xx_HAL_Driver/Src/stm32f4xx_hal_can.o
                0x00000000080051a2                HAL_CAN_GetRxMessage
 .text.HAL_CAN_ActivateNotification
                0x00000000080053c6       0x4c Drivers/STM32F4xx_HAL_Driver/Src/stm32f4xx_hal_can.o
                0x00000000080053c6                HAL_CAN_ActivateNotification
 .text.HAL_CAN_IRQHandler
                0x0000000008005412      0x362 Drivers/STM32F4xx_HAL_Driver/Src/stm32f4xx_hal_can.o
                0x0000000008005412                HAL_CAN_IRQHandler
 .text.HAL_CAN_TxMailbox0CompleteCallback
                0x0000000008005774       0x14 Drivers/STM32F4xx_HAL_Driver/Src/stm32f4xx_hal_can.o
                0x0000000008005774                HAL_CAN_TxMailbox0CompleteCallback
 .text.HAL_CAN_TxMailbox1CompleteCallback
                0x0000000008005788       0x14 Drivers/STM32F4xx_HAL_Driver/Src/stm32f4xx_hal_can.o
                0x0000000008005788                HAL_CAN_TxMailbox1CompleteCallback
 .text.HAL_CAN_TxMailbox2CompleteCallback
                0x000000000800579c       0x14 Drivers/STM32F4xx_HAL_Driver/Src/stm32f4xx_hal_can.o
                0x000000000800579c                HAL_CAN_TxMailbox2CompleteCallback
 .text.HAL_CAN_TxMailbox0AbortCallback
                0x00000000080057b0       0x14 Drivers/STM32F4xx_HAL_Driver/Src/stm32f4xx_hal_can.o
                0x00000000080057b0                HAL_CAN_TxMailbox0AbortCallback
 .text.HAL_CAN_TxMailbox1AbortCallback
                0x00000000080057c4       0x14 Drivers/STM32F4xx_HAL_Driver/Src/stm32f4xx_hal_can.o
                0x00000000080057c4                HAL_CAN_TxMailbox1AbortCallback
 .text.HAL_CAN_TxMailbox2AbortCallback
                0x00000000080057d8       0x14 Drivers/STM32F4xx_HAL_Driver/Src/stm32f4xx_hal_can.o
                0x00000000080057d8                HAL_CAN_TxMailbox2AbortCallback
 .text.HAL_CAN_RxFifo0FullCallback
                0x00000000080057ec       0x14 Drivers/STM32F4xx_HAL_Driver/Src/stm32f4xx_hal_can.o
                0x00000000080057ec                HAL_CAN_RxFifo0FullCallback
 .text.HAL_CAN_RxFifo1MsgPendingCallback
                0x0000000008005800       0x14 Drivers/STM32F4xx_HAL_Driver/Src/stm32f4xx_hal_can.o
                0x0000000008005800                HAL_CAN_RxFifo1MsgPendingCallback
 .text.HAL_CAN_RxFifo1FullCallback
                0x0000000008005814       0x14 Drivers/STM32F4xx_HAL_Driver/Src/stm32f4xx_hal_can.o
                0x0000000008005814                HAL_CAN_RxFifo1FullCallback
 .text.HAL_CAN_SleepCallback
                0x0000000008005828       0x14 Drivers/STM32F4xx_HAL_Driver/Src/stm32f4xx_hal_can.o
                0x0000000008005828                HAL_CAN_SleepCallback
 .text.HAL_CAN_WakeUpFromRxMsgCallback
                0x000000000800583c       0x14 Drivers/STM32F4xx_HAL_Driver/Src/stm32f4xx_hal_can.o
                0x000000000800583c                HAL_CAN_WakeUpFromRxMsgCallback
 .text.HAL_CAN_ErrorCallback
                0x0000000008005850       0x14 Drivers/STM32F4xx_HAL_Driver/Src/stm32f4xx_hal_can.o
                0x0000000008005850                HAL_CAN_ErrorCallback
 .text.__NVIC_SetPriorityGrouping
                0x0000000008005864       0x48 Drivers/STM32F4xx_HAL_Driver/Src/stm32f4xx_hal_cortex.o
 .text.__NVIC_GetPriorityGrouping
                0x00000000080058ac       0x1c Drivers/STM32F4xx_HAL_Driver/Src/stm32f4xx_hal_cortex.o
 .text.__NVIC_EnableIRQ
                0x00000000080058c8       0x3c Drivers/STM32F4xx_HAL_Driver/Src/stm32f4xx_hal_cortex.o
 .text.__NVIC_SetPriority
                0x0000000008005904       0x54 Drivers/STM32F4xx_HAL_Driver/Src/stm32f4xx_hal_cortex.o
 .text.NVIC_EncodePriority
                0x0000000008005958       0x66 Drivers/STM32F4xx_HAL_Driver/Src/stm32f4xx_hal_cortex.o
 .text.HAL_NVIC_SetPriorityGrouping
                0x00000000080059be       0x16 Drivers/STM32F4xx_HAL_Driver/Src/stm32f4xx_hal_cortex.o
                0x00000000080059be                HAL_NVIC_SetPriorityGrouping
 .text.HAL_NVIC_SetPriority
                0x00000000080059d4       0x38 Drivers/STM32F4xx_HAL_Driver/Src/stm32f4xx_hal_cortex.o
                0x00000000080059d4                HAL_NVIC_SetPriority
 .text.HAL_NVIC_EnableIRQ
                0x0000000008005a0c       0x1c Drivers/STM32F4xx_HAL_Driver/Src/stm32f4xx_hal_cortex.o
                0x0000000008005a0c                HAL_NVIC_EnableIRQ
 .text.HAL_DMA_Abort_IT
                0x0000000008005a28       0x44 Drivers/STM32F4xx_HAL_Driver/Src/stm32f4xx_hal_dma.o
                0x0000000008005a28                HAL_DMA_Abort_IT
 .text.HAL_DMA_GetState
                0x0000000008005a6c       0x1c Drivers/STM32F4xx_HAL_Driver/Src/stm32f4xx_hal_dma.o
                0x0000000008005a6c                HAL_DMA_GetState
 .text.HAL_GPIO_Init
                0x0000000008005a88      0x334 Drivers/STM32F4xx_HAL_Driver/Src/stm32f4xx_hal_gpio.o
                0x0000000008005a88                HAL_GPIO_Init
 .text.HAL_GPIO_TogglePin
                0x0000000008005dbc       0x36 Drivers/STM32F4xx_HAL_Driver/Src/stm32f4xx_hal_gpio.o
                0x0000000008005dbc                HAL_GPIO_TogglePin
 *fill*         0x0000000008005df2        0x2 
 .text.HAL_I2C_Init
                0x0000000008005df4      0x270 Drivers/STM32F4xx_HAL_Driver/Src/stm32f4xx_hal_i2c.o
                0x0000000008005df4                HAL_I2C_Init
 .text.HAL_I2C_Master_Transmit
                0x0000000008006064      0x1fc Drivers/STM32F4xx_HAL_Driver/Src/stm32f4xx_hal_i2c.o
                0x0000000008006064                HAL_I2C_Master_Transmit
 .text.HAL_I2C_Mem_Read
                0x0000000008006260      0x44c Drivers/STM32F4xx_HAL_Driver/Src/stm32f4xx_hal_i2c.o
                0x0000000008006260                HAL_I2C_Mem_Read
 .text.HAL_I2C_EV_IRQHandler
                0x00000000080066ac      0x2da Drivers/STM32F4xx_HAL_Driver/Src/stm32f4xx_hal_i2c.o
                0x00000000080066ac                HAL_I2C_EV_IRQHandler
 .text.HAL_I2C_MasterTxCpltCallback
                0x0000000008006986       0x14 Drivers/STM32F4xx_HAL_Driver/Src/stm32f4xx_hal_i2c.o
                0x0000000008006986                HAL_I2C_MasterTxCpltCallback
 .text.HAL_I2C_MasterRxCpltCallback
                0x000000000800699a       0x14 Drivers/STM32F4xx_HAL_Driver/Src/stm32f4xx_hal_i2c.o
                0x000000000800699a                HAL_I2C_MasterRxCpltCallback
 .text.HAL_I2C_SlaveTxCpltCallback
                0x00000000080069ae       0x14 Drivers/STM32F4xx_HAL_Driver/Src/stm32f4xx_hal_i2c.o
                0x00000000080069ae                HAL_I2C_SlaveTxCpltCallback
 .text.HAL_I2C_SlaveRxCpltCallback
                0x00000000080069c2       0x14 Drivers/STM32F4xx_HAL_Driver/Src/stm32f4xx_hal_i2c.o
                0x00000000080069c2                HAL_I2C_SlaveRxCpltCallback
 .text.HAL_I2C_AddrCallback
                0x00000000080069d6       0x1c Drivers/STM32F4xx_HAL_Driver/Src/stm32f4xx_hal_i2c.o
                0x00000000080069d6                HAL_I2C_AddrCallback
 .text.HAL_I2C_ListenCpltCallback
                0x00000000080069f2       0x14 Drivers/STM32F4xx_HAL_Driver/Src/stm32f4xx_hal_i2c.o
                0x00000000080069f2                HAL_I2C_ListenCpltCallback
 .text.HAL_I2C_MemTxCpltCallback
                0x0000000008006a06       0x14 Drivers/STM32F4xx_HAL_Driver/Src/stm32f4xx_hal_i2c.o
                0x0000000008006a06                HAL_I2C_MemTxCpltCallback
 .text.HAL_I2C_MemRxCpltCallback
                0x0000000008006a1a       0x14 Drivers/STM32F4xx_HAL_Driver/Src/stm32f4xx_hal_i2c.o
                0x0000000008006a1a                HAL_I2C_MemRxCpltCallback
 .text.HAL_I2C_ErrorCallback
                0x0000000008006a2e       0x14 Drivers/STM32F4xx_HAL_Driver/Src/stm32f4xx_hal_i2c.o
                0x0000000008006a2e                HAL_I2C_ErrorCallback
 .text.HAL_I2C_AbortCpltCallback
                0x0000000008006a42       0x14 Drivers/STM32F4xx_HAL_Driver/Src/stm32f4xx_hal_i2c.o
                0x0000000008006a42                HAL_I2C_AbortCpltCallback
 .text.I2C_MasterTransmit_TXE
                0x0000000008006a56      0x138 Drivers/STM32F4xx_HAL_Driver/Src/stm32f4xx_hal_i2c.o
 .text.I2C_MasterTransmit_BTF
                0x0000000008006b8e       0xd0 Drivers/STM32F4xx_HAL_Driver/Src/stm32f4xx_hal_i2c.o
 .text.I2C_MemoryTransmit_TXE_BTF
                0x0000000008006c5e      0x11e Drivers/STM32F4xx_HAL_Driver/Src/stm32f4xx_hal_i2c.o
 .text.I2C_MasterReceive_RXNE
                0x0000000008006d7c      0x162 Drivers/STM32F4xx_HAL_Driver/Src/stm32f4xx_hal_i2c.o
 .text.I2C_MasterReceive_BTF
                0x0000000008006ede      0x1d4 Drivers/STM32F4xx_HAL_Driver/Src/stm32f4xx_hal_i2c.o
 .text.I2C_Master_SB
                0x00000000080070b2      0x10c Drivers/STM32F4xx_HAL_Driver/Src/stm32f4xx_hal_i2c.o
 .text.I2C_Master_ADD10
                0x00000000080071be       0x54 Drivers/STM32F4xx_HAL_Driver/Src/stm32f4xx_hal_i2c.o
 .text.I2C_Master_ADDR
                0x0000000008007212      0x322 Drivers/STM32F4xx_HAL_Driver/Src/stm32f4xx_hal_i2c.o
 .text.I2C_SlaveTransmit_TXE
                0x0000000008007534       0x7a Drivers/STM32F4xx_HAL_Driver/Src/stm32f4xx_hal_i2c.o
 .text.I2C_SlaveTransmit_BTF
                0x00000000080075ae       0x42 Drivers/STM32F4xx_HAL_Driver/Src/stm32f4xx_hal_i2c.o
 .text.I2C_SlaveReceive_RXNE
                0x00000000080075f0       0x7c Drivers/STM32F4xx_HAL_Driver/Src/stm32f4xx_hal_i2c.o
 .text.I2C_SlaveReceive_BTF
                0x000000000800766c       0x44 Drivers/STM32F4xx_HAL_Driver/Src/stm32f4xx_hal_i2c.o
 .text.I2C_Slave_ADDR
                0x00000000080076b0       0x88 Drivers/STM32F4xx_HAL_Driver/Src/stm32f4xx_hal_i2c.o
 .text.I2C_Slave_STOPF
                0x0000000008007738      0x260 Drivers/STM32F4xx_HAL_Driver/Src/stm32f4xx_hal_i2c.o
 .text.I2C_ITError
                0x0000000008007998      0x264 Drivers/STM32F4xx_HAL_Driver/Src/stm32f4xx_hal_i2c.o
 .text.I2C_MasterRequestWrite
                0x0000000008007bfc      0x104 Drivers/STM32F4xx_HAL_Driver/Src/stm32f4xx_hal_i2c.o
 .text.I2C_RequestMemoryRead
                0x0000000008007d00      0x1d0 Drivers/STM32F4xx_HAL_Driver/Src/stm32f4xx_hal_i2c.o
 .text.I2C_DMAAbort
                0x0000000008007ed0      0x150 Drivers/STM32F4xx_HAL_Driver/Src/stm32f4xx_hal_i2c.o
 .text.I2C_WaitOnFlagUntilTimeout
                0x0000000008008020       0xae Drivers/STM32F4xx_HAL_Driver/Src/stm32f4xx_hal_i2c.o
 .text.I2C_WaitOnMasterAddressFlagUntilTimeout
                0x00000000080080ce       0xfe Drivers/STM32F4xx_HAL_Driver/Src/stm32f4xx_hal_i2c.o
 .text.I2C_WaitOnTXEFlagUntilTimeout
                0x00000000080081cc       0x82 Drivers/STM32F4xx_HAL_Driver/Src/stm32f4xx_hal_i2c.o
 .text.I2C_WaitOnBTFFlagUntilTimeout
                0x000000000800824e       0x82 Drivers/STM32F4xx_HAL_Driver/Src/stm32f4xx_hal_i2c.o
 .text.I2C_WaitOnSTOPRequestThroughIT
                0x00000000080082d0       0x64 Drivers/STM32F4xx_HAL_Driver/Src/stm32f4xx_hal_i2c.o
 .text.I2C_WaitOnRXNEFlagUntilTimeout
                0x0000000008008334       0xac Drivers/STM32F4xx_HAL_Driver/Src/stm32f4xx_hal_i2c.o
 .text.I2C_IsAcknowledgeFailed
                0x00000000080083e0       0x5e Drivers/STM32F4xx_HAL_Driver/Src/stm32f4xx_hal_i2c.o
 .text.I2C_ConvertOtherXferOptions
                0x000000000800843e       0x36 Drivers/STM32F4xx_HAL_Driver/Src/stm32f4xx_hal_i2c.o
 .text.HAL_PCD_Init
                0x0000000008008474      0x23a Drivers/STM32F4xx_HAL_Driver/Src/stm32f4xx_hal_pcd.o
                0x0000000008008474                HAL_PCD_Init
 .text.HAL_PCD_Start
                0x00000000080086ae       0x66 Drivers/STM32F4xx_HAL_Driver/Src/stm32f4xx_hal_pcd.o
                0x00000000080086ae                HAL_PCD_Start
 .text.HAL_PCD_IRQHandler
                0x0000000008008714      0x764 Drivers/STM32F4xx_HAL_Driver/Src/stm32f4xx_hal_pcd.o
                0x0000000008008714                HAL_PCD_IRQHandler
 .text.HAL_PCD_SetAddress
                0x0000000008008e78       0x4a Drivers/STM32F4xx_HAL_Driver/Src/stm32f4xx_hal_pcd.o
                0x0000000008008e78                HAL_PCD_SetAddress
 .text.HAL_PCD_EP_Open
                0x0000000008008ec2       0xd0 Drivers/STM32F4xx_HAL_Driver/Src/stm32f4xx_hal_pcd.o
                0x0000000008008ec2                HAL_PCD_EP_Open
 .text.HAL_PCD_EP_Close
                0x0000000008008f92       0x94 Drivers/STM32F4xx_HAL_Driver/Src/stm32f4xx_hal_pcd.o
                0x0000000008008f92                HAL_PCD_EP_Close
 .text.HAL_PCD_EP_Receive
                0x0000000008009026       0x96 Drivers/STM32F4xx_HAL_Driver/Src/stm32f4xx_hal_pcd.o
                0x0000000008009026                HAL_PCD_EP_Receive
 .text.HAL_PCD_EP_GetRxCount
                0x00000000080090bc       0x30 Drivers/STM32F4xx_HAL_Driver/Src/stm32f4xx_hal_pcd.o
                0x00000000080090bc                HAL_PCD_EP_GetRxCount
 .text.HAL_PCD_EP_Transmit
                0x00000000080090ec       0x94 Drivers/STM32F4xx_HAL_Driver/Src/stm32f4xx_hal_pcd.o
                0x00000000080090ec                HAL_PCD_EP_Transmit
 .text.HAL_PCD_EP_SetStall
                0x0000000008009180       0xc8 Drivers/STM32F4xx_HAL_Driver/Src/stm32f4xx_hal_pcd.o
                0x0000000008009180                HAL_PCD_EP_SetStall
 .text.HAL_PCD_EP_ClrStall
                0x0000000008009248       0xac Drivers/STM32F4xx_HAL_Driver/Src/stm32f4xx_hal_pcd.o
                0x0000000008009248                HAL_PCD_EP_ClrStall
 .text.PCD_WriteEmptyTxFifo
                0x00000000080092f4      0x11a Drivers/STM32F4xx_HAL_Driver/Src/stm32f4xx_hal_pcd.o
 *fill*         0x000000000800940e        0x2 
 .text.PCD_EP_OutXfrComplete_int
                0x0000000008009410      0x218 Drivers/STM32F4xx_HAL_Driver/Src/stm32f4xx_hal_pcd.o
 .text.PCD_EP_OutSetupPacket_int
                0x0000000008009628       0x8c Drivers/STM32F4xx_HAL_Driver/Src/stm32f4xx_hal_pcd.o
 .text.HAL_PCDEx_SetTxFiFo
                0x00000000080096b4       0x8e Drivers/STM32F4xx_HAL_Driver/Src/stm32f4xx_hal_pcd_ex.o
                0x00000000080096b4                HAL_PCDEx_SetTxFiFo
 .text.HAL_PCDEx_SetRxFiFo
                0x0000000008009742       0x22 Drivers/STM32F4xx_HAL_Driver/Src/stm32f4xx_hal_pcd_ex.o
                0x0000000008009742                HAL_PCDEx_SetRxFiFo
 .text.HAL_PCDEx_LPM_Callback
                0x0000000008009764       0x18 Drivers/STM32F4xx_HAL_Driver/Src/stm32f4xx_hal_pcd_ex.o
                0x0000000008009764                HAL_PCDEx_LPM_Callback
 .text.HAL_RCC_OscConfig
                0x000000000800977c      0x4e0 Drivers/STM32F4xx_HAL_Driver/Src/stm32f4xx_hal_rcc.o
                0x000000000800977c                HAL_RCC_OscConfig
 .text.HAL_RCC_ClockConfig
                0x0000000008009c5c      0x1cc Drivers/STM32F4xx_HAL_Driver/Src/stm32f4xx_hal_rcc.o
                0x0000000008009c5c                HAL_RCC_ClockConfig
 .text.HAL_RCC_GetSysClockFreq
                0x0000000008009e28      0x1b0 Drivers/STM32F4xx_HAL_Driver/Src/stm32f4xx_hal_rcc.o
                0x0000000008009e28                HAL_RCC_GetSysClockFreq
 .text.HAL_RCC_GetHCLKFreq
                0x0000000008009fd8       0x18 Drivers/STM32F4xx_HAL_Driver/Src/stm32f4xx_hal_rcc.o
                0x0000000008009fd8                HAL_RCC_GetHCLKFreq
 .text.HAL_RCC_GetPCLK1Freq
                0x0000000008009ff0       0x28 Drivers/STM32F4xx_HAL_Driver/Src/stm32f4xx_hal_rcc.o
                0x0000000008009ff0                HAL_RCC_GetPCLK1Freq
 .text.HAL_RCC_GetClockConfig
                0x000000000800a018       0x64 Drivers/STM32F4xx_HAL_Driver/Src/stm32f4xx_hal_rcc.o
                0x000000000800a018                HAL_RCC_GetClockConfig
 .text.HAL_TIM_Base_Init
                0x000000000800a07c       0x56 Drivers/STM32F4xx_HAL_Driver/Src/stm32f4xx_hal_tim.o
                0x000000000800a07c                HAL_TIM_Base_Init
 .text.HAL_TIM_Base_MspInit
                0x000000000800a0d2       0x14 Drivers/STM32F4xx_HAL_Driver/Src/stm32f4xx_hal_tim.o
                0x000000000800a0d2                HAL_TIM_Base_MspInit
 .text.HAL_TIM_Base_Start_IT
                0x000000000800a0e6       0x48 Drivers/STM32F4xx_HAL_Driver/Src/stm32f4xx_hal_tim.o
                0x000000000800a0e6                HAL_TIM_Base_Start_IT
 .text.HAL_TIM_IRQHandler
                0x000000000800a12e      0x210 Drivers/STM32F4xx_HAL_Driver/Src/stm32f4xx_hal_tim.o
                0x000000000800a12e                HAL_TIM_IRQHandler
 .text.HAL_TIM_OC_DelayElapsedCallback
                0x000000000800a33e       0x14 Drivers/STM32F4xx_HAL_Driver/Src/stm32f4xx_hal_tim.o
                0x000000000800a33e                HAL_TIM_OC_DelayElapsedCallback
 .text.HAL_TIM_IC_CaptureCallback
                0x000000000800a352       0x14 Drivers/STM32F4xx_HAL_Driver/Src/stm32f4xx_hal_tim.o
                0x000000000800a352                HAL_TIM_IC_CaptureCallback
 .text.HAL_TIM_PWM_PulseFinishedCallback
                0x000000000800a366       0x14 Drivers/STM32F4xx_HAL_Driver/Src/stm32f4xx_hal_tim.o
                0x000000000800a366                HAL_TIM_PWM_PulseFinishedCallback
 .text.HAL_TIM_TriggerCallback
                0x000000000800a37a       0x14 Drivers/STM32F4xx_HAL_Driver/Src/stm32f4xx_hal_tim.o
                0x000000000800a37a                HAL_TIM_TriggerCallback
 *fill*         0x000000000800a38e        0x2 
 .text.TIM_Base_SetConfig
                0x000000000800a390      0x140 Drivers/STM32F4xx_HAL_Driver/Src/stm32f4xx_hal_tim.o
                0x000000000800a390                TIM_Base_SetConfig
 .text.HAL_TIMEx_CommutCallback
                0x000000000800a4d0       0x14 Drivers/STM32F4xx_HAL_Driver/Src/stm32f4xx_hal_tim_ex.o
                0x000000000800a4d0                HAL_TIMEx_CommutCallback
 .text.HAL_TIMEx_BreakCallback
                0x000000000800a4e4       0x14 Drivers/STM32F4xx_HAL_Driver/Src/stm32f4xx_hal_tim_ex.o
                0x000000000800a4e4                HAL_TIMEx_BreakCallback
 .text.USB_CoreInit
                0x000000000800a4f8       0xc2 Drivers/STM32F4xx_HAL_Driver/Src/stm32f4xx_ll_usb.o
                0x000000000800a4f8                USB_CoreInit
 *fill*         0x000000000800a5ba        0x2 
 .text.USB_SetTurnaroundTime
                0x000000000800a5bc      0x144 Drivers/STM32F4xx_HAL_Driver/Src/stm32f4xx_ll_usb.o
                0x000000000800a5bc                USB_SetTurnaroundTime
 .text.USB_EnableGlobalInt
                0x000000000800a700       0x22 Drivers/STM32F4xx_HAL_Driver/Src/stm32f4xx_ll_usb.o
                0x000000000800a700                USB_EnableGlobalInt
 .text.USB_DisableGlobalInt
                0x000000000800a722       0x22 Drivers/STM32F4xx_HAL_Driver/Src/stm32f4xx_ll_usb.o
                0x000000000800a722                USB_DisableGlobalInt
 .text.USB_SetCurrentMode
                0x000000000800a744       0x54 Drivers/STM32F4xx_HAL_Driver/Src/stm32f4xx_ll_usb.o
                0x000000000800a744                USB_SetCurrentMode
 .text.USB_DevInit
                0x000000000800a798      0x2c8 Drivers/STM32F4xx_HAL_Driver/Src/stm32f4xx_ll_usb.o
                0x000000000800a798                USB_DevInit
 .text.USB_FlushTxFifo
                0x000000000800aa60       0x4c Drivers/STM32F4xx_HAL_Driver/Src/stm32f4xx_ll_usb.o
                0x000000000800aa60                USB_FlushTxFifo
 .text.USB_FlushRxFifo
                0x000000000800aaac       0x44 Drivers/STM32F4xx_HAL_Driver/Src/stm32f4xx_ll_usb.o
                0x000000000800aaac                USB_FlushRxFifo
 .text.USB_SetDevSpeed
                0x000000000800aaf0       0x32 Drivers/STM32F4xx_HAL_Driver/Src/stm32f4xx_ll_usb.o
                0x000000000800aaf0                USB_SetDevSpeed
 .text.USB_GetDevSpeed
                0x000000000800ab22       0x4a Drivers/STM32F4xx_HAL_Driver/Src/stm32f4xx_ll_usb.o
                0x000000000800ab22                USB_GetDevSpeed
 .text.USB_ActivateEndpoint
                0x000000000800ab6c      0x10e Drivers/STM32F4xx_HAL_Driver/Src/stm32f4xx_ll_usb.o
                0x000000000800ab6c                USB_ActivateEndpoint
 *fill*         0x000000000800ac7a        0x2 
 .text.USB_DeactivateEndpoint
                0x000000000800ac7c      0x1b8 Drivers/STM32F4xx_HAL_Driver/Src/stm32f4xx_ll_usb.o
                0x000000000800ac7c                USB_DeactivateEndpoint
 .text.USB_EPStartXfer
                0x000000000800ae34      0x488 Drivers/STM32F4xx_HAL_Driver/Src/stm32f4xx_ll_usb.o
                0x000000000800ae34                USB_EPStartXfer
 .text.USB_EP0StartXfer
                0x000000000800b2bc      0x2a6 Drivers/STM32F4xx_HAL_Driver/Src/stm32f4xx_ll_usb.o
                0x000000000800b2bc                USB_EP0StartXfer
 .text.USB_WritePacket
                0x000000000800b562       0x6a Drivers/STM32F4xx_HAL_Driver/Src/stm32f4xx_ll_usb.o
                0x000000000800b562                USB_WritePacket
 .text.USB_ReadPacket
                0x000000000800b5cc       0x52 Drivers/STM32F4xx_HAL_Driver/Src/stm32f4xx_ll_usb.o
                0x000000000800b5cc                USB_ReadPacket
 .text.USB_EPSetStall
                0x000000000800b61e       0xdc Drivers/STM32F4xx_HAL_Driver/Src/stm32f4xx_ll_usb.o
                0x000000000800b61e                USB_EPSetStall
 .text.USB_EPClearStall
                0x000000000800b6fa       0xcc Drivers/STM32F4xx_HAL_Driver/Src/stm32f4xx_ll_usb.o
                0x000000000800b6fa                USB_EPClearStall
 .text.USB_SetDevAddress
                0x000000000800b7c6       0x4c Drivers/STM32F4xx_HAL_Driver/Src/stm32f4xx_ll_usb.o
                0x000000000800b7c6                USB_SetDevAddress
 .text.USB_DevConnect
                0x000000000800b812       0x42 Drivers/STM32F4xx_HAL_Driver/Src/stm32f4xx_ll_usb.o
                0x000000000800b812                USB_DevConnect
 .text.USB_DevDisconnect
                0x000000000800b854       0x42 Drivers/STM32F4xx_HAL_Driver/Src/stm32f4xx_ll_usb.o
                0x000000000800b854                USB_DevDisconnect
 .text.USB_ReadInterrupts
                0x000000000800b896       0x26 Drivers/STM32F4xx_HAL_Driver/Src/stm32f4xx_ll_usb.o
                0x000000000800b896                USB_ReadInterrupts
 .text.USB_ReadDevAllOutEpInterrupt
                0x000000000800b8bc       0x34 Drivers/STM32F4xx_HAL_Driver/Src/stm32f4xx_ll_usb.o
                0x000000000800b8bc                USB_ReadDevAllOutEpInterrupt
 .text.USB_ReadDevAllInEpInterrupt
                0x000000000800b8f0       0x34 Drivers/STM32F4xx_HAL_Driver/Src/stm32f4xx_ll_usb.o
                0x000000000800b8f0                USB_ReadDevAllInEpInterrupt
 .text.USB_ReadDevOutEPInterrupt
                0x000000000800b924       0x3c Drivers/STM32F4xx_HAL_Driver/Src/stm32f4xx_ll_usb.o
                0x000000000800b924                USB_ReadDevOutEPInterrupt
 .text.USB_ReadDevInEPInterrupt
                0x000000000800b960       0x5c Drivers/STM32F4xx_HAL_Driver/Src/stm32f4xx_ll_usb.o
                0x000000000800b960                USB_ReadDevInEPInterrupt
 .text.USB_GetMode
                0x000000000800b9bc       0x1c Drivers/STM32F4xx_HAL_Driver/Src/stm32f4xx_ll_usb.o
                0x000000000800b9bc                USB_GetMode
 .text.USB_ActivateSetup
                0x000000000800b9d8       0x46 Drivers/STM32F4xx_HAL_Driver/Src/stm32f4xx_ll_usb.o
                0x000000000800b9d8                USB_ActivateSetup
 *fill*         0x000000000800ba1e        0x2 
 .text.USB_EP0_OutStart
                0x000000000800ba20       0xbc Drivers/STM32F4xx_HAL_Driver/Src/stm32f4xx_ll_usb.o
                0x000000000800ba20                USB_EP0_OutStart
 .text.USB_CoreReset
                0x000000000800badc       0x68 Drivers/STM32F4xx_HAL_Driver/Src/stm32f4xx_ll_usb.o
 .text.USBD_CDC_Init
                0x000000000800bb44      0x100 Middlewares/ST/STM32_USB_Device_Library/Class/CDC/Src/usbd_cdc.o
 .text.USBD_CDC_DeInit
                0x000000000800bc44       0x78 Middlewares/ST/STM32_USB_Device_Library/Class/CDC/Src/usbd_cdc.o
 .text.USBD_CDC_Setup
                0x000000000800bcbc      0x178 Middlewares/ST/STM32_USB_Device_Library/Class/CDC/Src/usbd_cdc.o
 .text.USBD_CDC_DataIn
                0x000000000800be34       0xbe Middlewares/ST/STM32_USB_Device_Library/Class/CDC/Src/usbd_cdc.o
 .text.USBD_CDC_DataOut
                0x000000000800bef2       0x56 Middlewares/ST/STM32_USB_Device_Library/Class/CDC/Src/usbd_cdc.o
 .text.USBD_CDC_EP0_RxReady
                0x000000000800bf48       0x50 Middlewares/ST/STM32_USB_Device_Library/Class/CDC/Src/usbd_cdc.o
 .text.USBD_CDC_GetFSCfgDesc
                0x000000000800bf98       0x20 Middlewares/ST/STM32_USB_Device_Library/Class/CDC/Src/usbd_cdc.o
 .text.USBD_CDC_GetHSCfgDesc
                0x000000000800bfb8       0x20 Middlewares/ST/STM32_USB_Device_Library/Class/CDC/Src/usbd_cdc.o
 .text.USBD_CDC_GetOtherSpeedCfgDesc
                0x000000000800bfd8       0x20 Middlewares/ST/STM32_USB_Device_Library/Class/CDC/Src/usbd_cdc.o
 .text.USBD_CDC_GetDeviceQualifierDescriptor
                0x000000000800bff8       0x20 Middlewares/ST/STM32_USB_Device_Library/Class/CDC/Src/usbd_cdc.o
                0x000000000800bff8                USBD_CDC_GetDeviceQualifierDescriptor
 .text.USBD_CDC_RegisterInterface
                0x000000000800c018       0x2a Middlewares/ST/STM32_USB_Device_Library/Class/CDC/Src/usbd_cdc.o
                0x000000000800c018                USBD_CDC_RegisterInterface
 .text.USBD_CDC_SetTxBuffer
                0x000000000800c042       0x32 Middlewares/ST/STM32_USB_Device_Library/Class/CDC/Src/usbd_cdc.o
                0x000000000800c042                USBD_CDC_SetTxBuffer
 .text.USBD_CDC_SetRxBuffer
                0x000000000800c074       0x28 Middlewares/ST/STM32_USB_Device_Library/Class/CDC/Src/usbd_cdc.o
                0x000000000800c074                USBD_CDC_SetRxBuffer
 .text.USBD_CDC_TransmitPacket
                0x000000000800c09c       0x60 Middlewares/ST/STM32_USB_Device_Library/Class/CDC/Src/usbd_cdc.o
                0x000000000800c09c                USBD_CDC_TransmitPacket
 .text.USBD_CDC_ReceivePacket
                0x000000000800c0fc       0x54 Middlewares/ST/STM32_USB_Device_Library/Class/CDC/Src/usbd_cdc.o
                0x000000000800c0fc                USBD_CDC_ReceivePacket
 .text.USBD_Init
                0x000000000800c150       0x6c Middlewares/ST/STM32_USB_Device_Library/Core/Src/usbd_core.o
                0x000000000800c150                USBD_Init
 .text.USBD_RegisterClass
                0x000000000800c1bc       0x42 Middlewares/ST/STM32_USB_Device_Library/Core/Src/usbd_core.o
                0x000000000800c1bc                USBD_RegisterClass
 .text.USBD_Start
                0x000000000800c1fe       0x18 Middlewares/ST/STM32_USB_Device_Library/Core/Src/usbd_core.o
                0x000000000800c1fe                USBD_Start
 .text.USBD_RunTestMode
                0x000000000800c216       0x16 Middlewares/ST/STM32_USB_Device_Library/Core/Src/usbd_core.o
                0x000000000800c216                USBD_RunTestMode
 .text.USBD_SetClassConfig
                0x000000000800c22c       0x38 Middlewares/ST/STM32_USB_Device_Library/Core/Src/usbd_core.o
                0x000000000800c22c                USBD_SetClassConfig
 .text.USBD_ClrClassConfig
                0x000000000800c264       0x30 Middlewares/ST/STM32_USB_Device_Library/Core/Src/usbd_core.o
                0x000000000800c264                USBD_ClrClassConfig
 .text.USBD_LL_SetupStage
                0x000000000800c294       0xa6 Middlewares/ST/STM32_USB_Device_Library/Core/Src/usbd_core.o
                0x000000000800c294                USBD_LL_SetupStage
 .text.USBD_LL_DataOutStage
                0x000000000800c33a       0xc6 Middlewares/ST/STM32_USB_Device_Library/Core/Src/usbd_core.o
                0x000000000800c33a                USBD_LL_DataOutStage
 .text.USBD_LL_DataInStage
                0x000000000800c400      0x12c Middlewares/ST/STM32_USB_Device_Library/Core/Src/usbd_core.o
                0x000000000800c400                USBD_LL_DataInStage
 .text.USBD_LL_Reset
                0x000000000800c52c       0x82 Middlewares/ST/STM32_USB_Device_Library/Core/Src/usbd_core.o
                0x000000000800c52c                USBD_LL_Reset
 .text.USBD_LL_SetSpeed
                0x000000000800c5ae       0x20 Middlewares/ST/STM32_USB_Device_Library/Core/Src/usbd_core.o
                0x000000000800c5ae                USBD_LL_SetSpeed
 .text.USBD_LL_Suspend
                0x000000000800c5ce       0x2a Middlewares/ST/STM32_USB_Device_Library/Core/Src/usbd_core.o
                0x000000000800c5ce                USBD_LL_Suspend
 .text.USBD_LL_Resume
                0x000000000800c5f8       0x2c Middlewares/ST/STM32_USB_Device_Library/Core/Src/usbd_core.o
                0x000000000800c5f8                USBD_LL_Resume
 .text.USBD_LL_SOF
                0x000000000800c624       0x34 Middlewares/ST/STM32_USB_Device_Library/Core/Src/usbd_core.o
                0x000000000800c624                USBD_LL_SOF
 .text.USBD_LL_IsoINIncomplete
                0x000000000800c658       0x1a Middlewares/ST/STM32_USB_Device_Library/Core/Src/usbd_core.o
                0x000000000800c658                USBD_LL_IsoINIncomplete
 .text.USBD_LL_IsoOUTIncomplete
                0x000000000800c672       0x1a Middlewares/ST/STM32_USB_Device_Library/Core/Src/usbd_core.o
                0x000000000800c672                USBD_LL_IsoOUTIncomplete
 .text.USBD_LL_DevConnected
                0x000000000800c68c       0x16 Middlewares/ST/STM32_USB_Device_Library/Core/Src/usbd_core.o
                0x000000000800c68c                USBD_LL_DevConnected
 .text.USBD_LL_DevDisconnected
                0x000000000800c6a2       0x38 Middlewares/ST/STM32_USB_Device_Library/Core/Src/usbd_core.o
                0x000000000800c6a2                USBD_LL_DevDisconnected
 .text.SWAPBYTE
                0x000000000800c6da       0x3c Middlewares/ST/STM32_USB_Device_Library/Core/Src/usbd_ctlreq.o
 *fill*         0x000000000800c716        0x2 
 .text.USBD_StdDevReq
                0x000000000800c718       0xdc Middlewares/ST/STM32_USB_Device_Library/Core/Src/usbd_ctlreq.o
                0x000000000800c718                USBD_StdDevReq
 .text.USBD_StdItfReq
                0x000000000800c7f4       0x8c Middlewares/ST/STM32_USB_Device_Library/Core/Src/usbd_ctlreq.o
                0x000000000800c7f4                USBD_StdItfReq
 .text.USBD_StdEPReq
                0x000000000800c880      0x2aa Middlewares/ST/STM32_USB_Device_Library/Core/Src/usbd_ctlreq.o
                0x000000000800c880                USBD_StdEPReq
 *fill*         0x000000000800cb2a        0x2 
 .text.USBD_GetDescriptor
                0x000000000800cb2c      0x2d4 Middlewares/ST/STM32_USB_Device_Library/Core/Src/usbd_ctlreq.o
 .text.USBD_SetAddress
                0x000000000800ce00       0x84 Middlewares/ST/STM32_USB_Device_Library/Core/Src/usbd_ctlreq.o
 .text.USBD_SetConfig
                0x000000000800ce84      0x148 Middlewares/ST/STM32_USB_Device_Library/Core/Src/usbd_ctlreq.o
 .text.USBD_GetConfig
                0x000000000800cfcc       0x68 Middlewares/ST/STM32_USB_Device_Library/Core/Src/usbd_ctlreq.o
 .text.USBD_GetStatus
                0x000000000800d034       0x66 Middlewares/ST/STM32_USB_Device_Library/Core/Src/usbd_ctlreq.o
 .text.USBD_SetFeature
                0x000000000800d09a       0x28 Middlewares/ST/STM32_USB_Device_Library/Core/Src/usbd_ctlreq.o
 .text.USBD_ClrFeature
                0x000000000800d0c2       0x42 Middlewares/ST/STM32_USB_Device_Library/Core/Src/usbd_ctlreq.o
 .text.USBD_ParseSetupRequest
                0x000000000800d104       0x74 Middlewares/ST/STM32_USB_Device_Library/Core/Src/usbd_ctlreq.o
                0x000000000800d104                USBD_ParseSetupRequest
 .text.USBD_CtlError
                0x000000000800d178       0x22 Middlewares/ST/STM32_USB_Device_Library/Core/Src/usbd_ctlreq.o
                0x000000000800d178                USBD_CtlError
 .text.USBD_GetString
                0x000000000800d19a       0x8c Middlewares/ST/STM32_USB_Device_Library/Core/Src/usbd_ctlreq.o
                0x000000000800d19a                USBD_GetString
 .text.USBD_GetLen
                0x000000000800d226       0x34 Middlewares/ST/STM32_USB_Device_Library/Core/Src/usbd_ctlreq.o
 .text.USBD_CtlSendData
                0x000000000800d25a       0x36 Middlewares/ST/STM32_USB_Device_Library/Core/Src/usbd_ioreq.o
                0x000000000800d25a                USBD_CtlSendData
 .text.USBD_CtlContinueSendData
                0x000000000800d290       0x22 Middlewares/ST/STM32_USB_Device_Library/Core/Src/usbd_ioreq.o
                0x000000000800d290                USBD_CtlContinueSendData
 .text.USBD_CtlPrepareRx
                0x000000000800d2b2       0x3a Middlewares/ST/STM32_USB_Device_Library/Core/Src/usbd_ioreq.o
                0x000000000800d2b2                USBD_CtlPrepareRx
 .text.USBD_CtlContinueRx
                0x000000000800d2ec       0x22 Middlewares/ST/STM32_USB_Device_Library/Core/Src/usbd_ioreq.o
                0x000000000800d2ec                USBD_CtlContinueRx
 .text.USBD_CtlSendStatus
                0x000000000800d30e       0x26 Middlewares/ST/STM32_USB_Device_Library/Core/Src/usbd_ioreq.o
                0x000000000800d30e                USBD_CtlSendStatus
 .text.USBD_CtlReceiveStatus
                0x000000000800d334       0x26 Middlewares/ST/STM32_USB_Device_Library/Core/Src/usbd_ioreq.o
                0x000000000800d334                USBD_CtlReceiveStatus
 .text.makeFreeRtosPriority
                0x000000000800d35a       0x30 Middlewares/Third_Party/FreeRTOS/Source/CMSIS_RTOS/cmsis_os.o
 .text.osKernelStart
                0x000000000800d38a        0xe Middlewares/Third_Party/FreeRTOS/Source/CMSIS_RTOS/cmsis_os.o
                0x000000000800d38a                osKernelStart
 .text.osThreadCreate
                0x000000000800d398       0x98 Middlewares/Third_Party/FreeRTOS/Source/CMSIS_RTOS/cmsis_os.o
                0x000000000800d398                osThreadCreate
 .text.osDelay  0x000000000800d430       0x28 Middlewares/Third_Party/FreeRTOS/Source/CMSIS_RTOS/cmsis_os.o
                0x000000000800d430                osDelay
 .text.vListInitialise
                0x000000000800d458       0x40 Middlewares/Third_Party/FreeRTOS/Source/list.o
                0x000000000800d458                vListInitialise
 .text.vListInitialiseItem
                0x000000000800d498       0x1a Middlewares/Third_Party/FreeRTOS/Source/list.o
                0x000000000800d498                vListInitialiseItem
 .text.vListInsertEnd
                0x000000000800d4b2       0x48 Middlewares/Third_Party/FreeRTOS/Source/list.o
                0x000000000800d4b2                vListInsertEnd
 .text.vListInsert
                0x000000000800d4fa       0x72 Middlewares/Third_Party/FreeRTOS/Source/list.o
                0x000000000800d4fa                vListInsert
 .text.uxListRemove
                0x000000000800d56c       0x54 Middlewares/Third_Party/FreeRTOS/Source/list.o
                0x000000000800d56c                uxListRemove
 .text.xTaskCreateStatic
                0x000000000800d5c0       0xb4 Middlewares/Third_Party/FreeRTOS/Source/tasks.o
                0x000000000800d5c0                xTaskCreateStatic
 .text.xTaskCreate
                0x000000000800d674       0x8a Middlewares/Third_Party/FreeRTOS/Source/tasks.o
                0x000000000800d674                xTaskCreate
 .text.prvInitialiseNewTask
                0x000000000800d6fe      0x114 Middlewares/Third_Party/FreeRTOS/Source/tasks.o
 *fill*         0x000000000800d812        0x2 
 .text.prvAddNewTaskToReadyList
                0x000000000800d814       0xd4 Middlewares/Third_Party/FreeRTOS/Source/tasks.o
 .text.vTaskDelayUntil
                0x000000000800d8e8       0xf4 Middlewares/Third_Party/FreeRTOS/Source/tasks.o
                0x000000000800d8e8                vTaskDelayUntil
 .text.vTaskDelay
                0x000000000800d9dc       0x68 Middlewares/Third_Party/FreeRTOS/Source/tasks.o
                0x000000000800d9dc                vTaskDelay
 .text.vTaskStartScheduler
                0x000000000800da44       0xbc Middlewares/Third_Party/FreeRTOS/Source/tasks.o
                0x000000000800da44                vTaskStartScheduler
 .text.vTaskSuspendAll
                0x000000000800db00       0x1c Middlewares/Third_Party/FreeRTOS/Source/tasks.o
                0x000000000800db00                vTaskSuspendAll
 .text.xTaskResumeAll
                0x000000000800db1c      0x138 Middlewares/Third_Party/FreeRTOS/Source/tasks.o
                0x000000000800db1c                xTaskResumeAll
 .text.xTaskGetTickCount
                0x000000000800dc54       0x20 Middlewares/Third_Party/FreeRTOS/Source/tasks.o
                0x000000000800dc54                xTaskGetTickCount
 .text.xTaskIncrementTick
                0x000000000800dc74      0x170 Middlewares/Third_Party/FreeRTOS/Source/tasks.o
                0x000000000800dc74                xTaskIncrementTick
 .text.vTaskSwitchContext
                0x000000000800dde4       0xb4 Middlewares/Third_Party/FreeRTOS/Source/tasks.o
                0x000000000800dde4                vTaskSwitchContext
 .text.prvIdleTask
                0x000000000800de98       0x30 Middlewares/Third_Party/FreeRTOS/Source/tasks.o
 .text.prvInitialiseTaskLists
                0x000000000800dec8       0x80 Middlewares/Third_Party/FreeRTOS/Source/tasks.o
 .text.prvCheckTasksWaitingTermination
                0x000000000800df48       0x58 Middlewares/Third_Party/FreeRTOS/Source/tasks.o
 .text.prvDeleteTCB
                0x000000000800dfa0       0x5c Middlewares/Third_Party/FreeRTOS/Source/tasks.o
 .text.prvResetNextTaskUnblockTime
                0x000000000800dffc       0x40 Middlewares/Third_Party/FreeRTOS/Source/tasks.o
 .text.prvAddCurrentTaskToDelayedList
                0x000000000800e03c       0xd4 Middlewares/Third_Party/FreeRTOS/Source/tasks.o
 .text.pxPortInitialiseStack
                0x000000000800e110       0x68 Middlewares/Third_Party/FreeRTOS/Source/portable/GCC/ARM_CM4F/port.o
                0x000000000800e110                pxPortInitialiseStack
 .text.prvTaskExitError
                0x000000000800e178       0x54 Middlewares/Third_Party/FreeRTOS/Source/portable/GCC/ARM_CM4F/port.o
 *fill*         0x000000000800e1cc        0x4 
 .text.SVC_Handler
                0x000000000800e1d0       0x28 Middlewares/Third_Party/FreeRTOS/Source/portable/GCC/ARM_CM4F/port.o
                0x000000000800e1d0                SVC_Handler
 .text.prvPortStartFirstTask
                0x000000000800e1f8       0x28 Middlewares/Third_Party/FreeRTOS/Source/portable/GCC/ARM_CM4F/port.o
 .text.xPortStartScheduler
                0x000000000800e220      0x13c Middlewares/Third_Party/FreeRTOS/Source/portable/GCC/ARM_CM4F/port.o
                0x000000000800e220                xPortStartScheduler
 .text.vPortEnterCritical
                0x000000000800e35c       0x5c Middlewares/Third_Party/FreeRTOS/Source/portable/GCC/ARM_CM4F/port.o
                0x000000000800e35c                vPortEnterCritical
 .text.vPortExitCritical
                0x000000000800e3b8       0x50 Middlewares/Third_Party/FreeRTOS/Source/portable/GCC/ARM_CM4F/port.o
                0x000000000800e3b8                vPortExitCritical
 *fill*         0x000000000800e408        0x8 
 .text.PendSV_Handler
                0x000000000800e410       0x68 Middlewares/Third_Party/FreeRTOS/Source/portable/GCC/ARM_CM4F/port.o
                0x000000000800e410                PendSV_Handler
 .text.SysTick_Handler
                0x000000000800e478       0x40 Middlewares/Third_Party/FreeRTOS/Source/portable/GCC/ARM_CM4F/port.o
                0x000000000800e478                SysTick_Handler
 .text.vPortSetupTimerInterrupt
                0x000000000800e4b8       0x48 Middlewares/Third_Party/FreeRTOS/Source/portable/GCC/ARM_CM4F/port.o
                0x000000000800e4b8                vPortSetupTimerInterrupt
 .text.vPortEnableVFP
                0x000000000800e500       0x14 Middlewares/Third_Party/FreeRTOS/Source/portable/GCC/ARM_CM4F/port.o
 .text.pvPortMalloc
                0x000000000800e514      0x184 Middlewares/Third_Party/FreeRTOS/Source/portable/MemMang/heap_4.o
                0x000000000800e514                pvPortMalloc
 .text.vPortFree
                0x000000000800e698       0xb0 Middlewares/Third_Party/FreeRTOS/Source/portable/MemMang/heap_4.o
                0x000000000800e698                vPortFree
 .text.prvHeapInit
                0x000000000800e748       0xc4 Middlewares/Third_Party/FreeRTOS/Source/portable/MemMang/heap_4.o
 .text.prvInsertBlockIntoFreeList
                0x000000000800e80c       0xb4 Middlewares/Third_Party/FreeRTOS/Source/portable/MemMang/heap_4.o
 .text.MX_USB_DEVICE_Init
                0x000000000800e8c0       0x60 USB_DEVICE/App/usb_device.o
                0x000000000800e8c0                MX_USB_DEVICE_Init
 .text.CDC_Init_FS
                0x000000000800e920       0x30 USB_DEVICE/App/usbd_cdc_if.o
 .text.CDC_DeInit_FS
                0x000000000800e950       0x10 USB_DEVICE/App/usbd_cdc_if.o
 .text.CDC_Control_FS
                0x000000000800e960       0xbc USB_DEVICE/App/usbd_cdc_if.o
 .text.CDC_Receive_FS
                0x000000000800ea1c       0x7c USB_DEVICE/App/usbd_cdc_if.o
 .text.CDC_Transmit_FS
                0x000000000800ea98       0x4c USB_DEVICE/App/usbd_cdc_if.o
                0x000000000800ea98                CDC_Transmit_FS
 .text.CDC_TransmitCplt_FS
                0x000000000800eae4       0x22 USB_DEVICE/App/usbd_cdc_if.o
 *fill*         0x000000000800eb06        0x2 
 .text.USBD_FS_DeviceDescriptor
                0x000000000800eb08       0x24 USB_DEVICE/App/usbd_desc.o
                0x000000000800eb08                USBD_FS_DeviceDescriptor
 .text.USBD_FS_LangIDStrDescriptor
                0x000000000800eb2c       0x24 USB_DEVICE/App/usbd_desc.o
                0x000000000800eb2c                USBD_FS_LangIDStrDescriptor
 .text.USBD_FS_ProductStrDescriptor
                0x000000000800eb50       0x3c USB_DEVICE/App/usbd_desc.o
                0x000000000800eb50                USBD_FS_ProductStrDescriptor
 .text.USBD_FS_ManufacturerStrDescriptor
                0x000000000800eb8c       0x28 USB_DEVICE/App/usbd_desc.o
                0x000000000800eb8c                USBD_FS_ManufacturerStrDescriptor
 .text.USBD_FS_SerialStrDescriptor
                0x000000000800ebb4       0x24 USB_DEVICE/App/usbd_desc.o
                0x000000000800ebb4                USBD_FS_SerialStrDescriptor
 .text.USBD_FS_ConfigStrDescriptor
                0x000000000800ebd8       0x3c USB_DEVICE/App/usbd_desc.o
                0x000000000800ebd8                USBD_FS_ConfigStrDescriptor
 .text.USBD_FS_InterfaceStrDescriptor
                0x000000000800ec14       0x3c USB_DEVICE/App/usbd_desc.o
                0x000000000800ec14                USBD_FS_InterfaceStrDescriptor
 .text.Get_SerialNum
                0x000000000800ec50       0x58 USB_DEVICE/App/usbd_desc.o
 .text.IntToUnicode
                0x000000000800eca8       0x7c USB_DEVICE/App/usbd_desc.o
 .text.HAL_PCD_MspInit
                0x000000000800ed24       0xa8 USB_DEVICE/Target/usbd_conf.o
                0x000000000800ed24                HAL_PCD_MspInit
 .text.HAL_PCD_SetupStageCallback
                0x000000000800edcc       0x24 USB_DEVICE/Target/usbd_conf.o
                0x000000000800edcc                HAL_PCD_SetupStageCallback
 .text.HAL_PCD_DataOutStageCallback
                0x000000000800edf0       0x36 USB_DEVICE/Target/usbd_conf.o
                0x000000000800edf0                HAL_PCD_DataOutStageCallback
 .text.HAL_PCD_DataInStageCallback
                0x000000000800ee26       0x34 USB_DEVICE/Target/usbd_conf.o
                0x000000000800ee26                HAL_PCD_DataInStageCallback
 .text.HAL_PCD_SOFCallback
                0x000000000800ee5a       0x1c USB_DEVICE/Target/usbd_conf.o
                0x000000000800ee5a                HAL_PCD_SOFCallback
 .text.HAL_PCD_ResetCallback
                0x000000000800ee76       0x50 USB_DEVICE/Target/usbd_conf.o
                0x000000000800ee76                HAL_PCD_ResetCallback
 *fill*         0x000000000800eec6        0x2 
 .text.HAL_PCD_SuspendCallback
                0x000000000800eec8       0x4c USB_DEVICE/Target/usbd_conf.o
                0x000000000800eec8                HAL_PCD_SuspendCallback
 .text.HAL_PCD_ResumeCallback
                0x000000000800ef14       0x1c USB_DEVICE/Target/usbd_conf.o
                0x000000000800ef14                HAL_PCD_ResumeCallback
 .text.HAL_PCD_ISOOUTIncompleteCallback
                0x000000000800ef30       0x24 USB_DEVICE/Target/usbd_conf.o
                0x000000000800ef30                HAL_PCD_ISOOUTIncompleteCallback
 .text.HAL_PCD_ISOINIncompleteCallback
                0x000000000800ef54       0x24 USB_DEVICE/Target/usbd_conf.o
                0x000000000800ef54                HAL_PCD_ISOINIncompleteCallback
 .text.HAL_PCD_ConnectCallback
                0x000000000800ef78       0x1c USB_DEVICE/Target/usbd_conf.o
                0x000000000800ef78                HAL_PCD_ConnectCallback
 .text.HAL_PCD_DisconnectCallback
                0x000000000800ef94       0x1c USB_DEVICE/Target/usbd_conf.o
                0x000000000800ef94                HAL_PCD_DisconnectCallback
 .text.USBD_LL_Init
                0x000000000800efb0       0x98 USB_DEVICE/Target/usbd_conf.o
                0x000000000800efb0                USBD_LL_Init
 .text.USBD_LL_Start
                0x000000000800f048       0x36 USB_DEVICE/Target/usbd_conf.o
                0x000000000800f048                USBD_LL_Start
 .text.USBD_LL_OpenEP
                0x000000000800f07e       0x4c USB_DEVICE/Target/usbd_conf.o
                0x000000000800f07e                USBD_LL_OpenEP
 .text.USBD_LL_CloseEP
                0x000000000800f0ca       0x3e USB_DEVICE/Target/usbd_conf.o
                0x000000000800f0ca                USBD_LL_CloseEP
 .text.USBD_LL_StallEP
                0x000000000800f108       0x3e USB_DEVICE/Target/usbd_conf.o
                0x000000000800f108                USBD_LL_StallEP
 .text.USBD_LL_ClearStallEP
                0x000000000800f146       0x3e USB_DEVICE/Target/usbd_conf.o
                0x000000000800f146                USBD_LL_ClearStallEP
 .text.USBD_LL_IsStallEP
                0x000000000800f184       0x58 USB_DEVICE/Target/usbd_conf.o
                0x000000000800f184                USBD_LL_IsStallEP
 .text.USBD_LL_SetUSBAddress
                0x000000000800f1dc       0x3e USB_DEVICE/Target/usbd_conf.o
                0x000000000800f1dc                USBD_LL_SetUSBAddress
 .text.USBD_LL_Transmit
                0x000000000800f21a       0x42 USB_DEVICE/Target/usbd_conf.o
                0x000000000800f21a                USBD_LL_Transmit
 .text.USBD_LL_PrepareReceive
                0x000000000800f25c       0x42 USB_DEVICE/Target/usbd_conf.o
                0x000000000800f25c                USBD_LL_PrepareReceive
 .text.USBD_LL_GetRxDataSize
                0x000000000800f29e       0x26 USB_DEVICE/Target/usbd_conf.o
                0x000000000800f29e                USBD_LL_GetRxDataSize
 .text.USBD_Get_USB_Status
                0x000000000800f2c4       0x58 USB_DEVICE/Target/usbd_conf.o
                0x000000000800f2c4                USBD_Get_USB_Status
 .text.__cxa_pure_virtual
                0x000000000800f31c        0x6 /opt/st/stm32cubeide_1.4.0/plugins/com.st.stm32cube.ide.mcu.externaltools.gnu-tools-for-stm32.7-2018-q2-update.linux64_1.4.0.202007081208/tools/bin/../lib/gcc/arm-none-eabi/7.3.1/../../../../arm-none-eabi/lib/thumb/v7e-m/fpv4-sp/hard/libstdc++_nano.a(pure.o)
                0x000000000800f31c                __cxa_pure_virtual
 .text._ZN10__cxxabiv111__terminateEPFvvE
                0x000000000800f322        0x8 /opt/st/stm32cubeide_1.4.0/plugins/com.st.stm32cube.ide.mcu.externaltools.gnu-tools-for-stm32.7-2018-q2-update.linux64_1.4.0.202007081208/tools/bin/../lib/gcc/arm-none-eabi/7.3.1/../../../../arm-none-eabi/lib/thumb/v7e-m/fpv4-sp/hard/libstdc++_nano.a(eh_terminate.o)
                0x000000000800f322                __cxxabiv1::__terminate(void (*)())
 *fill*         0x000000000800f32a        0x2 
 .text._ZSt13get_terminatev