Archive member included to satisfy reference by file (symbol)

/opt/st/stm32cubeide_1.4.0/plugins/com.st.stm32cube.ide.mcu.externaltools.gnu-tools-for-stm32.7-2018-q2-update.linux64_1.4.0.202007081208/tools/bin/../lib/gcc/arm-none-eabi/7.3.1/../../../../arm-none-eabi/lib/thumb/v7e-m/fpv4-sp/hard/libstdc++_nano.a(pure.o)
                              Core/usr/cpp_main.o (__cxa_pure_virtual)
/opt/st/stm32cubeide_1.4.0/plugins/com.st.stm32cube.ide.mcu.externaltools.gnu-tools-for-stm32.7-2018-q2-update.linux64_1.4.0.202007081208/tools/bin/../lib/gcc/arm-none-eabi/7.3.1/../../../../arm-none-eabi/lib/thumb/v7e-m/fpv4-sp/hard/libstdc++_nano.a(eh_terminate.o)
                              /opt/st/stm32cubeide_1.4.0/plugins/com.st.stm32cube.ide.mcu.externaltools.gnu-tools-for-stm32.7-2018-q2-update.linux64_1.4.0.202007081208/tools/bin/../lib/gcc/arm-none-eabi/7.3.1/../../../../arm-none-eabi/lib/thumb/v7e-m/fpv4-sp/hard/libstdc++_nano.a(pure.o) (std::terminate())
/opt/st/stm32cubeide_1.4.0/plugins/com.st.stm32cube.ide.mcu.externaltools.gnu-tools-for-stm32.7-2018-q2-update.linux64_1.4.0.202007081208/tools/bin/../lib/gcc/arm-none-eabi/7.3.1/../../../../arm-none-eabi/lib/thumb/v7e-m/fpv4-sp/hard/libstdc++_nano.a(eh_unex_handler.o)
                              /opt/st/stm32cubeide_1.4.0/plugins/com.st.stm32cube.ide.mcu.externaltools.gnu-tools-for-stm32.7-2018-q2-update.linux64_1.4.0.202007081208/tools/bin/../lib/gcc/arm-none-eabi/7.3.1/../../../../arm-none-eabi/lib/thumb/v7e-m/fpv4-sp/hard/libstdc++_nano.a(eh_terminate.o) (__cxxabiv1::__unexpected_handler)
/opt/st/stm32cubeide_1.4.0/plugins/com.st.stm32cube.ide.mcu.externaltools.gnu-tools-for-stm32.7-2018-q2-update.linux64_1.4.0.202007081208/tools/bin/../lib/gcc/arm-none-eabi/7.3.1/../../../../arm-none-eabi/lib/thumb/v7e-m/fpv4-sp/hard/libstdc++_nano.a(eh_term_handler.o)
                              /opt/st/stm32cubeide_1.4.0/plugins/com.st.stm32cube.ide.mcu.externaltools.gnu-tools-for-stm32.7-2018-q2-update.linux64_1.4.0.202007081208/tools/bin/../lib/gcc/arm-none-eabi/7.3.1/../../../../arm-none-eabi/lib/thumb/v7e-m/fpv4-sp/hard/libstdc++_nano.a(eh_terminate.o) (__cxxabiv1::__terminate_handler)
/opt/st/stm32cubeide_1.4.0/plugins/com.st.stm32cube.ide.mcu.externaltools.gnu-tools-for-stm32.7-2018-q2-update.linux64_1.4.0.202007081208/tools/bin/../lib/gcc/arm-none-eabi/7.3.1/../../../../arm-none-eabi/lib/thumb/v7e-m/fpv4-sp/hard/libc_nano.a(lib_a-abort.o)
                              /opt/st/stm32cubeide_1.4.0/plugins/com.st.stm32cube.ide.mcu.externaltools.gnu-tools-for-stm32.7-2018-q2-update.linux64_1.4.0.202007081208/tools/bin/../lib/gcc/arm-none-eabi/7.3.1/../../../../arm-none-eabi/lib/thumb/v7e-m/fpv4-sp/hard/libstdc++_nano.a(eh_terminate.o) (abort)
/opt/st/stm32cubeide_1.4.0/plugins/com.st.stm32cube.ide.mcu.externaltools.gnu-tools-for-stm32.7-2018-q2-update.linux64_1.4.0.202007081208/tools/bin/../lib/gcc/arm-none-eabi/7.3.1/../../../../arm-none-eabi/lib/thumb/v7e-m/fpv4-sp/hard/libc_nano.a(lib_a-errno.o)
                              Core/Src/syscalls.o (__errno)
/opt/st/stm32cubeide_1.4.0/plugins/com.st.stm32cube.ide.mcu.externaltools.gnu-tools-for-stm32.7-2018-q2-update.linux64_1.4.0.202007081208/tools/bin/../lib/gcc/arm-none-eabi/7.3.1/../../../../arm-none-eabi/lib/thumb/v7e-m/fpv4-sp/hard/libc_nano.a(lib_a-exit.o)
                              /opt/st/stm32cubeide_1.4.0/plugins/com.st.stm32cube.ide.mcu.externaltools.gnu-tools-for-stm32.7-2018-q2-update.linux64_1.4.0.202007081208/tools/bin/../lib/gcc/arm-none-eabi/7.3.1/../../../../arm-none-eabi/lib/thumb/v7e-m/fpv4-sp/hard/crt0.o (exit)
/opt/st/stm32cubeide_1.4.0/plugins/com.st.stm32cube.ide.mcu.externaltools.gnu-tools-for-stm32.7-2018-q2-update.linux64_1.4.0.202007081208/tools/bin/../lib/gcc/arm-none-eabi/7.3.1/../../../../arm-none-eabi/lib/thumb/v7e-m/fpv4-sp/hard/libc_nano.a(lib_a-impure.o)
                              /opt/st/stm32cubeide_1.4.0/plugins/com.st.stm32cube.ide.mcu.externaltools.gnu-tools-for-stm32.7-2018-q2-update.linux64_1.4.0.202007081208/tools/bin/../lib/gcc/arm-none-eabi/7.3.1/../../../../arm-none-eabi/lib/thumb/v7e-m/fpv4-sp/hard/libc_nano.a(lib_a-exit.o) (_global_impure_ptr)
/opt/st/stm32cubeide_1.4.0/plugins/com.st.stm32cube.ide.mcu.externaltools.gnu-tools-for-stm32.7-2018-q2-update.linux64_1.4.0.202007081208/tools/bin/../lib/gcc/arm-none-eabi/7.3.1/../../../../arm-none-eabi/lib/thumb/v7e-m/fpv4-sp/hard/libc_nano.a(lib_a-init.o)
                              /opt/st/stm32cubeide_1.4.0/plugins/com.st.stm32cube.ide.mcu.externaltools.gnu-tools-for-stm32.7-2018-q2-update.linux64_1.4.0.202007081208/tools/bin/../lib/gcc/arm-none-eabi/7.3.1/../../../../arm-none-eabi/lib/thumb/v7e-m/fpv4-sp/hard/crt0.o (__libc_init_array)
/opt/st/stm32cubeide_1.4.0/plugins/com.st.stm32cube.ide.mcu.externaltools.gnu-tools-for-stm32.7-2018-q2-update.linux64_1.4.0.202007081208/tools/bin/../lib/gcc/arm-none-eabi/7.3.1/../../../../arm-none-eabi/lib/thumb/v7e-m/fpv4-sp/hard/libc_nano.a(lib_a-malloc.o)
[...]
Memory Configuration

Name             Origin             Length             Attributes
CCMRAM           0x0000000010000000 0x0000000000010000 xrw
RAM              0x0000000020000000 0x0000000000020000 xrw
FLASH            0x0000000008000000 0x0000000000100000 xr
*default*        0x0000000000000000 0xffffffffffffffff

Linker script and memory map

LOAD /opt/st/stm32cubeide_1.4.0/plugins/com.st.stm32cube.ide.mcu.externaltools.gnu-tools-for-stm32.7-2018-q2-update.linux64_1.4.0.202007081208/tools/bin/../lib/gcc/arm-none-eabi/7.3.1/thumb/v7e-m/fpv4-sp/hard/crti.o
LOAD /opt/st/stm32cubeide_1.4.0/plugins/com.st.stm32cube.ide.mcu.externaltools.gnu-tools-for-stm32.7-2018-q2-update.linux64_1.4.0.202007081208/tools/bin/../lib/gcc/arm-none-eabi/7.3.1/thumb/v7e-m/fpv4-sp/hard/crtbegin.o
LOAD /opt/st/stm32cubeide_1.4.0/plugins/com.st.stm32cube.ide.mcu.externaltools.gnu-tools-for-stm32.7-2018-q2-update.linux64_1.4.0.202007081208/tools/bin/../lib/gcc/arm-none-eabi/7.3.1/../../../../arm-none-eabi/lib/thumb/v7e-m/fpv4-sp/hard/crt0.o
LOAD Core/Src/freertos.o
LOAD Core/Src/main.o
LOAD Core/Src/mpu9250_usr.o
LOAD Core/Src/stm32f4xx_hal_msp.o
LOAD Core/Src/stm32f4xx_hal_timebase_tim.o
LOAD Core/Src/stm32f4xx_it.o
LOAD Core/Src/syscalls.o
LOAD Core/Src/sysmem.o
LOAD Core/Src/system_stm32f4xx.o
LOAD Core/Startup/startup_stm32f405rgtx.o
LOAD Core/ros_lib/duration.o
LOAD Core/ros_lib/time.o
LOAD Core/usr/cpp_main.o
LOAD Core/usr/ledStatus.o
LOAD Core/usr/nbt.o
LOAD Core/usr/ringbuffer.o
LOAD Drivers/STM32F4xx_HAL_Driver/Src/stm32f4xx_hal.o
LOAD Drivers/STM32F4xx_HAL_Driver/Src/stm32f4xx_hal_can.o
LOAD Drivers/STM32F4xx_HAL_Driver/Src/stm32f4xx_hal_cortex.o
LOAD Drivers/STM32F4xx_HAL_Driver/Src/stm32f4xx_hal_dma.o
LOAD Drivers/STM32F4xx_HAL_Driver/Src/stm32f4xx_hal_dma_ex.o
LOAD Drivers/STM32F4xx_HAL_Driver/Src/stm32f4xx_hal_exti.o
LOAD Drivers/STM32F4xx_HAL_Driver/Src/stm32f4xx_hal_flash.o
LOAD Drivers/STM32F4xx_HAL_Driver/Src/stm32f4xx_hal_flash_ex.o
LOAD Drivers/STM32F4xx_HAL_Driver/Src/stm32f4xx_hal_flash_ramfunc.o
LOAD Drivers/STM32F4xx_HAL_Driver/Src/stm32f4xx_hal_gpio.o
LOAD Drivers/STM32F4xx_HAL_Driver/Src/stm32f4xx_hal_i2c.o
LOAD Drivers/STM32F4xx_HAL_Driver/Src/stm32f4xx_hal_i2c_ex.o
LOAD Drivers/STM32F4xx_HAL_Driver/Src/stm32f4xx_hal_pcd.o
LOAD Drivers/STM32F4xx_HAL_Driver/Src/stm32f4xx_hal_pcd_ex.o
LOAD Drivers/STM32F4xx_HAL_Driver/Src/stm32f4xx_hal_pwr.o
LOAD Drivers/STM32F4xx_HAL_Driver/Src/stm32f4xx_hal_pwr_ex.o
LOAD Drivers/STM32F4xx_HAL_Driver/Src/stm32f4xx_hal_rcc.o
LOAD Drivers/STM32F4xx_HAL_Driver/Src/stm32f4xx_hal_rcc_ex.o
LOAD Drivers/STM32F4xx_HAL_Driver/Src/stm32f4xx_hal_tim.o
LOAD Drivers/STM32F4xx_HAL_Driver/Src/stm32f4xx_hal_tim_ex.o
LOAD Drivers/STM32F4xx_HAL_Driver/Src/stm32f4xx_ll_usb.o
LOAD Middlewares/ST/STM32_USB_Device_Library/Class/CDC/Src/usbd_cdc.o
LOAD Middlewares/ST/STM32_USB_Device_Library/Core/Src/usbd_core.o
LOAD Middlewares/ST/STM32_USB_Device_Library/Core/Src/usbd_ctlreq.o
LOAD Middlewares/ST/STM32_USB_Device_Library/Core/Src/usbd_ioreq.o
LOAD Middlewares/Third_Party/FreeRTOS/Source/CMSIS_RTOS/cmsis_os.o
LOAD Middlewares/Third_Party/FreeRTOS/Source/croutine.o
LOAD Middlewares/Third_Party/FreeRTOS/Source/event_groups.o
LOAD Middlewares/Third_Party/FreeRTOS/Source/list.o
LOAD Middlewares/Third_Party/FreeRTOS/Source/queue.o
LOAD Middlewares/Third_Party/FreeRTOS/Source/stream_buffer.o
LOAD Middlewares/Third_Party/FreeRTOS/Source/tasks.o
LOAD Middlewares/Third_Party/FreeRTOS/Source/timers.o
LOAD Middlewares/Third_Party/FreeRTOS/Source/portable/GCC/ARM_CM4F/port.o
LOAD Middlewares/Third_Party/FreeRTOS/Source/portable/MemMang/heap_4.o
LOAD USB_DEVICE/App/usb_device.o
LOAD USB_DEVICE/App/usbd_cdc_if.o
LOAD USB_DEVICE/App/usbd_desc.o
LOAD USB_DEVICE/Target/usbd_conf.o
START GROUP
LOAD /opt/st/stm32cubeide_1.4.0/plugins/com.st.stm32cube.ide.mcu.externaltools.gnu-tools-for-stm32.7-2018-q2-update.linux64_1.4.0.202007081208/tools/bin/../lib/gcc/arm-none-eabi/7.3.1/../../../../arm-none-eabi/lib/thumb/v7e-m/fpv4-sp/hard/libstdc++_nano.a
LOAD /opt/st/stm32cubeide_1.4.0/plugins/com.st.stm32cube.ide.mcu.externaltools.gnu-tools-for-stm32.7-2018-q2-update.linux64_1.4.0.202007081208/tools/bin/../lib/gcc/arm-none-eabi/7.3.1/../../../../arm-none-eabi/lib/thumb/v7e-m/fpv4-sp/hard/libsupc++_nano.a
END GROUP
LOAD /opt/st/stm32cubeide_1.4.0/plugins/com.st.stm32cube.ide.mcu.externaltools.gnu-tools-for-stm32.7-2018-q2-update.linux64_1.4.0.202007081208/tools/bin/../lib/gcc/arm-none-eabi/7.3.1/../../../../arm-none-eabi/lib/thumb/v7e-m/fpv4-sp/hard/libstdc++_nano.a
LOAD /opt/st/stm32cubeide_1.4.0/plugins/com.st.stm32cube.ide.mcu.externaltools.gnu-tools-for-stm32.7-2018-q2-update.linux64_1.4.0.202007081208/tools/bin/../lib/gcc/arm-none-eabi/7.3.1/../../../../arm-none-eabi/lib/thumb/v7e-m/fpv4-sp/hard/libm.a
LOAD /opt/st/stm32cubeide_1.4.0/plugins/com.st.stm32cube.ide.mcu.externaltools.gnu-tools-for-stm32.7-2018-q2-update.linux64_1.4.0.202007081208/tools/bin/../lib/gcc/arm-none-eabi/7.3.1/../../../../arm-none-eabi/lib/thumb/v7e-m/fpv4-sp/hard/libc_nano.a
START GROUP
LOAD /opt/st/stm32cubeide_1.4.0/plugins/com.st.stm32cube.ide.mcu.externaltools.gnu-tools-for-stm32.7-2018-q2-update.linux64_1.4.0.202007081208/tools/bin/../lib/gcc/arm-none-eabi/7.3.1/thumb/v7e-m/fpv4-sp/hard/libgcc.a
LOAD /opt/st/stm32cubeide_1.4.0/plugins/com.st.stm32cube.ide.mcu.externaltools.gnu-tools-for-stm32.7-2018-q2-update.linux64_1.4.0.202007081208/tools/bin/../lib/gcc/arm-none-eabi/7.3.1/../../../../arm-none-eabi/lib/thumb/v7e-m/fpv4-sp/hard/libc_nano.a
END GROUP
START GROUP
LOAD /opt/st/stm32cubeide_1.4.0/plugins/com.st.stm32cube.ide.mcu.externaltools.gnu-tools-for-stm32.7-2018-q2-update.linux64_1.4.0.202007081208/tools/bin/../lib/gcc/arm-none-eabi/7.3.1/thumb/v7e-m/fpv4-sp/hard/libgcc.a
LOAD /opt/st/stm32cubeide_1.4.0/plugins/com.st.stm32cube.ide.mcu.externaltools.gnu-tools-for-stm32.7-2018-q2-update.linux64_1.4.0.202007081208/tools/bin/../lib/gcc/arm-none-eabi/7.3.1/../../../../arm-none-eabi/lib/thumb/v7e-m/fpv4-sp/hard/libc_nano.a
END GROUP
LOAD /opt/st/stm32cubeide_1.4.0/plugins/com.st.stm32cube.ide.mcu.externaltools.gnu-tools-for-stm32.7-2018-q2-update.linux64_1.4.0.202007081208/tools/bin/../lib/gcc/arm-none-eabi/7.3.1/thumb/v7e-m/fpv4-sp/hard/crtend.o
LOAD /opt/st/stm32cubeide_1.4.0/plugins/com.st.stm32cube.ide.mcu.externaltools.gnu-tools-for-stm32.7-2018-q2-update.linux64_1.4.0.202007081208/tools/bin/../lib/gcc/arm-none-eabi/7.3.1/thumb/v7e-m/fpv4-sp/hard/crtn.o
                0x0000000020020000                _estack = (ORIGIN (RAM) + LENGTH (RAM))
                0x0000000000000200                _Min_Heap_Size = 0x200
                0x0000000000000400                _Min_Stack_Size = 0x400

.isr_vector     0x0000000008000000      0x188
                0x0000000008000000                . = ALIGN (0x4)
 *(.isr_vector)
 .isr_vector    0x0000000008000000      0x188 Core/Startup/startup_stm32f405rgtx.o
                0x0000000008000000                g_pfnVectors
                0x0000000008000188                . = ALIGN (0x4)

.text           0x0000000008000190     0xf3b0
                0x0000000008000190                . = ALIGN (0x4)
 *(.text)
 .text          0x0000000008000190       0x40 /opt/st/stm32cubeide_1.4.0/plugins/com.st.stm32cube.ide.mcu.externaltools.gnu-tools-for-stm32.7-2018-q2-update.linux64_1.4.0.202007081208/tools/bin/../lib/gcc/arm-none-eabi/7.3.1/thumb/v7e-m/fpv4-sp/hard/crtbegin.o
 .text          0x00000000080001d0       0x10 /opt/st/stm32cubeide_1.4.0/plugins/com.st.stm32cube.ide.mcu.externaltools.gnu-tools-for-stm32.7-2018-q2-update.linux64_1.4.0.202007081208/tools/bin/../lib/gcc/arm-none-eabi/7.3.1/../../../../arm-none-eabi/lib/thumb/v7e-m/fpv4-sp/hard/libc_nano.a(lib_a-strlen.o)
                0x00000000080001d0                strlen
 .text          0x00000000080001e0       0x30 /opt/st/stm32cubeide_1.4.0/plugins/com.st.stm32cube.ide.mcu.externaltools.gnu-tools-for-stm32.7-2018-q2-update.linux64_1.4.0.202007081208/tools/bin/../lib/gcc/arm-none-eabi/7.3.1/thumb/v7e-m/fpv4-sp/hard/libgcc.a(_aeabi_uldivmod.o)
                0x00000000080001e0                __aeabi_uldivmod
 .text          0x0000000008000210      0x2cc /opt/st/stm32cubeide_1.4.0/plugins/com.st.stm32cube.ide.mcu.externaltools.gnu-tools-for-stm32.7-2018-q2-update.linux64_1.4.0.202007081208/tools/bin/../lib/gcc/arm-none-eabi/7.3.1/thumb/v7e-m/fpv4-sp/hard/libgcc.a(_udivmoddi4.o)
                0x0000000008000210                __udivmoddi4
 .text          0x00000000080004dc        0x4 /opt/st/stm32cubeide_1.4.0/plugins/com.st.stm32cube.ide.mcu.externaltools.gnu-tools-for-stm32.7-2018-q2-update.linux64_1.4.0.202007081208/tools/bin/../lib/gcc/arm-none-eabi/7.3.1/thumb/v7e-m/fpv4-sp/hard/libgcc.a(_dvmd_tls.o)
                0x00000000080004dc                __aeabi_ldiv0
                0x00000000080004dc                __aeabi_idiv0
 *(.text*)
 .text.vApplicationGetIdleTaskMemory
                0x00000000080004e0       0x34 Core/Src/freertos.o
                0x00000000080004e0                vApplicationGetIdleTaskMemory
 .text.main     0x0000000008000514      0x1e4 Core/Src/main.o
                0x0000000008000514                main
 .text.SystemClock_Config
                0x00000000080006f8       0xd4 Core/Src/main.o
                0x00000000080006f8                SystemClock_Config
 .text.MX_CAN1_Init
                0x00000000080007cc       0x6c Core/Src/main.o
 .text.MX_I2C1_Init
                0x0000000008000838       0x5c Core/Src/main.o
 .text.MX_GPIO_Init
                0x0000000008000894       0x6c Core/Src/main.o
 .text.HAL_CAN_RxFifo0MsgPendingCallback
                0x0000000008000900      0x230 Core/Src/main.o
                0x0000000008000900                HAL_CAN_RxFifo0MsgPendingCallback
 .text.StartDefaultTask
                0x0000000008000b30       0x22 Core/Src/main.o
                0x0000000008000b30                StartDefaultTask
 *fill*         0x0000000008000b52        0x2 
 .text.StartTask02
                0x0000000008000b54       0x1c Core/Src/main.o
                0x0000000008000b54                StartTask02
 .text.StartTask03
                0x0000000008000b70      0x104 Core/Src/main.o
                0x0000000008000b70                StartTask03
 .text.StartTask04
                0x0000000008000c74       0x1e Core/Src/main.o
                0x0000000008000c74                StartTask04
 .text.StartTask05
                0x0000000008000c92       0x14 Core/Src/main.o
                0x0000000008000c92                StartTask05
 .text.StartTask06
                0x0000000008000ca6       0x10 Core/Src/main.o
                0x0000000008000ca6                StartTask06
 *fill*         0x0000000008000cb6        0x2 
 .text.HAL_TIM_PeriodElapsedCallback
                0x0000000008000cb8       0x30 Core/Src/main.o
                0x0000000008000cb8                HAL_TIM_PeriodElapsedCallback
 .text.Error_Handler
                0x0000000008000ce8        0xe Core/Src/main.o
                0x0000000008000ce8                Error_Handler
 *fill*         0x0000000008000cf6        0x2 
 .text.error    0x0000000008000cf8       0x84 Core/Src/mpu9250_usr.o
                0x0000000008000cf8                error
 .text.sensor_io_read
                0x0000000008000d7c       0x26 Core/Src/mpu9250_usr.o
                0x0000000008000d7c                sensor_io_read
 *fill*         0x0000000008000da2        0x2 
 .text.I2Cx_ReadData
                0x0000000008000da4       0x5c Core/Src/mpu9250_usr.o
                0x0000000008000da4                I2Cx_ReadData
 .text.read_id  0x0000000008000e00       0x28 Core/Src/mpu9250_usr.o
                0x0000000008000e00                read_id
 .text.MPU9250_init
                0x0000000008000e28       0x44 Core/Src/mpu9250_usr.o
                0x0000000008000e28                MPU9250_init
 .text.MPU9250_calibrate
                0x0000000008000e6c      0x430 Core/Src/mpu9250_usr.o
                0x0000000008000e6c                MPU9250_calibrate
 .text.MPU9250_getAllData
                0x000000000800129c      0x234 Core/Src/mpu9250_usr.o
                0x000000000800129c                MPU9250_getAllData
 .text.filter   0x00000000080014d0       0xcc Core/Src/mpu9250_usr.o
                0x00000000080014d0                filter
 .text.MPU9250_writeReg
                0x000000000800159c       0x40 Core/Src/mpu9250_usr.o
                0x000000000800159c                MPU9250_writeReg
 .text.MPU9250_readReg
                0x00000000080015dc       0x40 Core/Src/mpu9250_usr.o
                0x00000000080015dc                MPU9250_readReg
 .text.MPU9250_readReg16Bit
                0x000000000800161c       0x40 Core/Src/mpu9250_usr.o
                0x000000000800161c                MPU9250_readReg16Bit
 .text.MPU9250_readMulti
                0x000000000800165c       0x48 Core/Src/mpu9250_usr.o
                0x000000000800165c                MPU9250_readMulti
 .text.HAL_MspInit
                0x00000000080016a4       0x5c Core/Src/stm32f4xx_hal_msp.o
                0x00000000080016a4                HAL_MspInit
 .text.HAL_CAN_MspInit
                0x0000000008001700       0xb0 Core/Src/stm32f4xx_hal_msp.o
                0x0000000008001700                HAL_CAN_MspInit
 .text.HAL_I2C_MspInit
                0x00000000080017b0       0xa0 Core/Src/stm32f4xx_hal_msp.o
                0x00000000080017b0                HAL_I2C_MspInit
 .text.HAL_InitTick
                0x0000000008001850       0xb4 Core/Src/stm32f4xx_hal_timebase_tim.o
                0x0000000008001850                HAL_InitTick
 .text.NMI_Handler
                0x0000000008001904        0xe Core/Src/stm32f4xx_it.o
                0x0000000008001904                NMI_Handler
 .text.HardFault_Handler
                0x0000000008001912        0x6 Core/Src/stm32f4xx_it.o
                0x0000000008001912                HardFault_Handler
 .text.MemManage_Handler
                0x0000000008001918        0x6 Core/Src/stm32f4xx_it.o
                0x0000000008001918                MemManage_Handler
 .text.BusFault_Handler
                0x000000000800191e        0x6 Core/Src/stm32f4xx_it.o
                0x000000000800191e                BusFault_Handler
 .text.UsageFault_Handler
                0x0000000008001924        0x6 Core/Src/stm32f4xx_it.o
                0x0000000008001924                UsageFault_Handler
 .text.DebugMon_Handler
                0x000000000800192a        0xe Core/Src/stm32f4xx_it.o
                0x000000000800192a                DebugMon_Handler
 .text.RCC_IRQHandler
                0x0000000008001938        0xe Core/Src/stm32f4xx_it.o
                0x0000000008001938                RCC_IRQHandler
 *fill*         0x0000000008001946        0x2 
 .text.CAN1_RX0_IRQHandler
                0x0000000008001948       0x14 Core/Src/stm32f4xx_it.o
                0x0000000008001948                CAN1_RX0_IRQHandler
 .text.CAN1_RX1_IRQHandler
                0x000000000800195c       0x14 Core/Src/stm32f4xx_it.o
                0x000000000800195c                CAN1_RX1_IRQHandler
 .text.TIM3_IRQHandler
                0x0000000008001970       0x14 Core/Src/stm32f4xx_it.o
                0x0000000008001970                TIM3_IRQHandler
 .text.I2C1_EV_IRQHandler
                0x0000000008001984       0x14 Core/Src/stm32f4xx_it.o
                0x0000000008001984                I2C1_EV_IRQHandler
 .text.OTG_FS_IRQHandler
                0x0000000008001998       0x14 Core/Src/stm32f4xx_it.o
                0x0000000008001998                OTG_FS_IRQHandler
 .text._getpid  0x00000000080019ac       0x10 Core/Src/syscalls.o
                0x00000000080019ac                _getpid
 .text._kill    0x00000000080019bc       0x20 Core/Src/syscalls.o
                0x00000000080019bc                _kill
 .text._exit    0x00000000080019dc       0x14 Core/Src/syscalls.o
                0x00000000080019dc                _exit
 .text._sbrk    0x00000000080019f0       0x6c Core/Src/sysmem.o
                0x00000000080019f0                _sbrk
 .text.SystemInit
                0x0000000008001a5c       0x2c Core/Src/system_stm32f4xx.o
                0x0000000008001a5c                SystemInit
 .text.Reset_Handler
                0x0000000008001a88       0x50 Core/Startup/startup_stm32f405rgtx.o
                0x0000000008001a88                Reset_Handler
 .text.Default_Handler
                0x0000000008001ad8        0x2 Core/Startup/startup_stm32f405rgtx.o
                0x0000000008001ad8                RTC_Alarm_IRQHandler
                0x0000000008001ad8                HASH_RNG_IRQHandler
                0x0000000008001ad8                EXTI2_IRQHandler
                0x0000000008001ad8                TIM8_CC_IRQHandler
                0x0000000008001ad8                TIM1_CC_IRQHandler
                0x0000000008001ad8                DMA2_Stream5_IRQHandler
                0x0000000008001ad8                DMA1_Stream5_IRQHandler
                0x0000000008001ad8                PVD_IRQHandler
                0x0000000008001ad8                SDIO_IRQHandler
                0x0000000008001ad8                TAMP_STAMP_IRQHandler
                0x0000000008001ad8                CAN2_RX1_IRQHandler
                0x0000000008001ad8                EXTI3_IRQHandler
                0x0000000008001ad8                TIM8_TRG_COM_TIM14_IRQHandler
                0x0000000008001ad8                TIM1_UP_TIM10_IRQHandler
                0x0000000008001ad8                TIM8_UP_TIM13_IRQHandler
                0x0000000008001ad8                I2C3_ER_IRQHandler
                0x0000000008001ad8                EXTI0_IRQHandler
                0x0000000008001ad8                I2C2_EV_IRQHandler
                0x0000000008001ad8                DMA1_Stream2_IRQHandler
                0x0000000008001ad8                FPU_IRQHandler
                0x0000000008001ad8                OTG_HS_WKUP_IRQHandler
                0x0000000008001ad8                CAN2_SCE_IRQHandler
                0x0000000008001ad8                DMA2_Stream2_IRQHandler
                0x0000000008001ad8                SPI1_IRQHandler
                0x0000000008001ad8                TIM6_DAC_IRQHandler
                0x0000000008001ad8                TIM1_BRK_TIM9_IRQHandler
                0x0000000008001ad8                CAN2_RX0_IRQHandler
                0x0000000008001ad8                DMA2_Stream3_IRQHandler
                0x0000000008001ad8                USART6_IRQHandler
                0x0000000008001ad8                USART3_IRQHandler
                0x0000000008001ad8                UART5_IRQHandler
                0x0000000008001ad8                DMA2_Stream0_IRQHandler
                0x0000000008001ad8                TIM4_IRQHandler
                0x0000000008001ad8                DMA1_Stream6_IRQHandler
                0x0000000008001ad8                DMA1_Stream1_IRQHandler
                0x0000000008001ad8                UART4_IRQHandler
                0x0000000008001ad8                TIM8_BRK_TIM12_IRQHandler
                0x0000000008001ad8                Default_Handler
                0x0000000008001ad8                EXTI15_10_IRQHandler
                0x0000000008001ad8                ADC_IRQHandler
                0x0000000008001ad8                DMA1_Stream7_IRQHandler
                0x0000000008001ad8                TIM7_IRQHandler
                0x0000000008001ad8                CAN2_TX_IRQHandler
                0x0000000008001ad8                TIM5_IRQHandler
                0x0000000008001ad8                DMA2_Stream7_IRQHandler
                0x0000000008001ad8                I2C3_EV_IRQHandler
                0x0000000008001ad8                EXTI9_5_IRQHandler
                0x0000000008001ad8                RTC_WKUP_IRQHandler
                0x0000000008001ad8                SPI2_IRQHandler
                0x0000000008001ad8                OTG_HS_EP1_IN_IRQHandler
                0x0000000008001ad8                DMA1_Stream0_IRQHandler
                0x0000000008001ad8                CAN1_TX_IRQHandler
                0x0000000008001ad8                EXTI4_IRQHandler
                0x0000000008001ad8                FSMC_IRQHandler
                0x0000000008001ad8                OTG_HS_EP1_OUT_IRQHandler
                0x0000000008001ad8                WWDG_IRQHandler
                0x0000000008001ad8                TIM2_IRQHandler
                0x0000000008001ad8                OTG_FS_WKUP_IRQHandler
                0x0000000008001ad8                TIM1_TRG_COM_TIM11_IRQHandler
                0x0000000008001ad8                OTG_HS_IRQHandler
                0x0000000008001ad8                EXTI1_IRQHandler
                0x0000000008001ad8                USART2_IRQHandler
                0x0000000008001ad8                I2C2_ER_IRQHandler
                0x0000000008001ad8                DMA2_Stream1_IRQHandler
                0x0000000008001ad8                CAN1_SCE_IRQHandler
                0x0000000008001ad8                FLASH_IRQHandler
                0x0000000008001ad8                DMA2_Stream4_IRQHandler
                0x0000000008001ad8                USART1_IRQHandler
                0x0000000008001ad8                SPI3_IRQHandler
                0x0000000008001ad8                DMA1_Stream4_IRQHandler
                0x0000000008001ad8                I2C1_ER_IRQHandler
                0x0000000008001ad8                DMA2_Stream6_IRQHandler
                0x0000000008001ad8                DMA1_Stream3_IRQHandler
 *fill*         0x0000000008001ada        0x2 
 .text._ZN3ros16normalizeSecNSecERmS0_
                0x0000000008001adc       0x58 Core/ros_lib/time.o
                0x0000000008001adc                ros::normalizeSecNSec(unsigned long&, unsigned long&)
 .text._ZN3ros3Msg19serializeAvrFloat64EPhf
                0x0000000008001b34       0xd8 Core/usr/cpp_main.o
                0x0000000008001b34                ros::Msg::serializeAvrFloat64(unsigned char*, float)
 .text._ZN3ros3Msg21deserializeAvrFloat64EPKhPf
                0x0000000008001c0c       0xc0 Core/usr/cpp_main.o
                0x0000000008001c0c                ros::Msg::deserializeAvrFloat64(unsigned char const*, float*)
 .text._ZN3ros4TimeC2Ev
                0x0000000008001ccc       0x22 Core/usr/cpp_main.o
                0x0000000008001ccc                ros::Time::Time()
                0x0000000008001ccc                ros::Time::Time()
 *fill*         0x0000000008001cee        0x2 
 .text._ZN3ros3MsgC2Ev
                0x0000000008001cf0       0x20 Core/usr/cpp_main.o
                0x0000000008001cf0                ros::Msg::Msg()
                0x0000000008001cf0                ros::Msg::Msg()
 .text._ZN8std_msgs4TimeC2Ev
                0x0000000008001d10       0x30 Core/usr/cpp_main.o
                0x0000000008001d10                std_msgs::Time::Time()
                0x0000000008001d10                std_msgs::Time::Time()
 .text._ZNK8std_msgs4Time9serializeEPh
                0x0000000008001d40       0xb0 Core/usr/cpp_main.o
                0x0000000008001d40                std_msgs::Time::serialize(unsigned char*) const
 .text._ZN8std_msgs4Time11deserializeEPh
                0x0000000008001df0       0xc8 Core/usr/cpp_main.o
                0x0000000008001df0                std_msgs::Time::deserialize(unsigned char*)
 .text._ZN8std_msgs4Time7getTypeEv
                0x0000000008001eb8       0x1c Core/usr/cpp_main.o
                0x0000000008001eb8                std_msgs::Time::getType()
 .text._ZN8std_msgs4Time6getMD5Ev
                0x0000000008001ed4       0x1c Core/usr/cpp_main.o
                0x0000000008001ed4                std_msgs::Time::getMD5()
 .text._ZN14rosserial_msgs9TopicInfoC2Ev
                0x0000000008001ef0       0x48 Core/usr/cpp_main.o
                0x0000000008001ef0                rosserial_msgs::TopicInfo::TopicInfo()
                0x0000000008001ef0                rosserial_msgs::TopicInfo::TopicInfo()
 .text._ZNK14rosserial_msgs9TopicInfo9serializeEPh
                0x0000000008001f38      0x136 Core/usr/cpp_main.o
                0x0000000008001f38                rosserial_msgs::TopicInfo::serialize(unsigned char*) const
 .text._ZN14rosserial_msgs9TopicInfo11deserializeEPh
                0x000000000800206e      0x1d0 Core/usr/cpp_main.o
                0x000000000800206e                rosserial_msgs::TopicInfo::deserialize(unsigned char*)
 *fill*         0x000000000800223e        0x2 
 .text._ZN14rosserial_msgs9TopicInfo7getTypeEv
                0x0000000008002240       0x1c Core/usr/cpp_main.o
                0x0000000008002240                rosserial_msgs::TopicInfo::getType()
 .text._ZN14rosserial_msgs9TopicInfo6getMD5Ev
                0x000000000800225c       0x1c Core/usr/cpp_main.o
                0x000000000800225c                rosserial_msgs::TopicInfo::getMD5()
 .text._ZN14rosserial_msgs3LogC2Ev
                0x0000000008002278       0x34 Core/usr/cpp_main.o
                0x0000000008002278                rosserial_msgs::Log::Log()
                0x0000000008002278                rosserial_msgs::Log::Log()
 .text._ZNK14rosserial_msgs3Log9serializeEPh
                0x00000000080022ac       0x64 Core/usr/cpp_main.o
                0x00000000080022ac                rosserial_msgs::Log::serialize(unsigned char*) const
 .text._ZN14rosserial_msgs3Log11deserializeEPh
                0x0000000008002310       0x90 Core/usr/cpp_main.o
                0x0000000008002310                rosserial_msgs::Log::deserialize(unsigned char*)
 .text._ZN14rosserial_msgs3Log7getTypeEv
                0x00000000080023a0       0x1c Core/usr/cpp_main.o
                0x00000000080023a0                rosserial_msgs::Log::getType()
 .text._ZN14rosserial_msgs3Log6getMD5Ev
                0x00000000080023bc       0x1c Core/usr/cpp_main.o
                0x00000000080023bc                rosserial_msgs::Log::getMD5()
 .text._ZN14rosserial_msgs20RequestParamResponseC2Ev
                0x00000000080023d8       0x48 Core/usr/cpp_main.o
                0x00000000080023d8                rosserial_msgs::RequestParamResponse::RequestParamResponse()
                0x00000000080023d8                rosserial_msgs::RequestParamResponse::RequestParamResponse()
 .text._ZNK14rosserial_msgs20RequestParamResponse9serializeEPh
                0x0000000008002420      0x222 Core/usr/cpp_main.o
                0x0000000008002420                rosserial_msgs::RequestParamResponse::serialize(unsigned char*) const
 .text._ZN14rosserial_msgs20RequestParamResponse11deserializeEPh
                0x0000000008002642      0x2e2 Core/usr/cpp_main.o
                0x0000000008002642                rosserial_msgs::RequestParamResponse::deserialize(unsigned char*)
 .text._ZN14rosserial_msgs20RequestParamResponse7getTypeEv
                0x0000000008002924       0x1c Core/usr/cpp_main.o
                0x0000000008002924                rosserial_msgs::RequestParamResponse::getType()
 .text._ZN14rosserial_msgs20RequestParamResponse6getMD5Ev
                0x0000000008002940       0x1c Core/usr/cpp_main.o
                0x0000000008002940                rosserial_msgs::RequestParamResponse::getMD5()
 .text._ZN3ros9PublisherC2EPKcPNS_3MsgEi
                0x000000000800295c       0x2e Core/usr/cpp_main.o
                0x000000000800295c                ros::Publisher::Publisher(char const*, ros::Msg*, int)
                0x000000000800295c                ros::Publisher::Publisher(char const*, ros::Msg*, int)
 .text._ZN3ros9Publisher7publishEPKNS_3MsgE
                0x000000000800298a       0x28 Core/usr/cpp_main.o
                0x000000000800298a                ros::Publisher::publish(ros::Msg const*)
 .text._ZN3ros9Publisher15getEndpointTypeEv
                0x00000000080029b2       0x18 Core/usr/cpp_main.o
                0x00000000080029b2                ros::Publisher::getEndpointType()
 .text._ZN13STM32HardwareC2Ev
                0x00000000080029ca       0x16 Core/usr/cpp_main.o
                0x00000000080029ca                STM32Hardware::STM32Hardware()
                0x00000000080029ca                STM32Hardware::STM32Hardware()
 .text._ZN13STM32Hardware4initEv
                0x00000000080029e0       0x14 Core/usr/cpp_main.o
                0x00000000080029e0                STM32Hardware::init()
 .text._ZN13STM32Hardware4readEv
                0x00000000080029f4       0x34 Core/usr/cpp_main.o
                0x00000000080029f4                STM32Hardware::read()
 .text._ZN13STM32Hardware5writeEPhi
                0x0000000008002a28       0x20 Core/usr/cpp_main.o
                0x0000000008002a28                STM32Hardware::write(unsigned char*, int)
 .text._ZN13STM32Hardware4timeEv
                0x0000000008002a48       0x16 Core/usr/cpp_main.o
                0x0000000008002a48                STM32Hardware::time()
 *fill*         0x0000000008002a5e        0x2 
 .text._ZN8std_msgs4Int8C2Ev
                0x0000000008002a60       0x2c Core/usr/cpp_main.o
                0x0000000008002a60                std_msgs::Int8::Int8()
                0x0000000008002a60                std_msgs::Int8::Int8()
 .text._ZNK8std_msgs4Int89serializeEPh
                0x0000000008002a8c       0x34 Core/usr/cpp_main.o
                0x0000000008002a8c                std_msgs::Int8::serialize(unsigned char*) const
 .text._ZN8std_msgs4Int811deserializeEPh
                0x0000000008002ac0       0x3e Core/usr/cpp_main.o
                0x0000000008002ac0                std_msgs::Int8::deserialize(unsigned char*)
 *fill*         0x0000000008002afe        0x2 
 .text._ZN8std_msgs4Int87getTypeEv
                0x0000000008002b00       0x1c Core/usr/cpp_main.o
                0x0000000008002b00                std_msgs::Int8::getType()
 .text._ZN8std_msgs4Int86getMD5Ev
                0x0000000008002b1c       0x1c Core/usr/cpp_main.o
                0x0000000008002b1c                std_msgs::Int8::getMD5()
 .text._ZN8std_msgs19MultiArrayDimensionC2Ev
                0x0000000008002b38       0x3c Core/usr/cpp_main.o
                0x0000000008002b38                std_msgs::MultiArrayDimension::MultiArrayDimension()
                0x0000000008002b38                std_msgs::MultiArrayDimension::MultiArrayDimension()
 .text._ZNK8std_msgs19MultiArrayDimension9serializeEPh
                0x0000000008002b74       0xe6 Core/usr/cpp_main.o
                0x0000000008002b74                std_msgs::MultiArrayDimension::serialize(unsigned char*) const
 .text._ZN8std_msgs19MultiArrayDimension11deserializeEPh
                0x0000000008002c5a      0x12a Core/usr/cpp_main.o
                0x0000000008002c5a                std_msgs::MultiArrayDimension::deserialize(unsigned char*)
 .text._ZN8std_msgs19MultiArrayDimension7getTypeEv
                0x0000000008002d84       0x1c Core/usr/cpp_main.o
                0x0000000008002d84                std_msgs::MultiArrayDimension::getType()
 .text._ZN8std_msgs19MultiArrayDimension6getMD5Ev
                0x0000000008002da0       0x1c Core/usr/cpp_main.o
                0x0000000008002da0                std_msgs::MultiArrayDimension::getMD5()
 .text._ZN8std_msgs16MultiArrayLayoutC2Ev
                0x0000000008002dbc       0x40 Core/usr/cpp_main.o
                0x0000000008002dbc                std_msgs::MultiArrayLayout::MultiArrayLayout()
                0x0000000008002dbc                std_msgs::MultiArrayLayout::MultiArrayLayout()
 .text._ZNK8std_msgs16MultiArrayLayout9serializeEPh
                0x0000000008002dfc       0xec Core/usr/cpp_main.o
                0x0000000008002dfc                std_msgs::MultiArrayLayout::serialize(unsigned char*) const
 .text._ZN8std_msgs16MultiArrayLayout11deserializeEPh
                0x0000000008002ee8      0x120 Core/usr/cpp_main.o
                0x0000000008002ee8                std_msgs::MultiArrayLayout::deserialize(unsigned char*)
 .text._ZN8std_msgs16MultiArrayLayout7getTypeEv
                0x0000000008003008       0x1c Core/usr/cpp_main.o
                0x0000000008003008                std_msgs::MultiArrayLayout::getType()
 .text._ZN8std_msgs16MultiArrayLayout6getMD5Ev
                0x0000000008003024       0x1c Core/usr/cpp_main.o
                0x0000000008003024                std_msgs::MultiArrayLayout::getMD5()
 .text._ZN8std_msgs15UInt8MultiArrayC2Ev
                0x0000000008003040       0x3c Core/usr/cpp_main.o
                0x0000000008003040                std_msgs::UInt8MultiArray::UInt8MultiArray()
                0x0000000008003040                std_msgs::UInt8MultiArray::UInt8MultiArray()
 .text._ZNK8std_msgs15UInt8MultiArray9serializeEPh
                0x000000000800307c       0xa8 Core/usr/cpp_main.o
                0x000000000800307c                std_msgs::UInt8MultiArray::serialize(unsigned char*) const
 .text._ZN8std_msgs15UInt8MultiArray11deserializeEPh
                0x0000000008003124       0xd2 Core/usr/cpp_main.o
                0x0000000008003124                std_msgs::UInt8MultiArray::deserialize(unsigned char*)
 *fill*         0x00000000080031f6        0x2 
 .text._ZN8std_msgs15UInt8MultiArray7getTypeEv
                0x00000000080031f8       0x1c Core/usr/cpp_main.o
                0x00000000080031f8                std_msgs::UInt8MultiArray::getType()
 .text._ZN8std_msgs15UInt8MultiArray6getMD5Ev
                0x0000000008003214       0x1c Core/usr/cpp_main.o
                0x0000000008003214                std_msgs::UInt8MultiArray::getMD5()
 .text._ZN13geometry_msgs7Vector3C2Ev
                0x0000000008003230       0x3c Core/usr/cpp_main.o
                0x0000000008003230                geometry_msgs::Vector3::Vector3()
                0x0000000008003230                geometry_msgs::Vector3::Vector3()
 .text._ZNK13geometry_msgs7Vector39serializeEPh
                0x000000000800326c       0x72 Core/usr/cpp_main.o
                0x000000000800326c                geometry_msgs::Vector3::serialize(unsigned char*) const
 .text._ZN13geometry_msgs7Vector311deserializeEPh
                0x00000000080032de       0x66 Core/usr/cpp_main.o
                0x00000000080032de                geometry_msgs::Vector3::deserialize(unsigned char*)
 .text._ZN13geometry_msgs7Vector37getTypeEv
                0x0000000008003344       0x1c Core/usr/cpp_main.o
                0x0000000008003344                geometry_msgs::Vector3::getType()
 .text._ZN13geometry_msgs7Vector36getMD5Ev
                0x0000000008003360       0x1c Core/usr/cpp_main.o
                0x0000000008003360                geometry_msgs::Vector3::getMD5()
 .text.rpm_rightFront_subCb
                0x000000000800337c       0x74 Core/usr/cpp_main.o
                0x000000000800337c                rpm_rightFront_subCb
 .text.rpm_leftFront_subCb
                0x00000000080033f0       0x6c Core/usr/cpp_main.o
                0x00000000080033f0                rpm_leftFront_subCb
 .text.rpm_rightBack_subCb
                0x000000000800345c       0x6c Core/usr/cpp_main.o
                0x000000000800345c                rpm_rightBack_subCb
 .text.rpm_leftBack_subCb
                0x00000000080034c8       0x6c Core/usr/cpp_main.o
                0x00000000080034c8                rpm_leftBack_subCb
 .text.cdc_receive_put
                0x0000000008003534       0x20 Core/usr/cpp_main.o
                0x0000000008003534                cdc_receive_put
 .text.init_ROS
                0x0000000008003554      0x154 Core/usr/cpp_main.o
                0x0000000008003554                init_ROS
 .text.sensors1_3_data_handler
                0x00000000080036a8       0x6c Core/usr/cpp_main.o
                0x00000000080036a8                sensors1_3_data_handler
 .text.sensors4_6_data_handler
                0x0000000008003714       0x6c Core/usr/cpp_main.o
                0x0000000008003714                sensors4_6_data_handler
 .text.rpm_right_front_handler
                0x0000000008003780       0x74 Core/usr/cpp_main.o
                0x0000000008003780                rpm_right_front_handler
 .text.rpm_left_front_handler
                0x00000000080037f4       0x74 Core/usr/cpp_main.o
                0x00000000080037f4                rpm_left_front_handler
 .text.rpm_right_back_handler
                0x0000000008003868       0x74 Core/usr/cpp_main.o
                0x0000000008003868                rpm_right_back_handler
 .text.rpm_left_back_handler
                0x00000000080038dc       0x74 Core/usr/cpp_main.o
                0x00000000080038dc                rpm_left_back_handler
 .text.gyro_handler
                0x0000000008003950       0x5c Core/usr/cpp_main.o
                0x0000000008003950                gyro_handler
 .text.accel_handler
                0x00000000080039ac       0x5c Core/usr/cpp_main.o
                0x00000000080039ac                accel_handler
 .text.spinOnce
                0x0000000008003a08       0x24 Core/usr/cpp_main.o
                0x0000000008003a08                spinOnce
 .text._ZN3ros3Msg8varToArrIPhmEEvT_T0_
                0x0000000008003a2c       0x3c Core/usr/cpp_main.o
                0x0000000008003a2c                void ros::Msg::varToArr<unsigned char*, unsigned long>(unsigned char*, unsigned long)
 .text._ZN3ros3Msg8arrToVarImPhEEvRT_T0_
                0x0000000008003a68       0x4a Core/usr/cpp_main.o
                0x0000000008003a68                void ros::Msg::arrToVar<unsigned long, unsigned char*>(unsigned long&, unsigned char*)
 *fill*         0x0000000008003ab2        0x2 
 .text._ZN3ros15NodeHandleBase_C2Ev
                0x0000000008003ab4       0x20 Core/usr/cpp_main.o
                0x0000000008003ab4                ros::NodeHandleBase_::NodeHandleBase_()
                0x0000000008003ab4                ros::NodeHandleBase_::NodeHandleBase_()
 .text._ZN3ros11NodeHandle_I13STM32HardwareLi25ELi25ELi512ELi512EEC2Ev
                0x0000000008003ad4       0xfc Core/usr/cpp_main.o
                0x0000000008003ad4                ros::NodeHandle_<STM32Hardware, 25, 25, 512, 512>::NodeHandle_()
                0x0000000008003ad4                ros::NodeHandle_<STM32Hardware, 25, 25, 512, 512>::NodeHandle_()
 .text._ZN3ros11Subscriber_C2Ev
                0x0000000008003bd0       0x20 Core/usr/cpp_main.o
                0x0000000008003bd0                ros::Subscriber_::Subscriber_()
                0x0000000008003bd0                ros::Subscriber_::Subscriber_()
 .text._ZN3ros10SubscriberIN8std_msgs4Int8EvEC2EPKcPFvRKS2_Ei
                0x0000000008003bf0       0x48 Core/usr/cpp_main.o
                0x0000000008003bf0                ros::Subscriber<std_msgs::Int8, void>::Subscriber(char const*, void (*)(std_msgs::Int8 const&), int)
                0x0000000008003bf0                ros::Subscriber<std_msgs::Int8, void>::Subscriber(char const*, void (*)(std_msgs::Int8 const&), int)
 .text._ZN3ros11NodeHandle_I13STM32HardwareLi25ELi25ELi512ELi512EE8initNodeEv
                0x0000000008003c38       0x3a Core/usr/cpp_main.o
                0x0000000008003c38                ros::NodeHandle_<STM32Hardware, 25, 25, 512, 512>::initNode()
 .text._ZN3ros11NodeHandle_I13STM32HardwareLi25ELi25ELi512ELi512EE9subscribeINS_10SubscriberIN8std_msgs4Int8EvEEEEbRT_
                0x0000000008003c72       0x5a Core/usr/cpp_main.o
                0x0000000008003c72                bool ros::NodeHandle_<STM32Hardware, 25, 25, 512, 512>::subscribe<ros::Subscriber<std_msgs::Int8, void> >(ros::Subscriber<std_msgs::Int8, void>&)
 .text._ZN3ros11NodeHandle_I13STM32HardwareLi25ELi25ELi512ELi512EE9advertiseERNS_9PublisherE
                0x0000000008003ccc       0x5c Core/usr/cpp_main.o
                0x0000000008003ccc                ros::NodeHandle_<STM32Hardware, 25, 25, 512, 512>::advertise(ros::Publisher&)
 .text._ZN3ros11NodeHandle_I13STM32HardwareLi25ELi25ELi512ELi512EE9connectedEv
                0x0000000008003d28       0x1a Core/usr/cpp_main.o
                0x0000000008003d28                ros::NodeHandle_<STM32Hardware, 25, 25, 512, 512>::connected()
 .text._ZN3ros11NodeHandle_I13STM32HardwareLi25ELi25ELi512ELi512EE8spinOnceEv
                0x0000000008003d42      0x3ac Core/usr/cpp_main.o
                0x0000000008003d42                ros::NodeHandle_<STM32Hardware, 25, 25, 512, 512>::spinOnce()
 .text._ZN3ros11NodeHandle_I13STM32HardwareLi25ELi25ELi512ELi512EE15requestSyncTimeEv
                0x00000000080040ee       0x3a Core/usr/cpp_main.o
                0x00000000080040ee                ros::NodeHandle_<STM32Hardware, 25, 25, 512, 512>::requestSyncTime()
 .text._ZN3ros11NodeHandle_I13STM32HardwareLi25ELi25ELi512ELi512EE15negotiateTopicsEv
                0x0000000008004128      0x1cc Core/usr/cpp_main.o
                0x0000000008004128                ros::NodeHandle_<STM32Hardware, 25, 25, 512, 512>::negotiateTopics()
 .text._ZN3ros11NodeHandle_I13STM32HardwareLi25ELi25ELi512ELi512EE8syncTimeEPh
                0x00000000080042f4       0x94 Core/usr/cpp_main.o
                0x00000000080042f4                ros::NodeHandle_<STM32Hardware, 25, 25, 512, 512>::syncTime(unsigned char*)
 .text._ZN3ros11NodeHandle_I13STM32HardwareLi25ELi25ELi512ELi512EE7publishEiPKNS_3MsgE
                0x0000000008004388      0x124 Core/usr/cpp_main.o
                0x0000000008004388                ros::NodeHandle_<STM32Hardware, 25, 25, 512, 512>::publish(int, ros::Msg const*)
 .text._ZN3ros11NodeHandle_I13STM32HardwareLi25ELi25ELi512ELi512EE6setNowERNS_4TimeE
                0x00000000080044ac       0x7c Core/usr/cpp_main.o
                0x00000000080044ac                ros::NodeHandle_<STM32Hardware, 25, 25, 512, 512>::setNow(ros::Time&)
 .text._ZN3ros11NodeHandle_I13STM32HardwareLi25ELi25ELi512ELi512EE8logerrorEPKc
                0x0000000008004528       0x1c Core/usr/cpp_main.o
                0x0000000008004528                ros::NodeHandle_<STM32Hardware, 25, 25, 512, 512>::logerror(char const*)
 .text._ZN3ros11NodeHandle_I13STM32HardwareLi25ELi25ELi512ELi512EE3logEcPKc
                0x0000000008004544       0x38 Core/usr/cpp_main.o
                0x0000000008004544                ros::NodeHandle_<STM32Hardware, 25, 25, 512, 512>::log(char, char const*)
 .text._Z41__static_initialization_and_destruction_0ii
                0x000000000800457c      0x1d8 Core/usr/cpp_main.o
 .text._ZN3ros10SubscriberIN8std_msgs4Int8EvE8callbackEPh
                0x0000000008004754       0x2a Core/usr/cpp_main.o
                0x0000000008004754                ros::Subscriber<std_msgs::Int8, void>::callback(unsigned char*)
 .text._ZN3ros10SubscriberIN8std_msgs4Int8EvE15getEndpointTypeEv
                0x000000000800477e       0x18 Core/usr/cpp_main.o
                0x000000000800477e                ros::Subscriber<std_msgs::Int8, void>::getEndpointType()
 .text._ZN3ros10SubscriberIN8std_msgs4Int8EvE10getMsgTypeEv
                0x0000000008004796       0x1c Core/usr/cpp_main.o
                0x0000000008004796                ros::Subscriber<std_msgs::Int8, void>::getMsgType()
 .text._ZN3ros10SubscriberIN8std_msgs4Int8EvE9getMsgMD5Ev
                0x00000000080047b2       0x1c Core/usr/cpp_main.o
                0x00000000080047b2                ros::Subscriber<std_msgs::Int8, void>::getMsgMD5()
 .text._GLOBAL__sub_I_rb
                0x00000000080047ce       0x10 Core/usr/cpp_main.o
 .text._Z8NBT_initP5nbt_tm
                0x00000000080047de       0x22 Core/usr/nbt.o
                0x00000000080047de                NBT_init(nbt_t*, unsigned long)
 .text._Z11NBT_handlerP5nbt_t
                0x0000000008004800       0x3e Core/usr/nbt.o
                0x0000000008004800                NBT_handler(nbt_t*)
 .text._Z17ringbuffer_statusP10ringbuffer
                0x000000000800483e       0x4e Core/usr/ringbuffer.o
                0x000000000800483e                ringbuffer_status(ringbuffer*)
 .text._Z19ringbuffer_data_lenP10ringbuffer
                0x000000000800488c       0x8a Core/usr/ringbuffer.o
                0x000000000800488c                ringbuffer_data_len(ringbuffer*)
 .text._Z18ringbuffer_putcharP10ringbufferh
                0x0000000008004916       0xaa Core/usr/ringbuffer.o
                0x0000000008004916                ringbuffer_putchar(ringbuffer*, unsigned char)
 .text._Z18ringbuffer_getcharP10ringbufferPh
                0x00000000080049c0       0xa2 Core/usr/ringbuffer.o
                0x00000000080049c0                ringbuffer_getchar(ringbuffer*, unsigned char*)
 .text._Z15ringbuffer_initP10ringbufferPhs
                0x0000000008004a62       0x6e Core/usr/ringbuffer.o
                0x0000000008004a62                ringbuffer_init(ringbuffer*, unsigned char*, short)
 .text.HAL_Init
                0x0000000008004ad0       0x44 Drivers/STM32F4xx_HAL_Driver/Src/stm32f4xx_hal.o
                0x0000000008004ad0                HAL_Init
 .text.HAL_IncTick
                0x0000000008004b14       0x28 Drivers/STM32F4xx_HAL_Driver/Src/stm32f4xx_hal.o
                0x0000000008004b14                HAL_IncTick
 .text.HAL_GetTick
                0x0000000008004b3c       0x18 Drivers/STM32F4xx_HAL_Driver/Src/stm32f4xx_hal.o
                0x0000000008004b3c                HAL_GetTick
 .text.HAL_Delay
                0x0000000008004b54       0x44 Drivers/STM32F4xx_HAL_Driver/Src/stm32f4xx_hal.o
                0x0000000008004b54                HAL_Delay
 .text.HAL_CAN_Init
                0x0000000008004b98      0x1f6 Drivers/STM32F4xx_HAL_Driver/Src/stm32f4xx_hal_can.o
                0x0000000008004b98                HAL_CAN_Init
 *fill*         0x0000000008004d8e        0x2 
 .text.HAL_CAN_ConfigFilter
                0x0000000008004d90      0x1c0 Drivers/STM32F4xx_HAL_Driver/Src/stm32f4xx_hal_can.o
                0x0000000008004d90                HAL_CAN_ConfigFilter
 .text.HAL_CAN_Start
                0x0000000008004f50       0x88 Drivers/STM32F4xx_HAL_Driver/Src/stm32f4xx_hal_can.o
                0x0000000008004f50                HAL_CAN_Start
 .text.HAL_CAN_AddTxMessage
                0x0000000008004fd8      0x1b6 Drivers/STM32F4xx_HAL_Driver/Src/stm32f4xx_hal_can.o
                0x0000000008004fd8                HAL_CAN_AddTxMessage
 .text.HAL_CAN_GetRxMessage
                0x000000000800518e      0x224 Drivers/STM32F4xx_HAL_Driver/Src/stm32f4xx_hal_can.o
                0x000000000800518e                HAL_CAN_GetRxMessage
 .text.HAL_CAN_ActivateNotification
                0x00000000080053b2       0x4c Drivers/STM32F4xx_HAL_Driver/Src/stm32f4xx_hal_can.o
                0x00000000080053b2                HAL_CAN_ActivateNotification
 .text.HAL_CAN_IRQHandler
                0x00000000080053fe      0x362 Drivers/STM32F4xx_HAL_Driver/Src/stm32f4xx_hal_can.o
                0x00000000080053fe                HAL_CAN_IRQHandler
 .text.HAL_CAN_TxMailbox0CompleteCallback
                0x0000000008005760       0x14 Drivers/STM32F4xx_HAL_Driver/Src/stm32f4xx_hal_can.o
                0x0000000008005760                HAL_CAN_TxMailbox0CompleteCallback
 .text.HAL_CAN_TxMailbox1CompleteCallback
                0x0000000008005774       0x14 Drivers/STM32F4xx_HAL_Driver/Src/stm32f4xx_hal_can.o
                0x0000000008005774                HAL_CAN_TxMailbox1CompleteCallback
 .text.HAL_CAN_TxMailbox2CompleteCallback
                0x0000000008005788       0x14 Drivers/STM32F4xx_HAL_Driver/Src/stm32f4xx_hal_can.o
                0x0000000008005788                HAL_CAN_TxMailbox2CompleteCallback
 .text.HAL_CAN_TxMailbox0AbortCallback
                0x000000000800579c       0x14 Drivers/STM32F4xx_HAL_Driver/Src/stm32f4xx_hal_can.o
                0x000000000800579c                HAL_CAN_TxMailbox0AbortCallback
 .text.HAL_CAN_TxMailbox1AbortCallback
                0x00000000080057b0       0x14 Drivers/STM32F4xx_HAL_Driver/Src/stm32f4xx_hal_can.o
                0x00000000080057b0                HAL_CAN_TxMailbox1AbortCallback
 .text.HAL_CAN_TxMailbox2AbortCallback
                0x00000000080057c4       0x14 Drivers/STM32F4xx_HAL_Driver/Src/stm32f4xx_hal_can.o
                0x00000000080057c4                HAL_CAN_TxMailbox2AbortCallback
 .text.HAL_CAN_RxFifo0FullCallback
                0x00000000080057d8       0x14 Drivers/STM32F4xx_HAL_Driver/Src/stm32f4xx_hal_can.o
                0x00000000080057d8                HAL_CAN_RxFifo0FullCallback
 .text.HAL_CAN_RxFifo1MsgPendingCallback
                0x00000000080057ec       0x14 Drivers/STM32F4xx_HAL_Driver/Src/stm32f4xx_hal_can.o
                0x00000000080057ec                HAL_CAN_RxFifo1MsgPendingCallback
 .text.HAL_CAN_RxFifo1FullCallback
                0x0000000008005800       0x14 Drivers/STM32F4xx_HAL_Driver/Src/stm32f4xx_hal_can.o
                0x0000000008005800                HAL_CAN_RxFifo1FullCallback
 .text.HAL_CAN_SleepCallback
                0x0000000008005814       0x14 Drivers/STM32F4xx_HAL_Driver/Src/stm32f4xx_hal_can.o
                0x0000000008005814                HAL_CAN_SleepCallback
 .text.HAL_CAN_WakeUpFromRxMsgCallback
                0x0000000008005828       0x14 Drivers/STM32F4xx_HAL_Driver/Src/stm32f4xx_hal_can.o
                0x0000000008005828                HAL_CAN_WakeUpFromRxMsgCallback
 .text.HAL_CAN_ErrorCallback
                0x000000000800583c       0x14 Drivers/STM32F4xx_HAL_Driver/Src/stm32f4xx_hal_can.o
                0x000000000800583c                HAL_CAN_ErrorCallback
 .text.__NVIC_SetPriorityGrouping
                0x0000000008005850       0x48 Drivers/STM32F4xx_HAL_Driver/Src/stm32f4xx_hal_cortex.o
 .text.__NVIC_GetPriorityGrouping
                0x0000000008005898       0x1c Drivers/STM32F4xx_HAL_Driver/Src/stm32f4xx_hal_cortex.o
 .text.__NVIC_EnableIRQ
                0x00000000080058b4       0x3c Drivers/STM32F4xx_HAL_Driver/Src/stm32f4xx_hal_cortex.o
 .text.__NVIC_SetPriority
                0x00000000080058f0       0x54 Drivers/STM32F4xx_HAL_Driver/Src/stm32f4xx_hal_cortex.o
 .text.NVIC_EncodePriority
                0x0000000008005944       0x66 Drivers/STM32F4xx_HAL_Driver/Src/stm32f4xx_hal_cortex.o
 .text.HAL_NVIC_SetPriorityGrouping
                0x00000000080059aa       0x16 Drivers/STM32F4xx_HAL_Driver/Src/stm32f4xx_hal_cortex.o
                0x00000000080059aa                HAL_NVIC_SetPriorityGrouping
 .text.HAL_NVIC_SetPriority
                0x00000000080059c0       0x38 Drivers/STM32F4xx_HAL_Driver/Src/stm32f4xx_hal_cortex.o
                0x00000000080059c0                HAL_NVIC_SetPriority
 .text.HAL_NVIC_EnableIRQ
                0x00000000080059f8       0x1c Drivers/STM32F4xx_HAL_Driver/Src/stm32f4xx_hal_cortex.o
                0x00000000080059f8                HAL_NVIC_EnableIRQ
 .text.HAL_DMA_Abort_IT
                0x0000000008005a14       0x44 Drivers/STM32F4xx_HAL_Driver/Src/stm32f4xx_hal_dma.o
                0x0000000008005a14                HAL_DMA_Abort_IT
 .text.HAL_DMA_GetState
                0x0000000008005a58       0x1c Drivers/STM32F4xx_HAL_Driver/Src/stm32f4xx_hal_dma.o
                0x0000000008005a58                HAL_DMA_GetState
 .text.HAL_GPIO_Init
                0x0000000008005a74      0x334 Drivers/STM32F4xx_HAL_Driver/Src/stm32f4xx_hal_gpio.o
                0x0000000008005a74                HAL_GPIO_Init
 .text.HAL_GPIO_TogglePin
                0x0000000008005da8       0x36 Drivers/STM32F4xx_HAL_Driver/Src/stm32f4xx_hal_gpio.o
                0x0000000008005da8                HAL_GPIO_TogglePin
 *fill*         0x0000000008005dde        0x2 
 .text.HAL_I2C_Init
                0x0000000008005de0      0x270 Drivers/STM32F4xx_HAL_Driver/Src/stm32f4xx_hal_i2c.o
                0x0000000008005de0                HAL_I2C_Init
 .text.HAL_I2C_Master_Transmit
                0x0000000008006050      0x1fc Drivers/STM32F4xx_HAL_Driver/Src/stm32f4xx_hal_i2c.o
                0x0000000008006050                HAL_I2C_Master_Transmit
 .text.HAL_I2C_Mem_Read
                0x000000000800624c      0x44c Drivers/STM32F4xx_HAL_Driver/Src/stm32f4xx_hal_i2c.o
                0x000000000800624c                HAL_I2C_Mem_Read
 .text.HAL_I2C_EV_IRQHandler
                0x0000000008006698      0x2da Drivers/STM32F4xx_HAL_Driver/Src/stm32f4xx_hal_i2c.o
                0x0000000008006698                HAL_I2C_EV_IRQHandler
 .text.HAL_I2C_MasterTxCpltCallback
                0x0000000008006972       0x14 Drivers/STM32F4xx_HAL_Driver/Src/stm32f4xx_hal_i2c.o
                0x0000000008006972                HAL_I2C_MasterTxCpltCallback
 .text.HAL_I2C_MasterRxCpltCallback
                0x0000000008006986       0x14 Drivers/STM32F4xx_HAL_Driver/Src/stm32f4xx_hal_i2c.o
                0x0000000008006986                HAL_I2C_MasterRxCpltCallback
 .text.HAL_I2C_SlaveTxCpltCallback
                0x000000000800699a       0x14 Drivers/STM32F4xx_HAL_Driver/Src/stm32f4xx_hal_i2c.o
                0x000000000800699a                HAL_I2C_SlaveTxCpltCallback
 .text.HAL_I2C_SlaveRxCpltCallback
                0x00000000080069ae       0x14 Drivers/STM32F4xx_HAL_Driver/Src/stm32f4xx_hal_i2c.o
                0x00000000080069ae                HAL_I2C_SlaveRxCpltCallback
 .text.HAL_I2C_AddrCallback
                0x00000000080069c2       0x1c Drivers/STM32F4xx_HAL_Driver/Src/stm32f4xx_hal_i2c.o
                0x00000000080069c2                HAL_I2C_AddrCallback
 .text.HAL_I2C_ListenCpltCallback
                0x00000000080069de       0x14 Drivers/STM32F4xx_HAL_Driver/Src/stm32f4xx_hal_i2c.o
                0x00000000080069de                HAL_I2C_ListenCpltCallback
 .text.HAL_I2C_MemTxCpltCallback
                0x00000000080069f2       0x14 Drivers/STM32F4xx_HAL_Driver/Src/stm32f4xx_hal_i2c.o
                0x00000000080069f2                HAL_I2C_MemTxCpltCallback
 .text.HAL_I2C_MemRxCpltCallback
                0x0000000008006a06       0x14 Drivers/STM32F4xx_HAL_Driver/Src/stm32f4xx_hal_i2c.o
                0x0000000008006a06                HAL_I2C_MemRxCpltCallback
 .text.HAL_I2C_ErrorCallback
                0x0000000008006a1a       0x14 Drivers/STM32F4xx_HAL_Driver/Src/stm32f4xx_hal_i2c.o
                0x0000000008006a1a                HAL_I2C_ErrorCallback
 .text.HAL_I2C_AbortCpltCallback
                0x0000000008006a2e       0x14 Drivers/STM32F4xx_HAL_Driver/Src/stm32f4xx_hal_i2c.o
                0x0000000008006a2e                HAL_I2C_AbortCpltCallback
 .text.I2C_MasterTransmit_TXE
                0x0000000008006a42      0x138 Drivers/STM32F4xx_HAL_Driver/Src/stm32f4xx_hal_i2c.o
 .text.I2C_MasterTransmit_BTF
                0x0000000008006b7a       0xd0 Drivers/STM32F4xx_HAL_Driver/Src/stm32f4xx_hal_i2c.o
 .text.I2C_MemoryTransmit_TXE_BTF
                0x0000000008006c4a      0x11e Drivers/STM32F4xx_HAL_Driver/Src/stm32f4xx_hal_i2c.o
 .text.I2C_MasterReceive_RXNE
                0x0000000008006d68      0x162 Drivers/STM32F4xx_HAL_Driver/Src/stm32f4xx_hal_i2c.o
 .text.I2C_MasterReceive_BTF
                0x0000000008006eca      0x1d4 Drivers/STM32F4xx_HAL_Driver/Src/stm32f4xx_hal_i2c.o
 .text.I2C_Master_SB
                0x000000000800709e      0x10c Drivers/STM32F4xx_HAL_Driver/Src/stm32f4xx_hal_i2c.o
 .text.I2C_Master_ADD10
                0x00000000080071aa       0x54 Drivers/STM32F4xx_HAL_Driver/Src/stm32f4xx_hal_i2c.o
 .text.I2C_Master_ADDR
                0x00000000080071fe      0x322 Drivers/STM32F4xx_HAL_Driver/Src/stm32f4xx_hal_i2c.o
 .text.I2C_SlaveTransmit_TXE
                0x0000000008007520       0x7a Drivers/STM32F4xx_HAL_Driver/Src/stm32f4xx_hal_i2c.o
 .text.I2C_SlaveTransmit_BTF
                0x000000000800759a       0x42 Drivers/STM32F4xx_HAL_Driver/Src/stm32f4xx_hal_i2c.o
 .text.I2C_SlaveReceive_RXNE
                0x00000000080075dc       0x7c Drivers/STM32F4xx_HAL_Driver/Src/stm32f4xx_hal_i2c.o
 .text.I2C_SlaveReceive_BTF
                0x0000000008007658       0x44 Drivers/STM32F4xx_HAL_Driver/Src/stm32f4xx_hal_i2c.o
 .text.I2C_Slave_ADDR
                0x000000000800769c       0x88 Drivers/STM32F4xx_HAL_Driver/Src/stm32f4xx_hal_i2c.o
 .text.I2C_Slave_STOPF
                0x0000000008007724      0x260 Drivers/STM32F4xx_HAL_Driver/Src/stm32f4xx_hal_i2c.o
 .text.I2C_ITError
                0x0000000008007984      0x264 Drivers/STM32F4xx_HAL_Driver/Src/stm32f4xx_hal_i2c.o
 .text.I2C_MasterRequestWrite
                0x0000000008007be8      0x104 Drivers/STM32F4xx_HAL_Driver/Src/stm32f4xx_hal_i2c.o
 .text.I2C_RequestMemoryRead
                0x0000000008007cec      0x1d0 Drivers/STM32F4xx_HAL_Driver/Src/stm32f4xx_hal_i2c.o
 .text.I2C_DMAAbort
                0x0000000008007ebc      0x150 Drivers/STM32F4xx_HAL_Driver/Src/stm32f4xx_hal_i2c.o
 .text.I2C_WaitOnFlagUntilTimeout
                0x000000000800800c       0xae Drivers/STM32F4xx_HAL_Driver/Src/stm32f4xx_hal_i2c.o
 .text.I2C_WaitOnMasterAddressFlagUntilTimeout
                0x00000000080080ba       0xfe Drivers/STM32F4xx_HAL_Driver/Src/stm32f4xx_hal_i2c.o
 .text.I2C_WaitOnTXEFlagUntilTimeout
                0x00000000080081b8       0x82 Drivers/STM32F4xx_HAL_Driver/Src/stm32f4xx_hal_i2c.o
 .text.I2C_WaitOnBTFFlagUntilTimeout
                0x000000000800823a       0x82 Drivers/STM32F4xx_HAL_Driver/Src/stm32f4xx_hal_i2c.o
 .text.I2C_WaitOnSTOPRequestThroughIT
                0x00000000080082bc       0x64 Drivers/STM32F4xx_HAL_Driver/Src/stm32f4xx_hal_i2c.o
 .text.I2C_WaitOnRXNEFlagUntilTimeout
                0x0000000008008320       0xac Drivers/STM32F4xx_HAL_Driver/Src/stm32f4xx_hal_i2c.o
 .text.I2C_IsAcknowledgeFailed
                0x00000000080083cc       0x5e Drivers/STM32F4xx_HAL_Driver/Src/stm32f4xx_hal_i2c.o
 .text.I2C_ConvertOtherXferOptions
                0x000000000800842a       0x36 Drivers/STM32F4xx_HAL_Driver/Src/stm32f4xx_hal_i2c.o
 .text.HAL_PCD_Init
                0x0000000008008460      0x23a Drivers/STM32F4xx_HAL_Driver/Src/stm32f4xx_hal_pcd.o
                0x0000000008008460                HAL_PCD_Init
 .text.HAL_PCD_Start
                0x000000000800869a       0x66 Drivers/STM32F4xx_HAL_Driver/Src/stm32f4xx_hal_pcd.o
                0x000000000800869a                HAL_PCD_Start
 .text.HAL_PCD_IRQHandler
                0x0000000008008700      0x764 Drivers/STM32F4xx_HAL_Driver/Src/stm32f4xx_hal_pcd.o
                0x0000000008008700                HAL_PCD_IRQHandler
 .text.HAL_PCD_SetAddress
                0x0000000008008e64       0x4a Drivers/STM32F4xx_HAL_Driver/Src/stm32f4xx_hal_pcd.o
                0x0000000008008e64                HAL_PCD_SetAddress
 .text.HAL_PCD_EP_Open
                0x0000000008008eae       0xd0 Drivers/STM32F4xx_HAL_Driver/Src/stm32f4xx_hal_pcd.o
                0x0000000008008eae                HAL_PCD_EP_Open
 .text.HAL_PCD_EP_Close
                0x0000000008008f7e       0x94 Drivers/STM32F4xx_HAL_Driver/Src/stm32f4xx_hal_pcd.o
                0x0000000008008f7e                HAL_PCD_EP_Close
 .text.HAL_PCD_EP_Receive
                0x0000000008009012       0x96 Drivers/STM32F4xx_HAL_Driver/Src/stm32f4xx_hal_pcd.o
                0x0000000008009012                HAL_PCD_EP_Receive
 .text.HAL_PCD_EP_GetRxCount
                0x00000000080090a8       0x30 Drivers/STM32F4xx_HAL_Driver/Src/stm32f4xx_hal_pcd.o
                0x00000000080090a8                HAL_PCD_EP_GetRxCount
 .text.HAL_PCD_EP_Transmit
                0x00000000080090d8       0x94 Drivers/STM32F4xx_HAL_Driver/Src/stm32f4xx_hal_pcd.o
                0x00000000080090d8                HAL_PCD_EP_Transmit
 .text.HAL_PCD_EP_SetStall
                0x000000000800916c       0xc8 Drivers/STM32F4xx_HAL_Driver/Src/stm32f4xx_hal_pcd.o
                0x000000000800916c                HAL_PCD_EP_SetStall
 .text.HAL_PCD_EP_ClrStall
                0x0000000008009234       0xac Drivers/STM32F4xx_HAL_Driver/Src/stm32f4xx_hal_pcd.o
                0x0000000008009234                HAL_PCD_EP_ClrStall
 .text.PCD_WriteEmptyTxFifo
                0x00000000080092e0      0x11a Drivers/STM32F4xx_HAL_Driver/Src/stm32f4xx_hal_pcd.o
 *fill*         0x00000000080093fa        0x2 
 .text.PCD_EP_OutXfrComplete_int
                0x00000000080093fc      0x218 Drivers/STM32F4xx_HAL_Driver/Src/stm32f4xx_hal_pcd.o
 .text.PCD_EP_OutSetupPacket_int
                0x0000000008009614       0x8c Drivers/STM32F4xx_HAL_Driver/Src/stm32f4xx_hal_pcd.o
 .text.HAL_PCDEx_SetTxFiFo
                0x00000000080096a0       0x8e Drivers/STM32F4xx_HAL_Driver/Src/stm32f4xx_hal_pcd_ex.o
                0x00000000080096a0                HAL_PCDEx_SetTxFiFo
 .text.HAL_PCDEx_SetRxFiFo
                0x000000000800972e       0x22 Drivers/STM32F4xx_HAL_Driver/Src/stm32f4xx_hal_pcd_ex.o
                0x000000000800972e                HAL_PCDEx_SetRxFiFo
 .text.HAL_PCDEx_LPM_Callback
                0x0000000008009750       0x18 Drivers/STM32F4xx_HAL_Driver/Src/stm32f4xx_hal_pcd_ex.o
                0x0000000008009750                HAL_PCDEx_LPM_Callback
 .text.HAL_RCC_OscConfig
                0x0000000008009768      0x4e0 Drivers/STM32F4xx_HAL_Driver/Src/stm32f4xx_hal_rcc.o
                0x0000000008009768                HAL_RCC_OscConfig
 .text.HAL_RCC_ClockConfig
                0x0000000008009c48      0x1cc Drivers/STM32F4xx_HAL_Driver/Src/stm32f4xx_hal_rcc.o
                0x0000000008009c48                HAL_RCC_ClockConfig
 .text.HAL_RCC_GetSysClockFreq
                0x0000000008009e14      0x1b0 Drivers/STM32F4xx_HAL_Driver/Src/stm32f4xx_hal_rcc.o
                0x0000000008009e14                HAL_RCC_GetSysClockFreq
 .text.HAL_RCC_GetHCLKFreq
                0x0000000008009fc4       0x18 Drivers/STM32F4xx_HAL_Driver/Src/stm32f4xx_hal_rcc.o
                0x0000000008009fc4                HAL_RCC_GetHCLKFreq
 .text.HAL_RCC_GetPCLK1Freq
                0x0000000008009fdc       0x28 Drivers/STM32F4xx_HAL_Driver/Src/stm32f4xx_hal_rcc.o
                0x0000000008009fdc                HAL_RCC_GetPCLK1Freq
 .text.HAL_RCC_GetClockConfig
                0x000000000800a004       0x64 Drivers/STM32F4xx_HAL_Driver/Src/stm32f4xx_hal_rcc.o
                0x000000000800a004                HAL_RCC_GetClockConfig
 .text.HAL_TIM_Base_Init
                0x000000000800a068       0x56 Drivers/STM32F4xx_HAL_Driver/Src/stm32f4xx_hal_tim.o
                0x000000000800a068                HAL_TIM_Base_Init
 .text.HAL_TIM_Base_MspInit
                0x000000000800a0be       0x14 Drivers/STM32F4xx_HAL_Driver/Src/stm32f4xx_hal_tim.o
                0x000000000800a0be                HAL_TIM_Base_MspInit
 .text.HAL_TIM_Base_Start_IT
                0x000000000800a0d2       0x48 Drivers/STM32F4xx_HAL_Driver/Src/stm32f4xx_hal_tim.o
                0x000000000800a0d2                HAL_TIM_Base_Start_IT
 .text.HAL_TIM_IRQHandler
                0x000000000800a11a      0x210 Drivers/STM32F4xx_HAL_Driver/Src/stm32f4xx_hal_tim.o
                0x000000000800a11a                HAL_TIM_IRQHandler
 .text.HAL_TIM_OC_DelayElapsedCallback
                0x000000000800a32a       0x14 Drivers/STM32F4xx_HAL_Driver/Src/stm32f4xx_hal_tim.o
                0x000000000800a32a                HAL_TIM_OC_DelayElapsedCallback
 .text.HAL_TIM_IC_CaptureCallback
                0x000000000800a33e       0x14 Drivers/STM32F4xx_HAL_Driver/Src/stm32f4xx_hal_tim.o
                0x000000000800a33e                HAL_TIM_IC_CaptureCallback
 .text.HAL_TIM_PWM_PulseFinishedCallback
                0x000000000800a352       0x14 Drivers/STM32F4xx_HAL_Driver/Src/stm32f4xx_hal_tim.o
                0x000000000800a352                HAL_TIM_PWM_PulseFinishedCallback
 .text.HAL_TIM_TriggerCallback
                0x000000000800a366       0x14 Drivers/STM32F4xx_HAL_Driver/Src/stm32f4xx_hal_tim.o
                0x000000000800a366                HAL_TIM_TriggerCallback
 *fill*         0x000000000800a37a        0x2 
 .text.TIM_Base_SetConfig
                0x000000000800a37c      0x140 Drivers/STM32F4xx_HAL_Driver/Src/stm32f4xx_hal_tim.o
                0x000000000800a37c                TIM_Base_SetConfig
 .text.HAL_TIMEx_CommutCallback
                0x000000000800a4bc       0x14 Drivers/STM32F4xx_HAL_Driver/Src/stm32f4xx_hal_tim_ex.o
                0x000000000800a4bc                HAL_TIMEx_CommutCallback
 .text.HAL_TIMEx_BreakCallback
                0x000000000800a4d0       0x14 Drivers/STM32F4xx_HAL_Driver/Src/stm32f4xx_hal_tim_ex.o
                0x000000000800a4d0                HAL_TIMEx_BreakCallback
 .text.USB_CoreInit
                0x000000000800a4e4       0xc2 Drivers/STM32F4xx_HAL_Driver/Src/stm32f4xx_ll_usb.o
                0x000000000800a4e4                USB_CoreInit
 *fill*         0x000000000800a5a6        0x2 
 .text.USB_SetTurnaroundTime
                0x000000000800a5a8      0x144 Drivers/STM32F4xx_HAL_Driver/Src/stm32f4xx_ll_usb.o
                0x000000000800a5a8                USB_SetTurnaroundTime
 .text.USB_EnableGlobalInt
                0x000000000800a6ec       0x22 Drivers/STM32F4xx_HAL_Driver/Src/stm32f4xx_ll_usb.o
                0x000000000800a6ec                USB_EnableGlobalInt
 .text.USB_DisableGlobalInt
                0x000000000800a70e       0x22 Drivers/STM32F4xx_HAL_Driver/Src/stm32f4xx_ll_usb.o
                0x000000000800a70e                USB_DisableGlobalInt
 .text.USB_SetCurrentMode
                0x000000000800a730       0x54 Drivers/STM32F4xx_HAL_Driver/Src/stm32f4xx_ll_usb.o
                0x000000000800a730                USB_SetCurrentMode
 .text.USB_DevInit
                0x000000000800a784      0x2c8 Drivers/STM32F4xx_HAL_Driver/Src/stm32f4xx_ll_usb.o
                0x000000000800a784                USB_DevInit
 .text.USB_FlushTxFifo
                0x000000000800aa4c       0x4c Drivers/STM32F4xx_HAL_Driver/Src/stm32f4xx_ll_usb.o
                0x000000000800aa4c                USB_FlushTxFifo
 .text.USB_FlushRxFifo
                0x000000000800aa98       0x44 Drivers/STM32F4xx_HAL_Driver/Src/stm32f4xx_ll_usb.o
                0x000000000800aa98                USB_FlushRxFifo
 .text.USB_SetDevSpeed
                0x000000000800aadc       0x32 Drivers/STM32F4xx_HAL_Driver/Src/stm32f4xx_ll_usb.o
                0x000000000800aadc                USB_SetDevSpeed
 .text.USB_GetDevSpeed
                0x000000000800ab0e       0x4a Drivers/STM32F4xx_HAL_Driver/Src/stm32f4xx_ll_usb.o
                0x000000000800ab0e                USB_GetDevSpeed
 .text.USB_ActivateEndpoint
                0x000000000800ab58      0x10e Drivers/STM32F4xx_HAL_Driver/Src/stm32f4xx_ll_usb.o
                0x000000000800ab58                USB_ActivateEndpoint
 *fill*         0x000000000800ac66        0x2 
 .text.USB_DeactivateEndpoint
                0x000000000800ac68      0x1b8 Drivers/STM32F4xx_HAL_Driver/Src/stm32f4xx_ll_usb.o
                0x000000000800ac68                USB_DeactivateEndpoint
 .text.USB_EPStartXfer
                0x000000000800ae20      0x488 Drivers/STM32F4xx_HAL_Driver/Src/stm32f4xx_ll_usb.o
                0x000000000800ae20                USB_EPStartXfer
 .text.USB_EP0StartXfer
                0x000000000800b2a8      0x2a6 Drivers/STM32F4xx_HAL_Driver/Src/stm32f4xx_ll_usb.o
                0x000000000800b2a8                USB_EP0StartXfer
 .text.USB_WritePacket
                0x000000000800b54e       0x6a Drivers/STM32F4xx_HAL_Driver/Src/stm32f4xx_ll_usb.o
                0x000000000800b54e                USB_WritePacket
 .text.USB_ReadPacket
                0x000000000800b5b8       0x52 Drivers/STM32F4xx_HAL_Driver/Src/stm32f4xx_ll_usb.o
                0x000000000800b5b8                USB_ReadPacket
 .text.USB_EPSetStall
                0x000000000800b60a       0xdc Drivers/STM32F4xx_HAL_Driver/Src/stm32f4xx_ll_usb.o
                0x000000000800b60a                USB_EPSetStall
 .text.USB_EPClearStall
                0x000000000800b6e6       0xcc Drivers/STM32F4xx_HAL_Driver/Src/stm32f4xx_ll_usb.o
                0x000000000800b6e6                USB_EPClearStall
 .text.USB_SetDevAddress
                0x000000000800b7b2       0x4c Drivers/STM32F4xx_HAL_Driver/Src/stm32f4xx_ll_usb.o
                0x000000000800b7b2                USB_SetDevAddress
 .text.USB_DevConnect
                0x000000000800b7fe       0x42 Drivers/STM32F4xx_HAL_Driver/Src/stm32f4xx_ll_usb.o
                0x000000000800b7fe                USB_DevConnect
 .text.USB_DevDisconnect
                0x000000000800b840       0x42 Drivers/STM32F4xx_HAL_Driver/Src/stm32f4xx_ll_usb.o
                0x000000000800b840                USB_DevDisconnect
 .text.USB_ReadInterrupts
                0x000000000800b882       0x26 Drivers/STM32F4xx_HAL_Driver/Src/stm32f4xx_ll_usb.o
                0x000000000800b882                USB_ReadInterrupts
 .text.USB_ReadDevAllOutEpInterrupt
                0x000000000800b8a8       0x34 Drivers/STM32F4xx_HAL_Driver/Src/stm32f4xx_ll_usb.o
                0x000000000800b8a8                USB_ReadDevAllOutEpInterrupt
 .text.USB_ReadDevAllInEpInterrupt
                0x000000000800b8dc       0x34 Drivers/STM32F4xx_HAL_Driver/Src/stm32f4xx_ll_usb.o
                0x000000000800b8dc                USB_ReadDevAllInEpInterrupt
 .text.USB_ReadDevOutEPInterrupt
                0x000000000800b910       0x3c Drivers/STM32F4xx_HAL_Driver/Src/stm32f4xx_ll_usb.o
                0x000000000800b910                USB_ReadDevOutEPInterrupt
 .text.USB_ReadDevInEPInterrupt
                0x000000000800b94c       0x5c Drivers/STM32F4xx_HAL_Driver/Src/stm32f4xx_ll_usb.o
                0x000000000800b94c                USB_ReadDevInEPInterrupt
 .text.USB_GetMode
                0x000000000800b9a8       0x1c Drivers/STM32F4xx_HAL_Driver/Src/stm32f4xx_ll_usb.o
                0x000000000800b9a8                USB_GetMode
 .text.USB_ActivateSetup
                0x000000000800b9c4       0x46 Drivers/STM32F4xx_HAL_Driver/Src/stm32f4xx_ll_usb.o
                0x000000000800b9c4                USB_ActivateSetup
 *fill*         0x000000000800ba0a        0x2 
 .text.USB_EP0_OutStart
                0x000000000800ba0c       0xbc Drivers/STM32F4xx_HAL_Driver/Src/stm32f4xx_ll_usb.o
                0x000000000800ba0c                USB_EP0_OutStart
 .text.USB_CoreReset
                0x000000000800bac8       0x68 Drivers/STM32F4xx_HAL_Driver/Src/stm32f4xx_ll_usb.o
 .text.USBD_CDC_Init
                0x000000000800bb30      0x100 Middlewares/ST/STM32_USB_Device_Library/Class/CDC/Src/usbd_cdc.o
 .text.USBD_CDC_DeInit
                0x000000000800bc30       0x78 Middlewares/ST/STM32_USB_Device_Library/Class/CDC/Src/usbd_cdc.o
 .text.USBD_CDC_Setup
                0x000000000800bca8      0x178 Middlewares/ST/STM32_USB_Device_Library/Class/CDC/Src/usbd_cdc.o
 .text.USBD_CDC_DataIn
                0x000000000800be20       0xbe Middlewares/ST/STM32_USB_Device_Library/Class/CDC/Src/usbd_cdc.o
 .text.USBD_CDC_DataOut
                0x000000000800bede       0x56 Middlewares/ST/STM32_USB_Device_Library/Class/CDC/Src/usbd_cdc.o
 .text.USBD_CDC_EP0_RxReady
                0x000000000800bf34       0x50 Middlewares/ST/STM32_USB_Device_Library/Class/CDC/Src/usbd_cdc.o
 .text.USBD_CDC_GetFSCfgDesc
                0x000000000800bf84       0x20 Middlewares/ST/STM32_USB_Device_Library/Class/CDC/Src/usbd_cdc.o
 .text.USBD_CDC_GetHSCfgDesc
                0x000000000800bfa4       0x20 Middlewares/ST/STM32_USB_Device_Library/Class/CDC/Src/usbd_cdc.o
 .text.USBD_CDC_GetOtherSpeedCfgDesc
                0x000000000800bfc4       0x20 Middlewares/ST/STM32_USB_Device_Library/Class/CDC/Src/usbd_cdc.o
 .text.USBD_CDC_GetDeviceQualifierDescriptor
                0x000000000800bfe4       0x20 Middlewares/ST/STM32_USB_Device_Library/Class/CDC/Src/usbd_cdc.o
                0x000000000800bfe4                USBD_CDC_GetDeviceQualifierDescriptor
 .text.USBD_CDC_RegisterInterface
                0x000000000800c004       0x2a Middlewares/ST/STM32_USB_Device_Library/Class/CDC/Src/usbd_cdc.o
                0x000000000800c004                USBD_CDC_RegisterInterface
 .text.USBD_CDC_SetTxBuffer
                0x000000000800c02e       0x32 Middlewares/ST/STM32_USB_Device_Library/Class/CDC/Src/usbd_cdc.o
                0x000000000800c02e                USBD_CDC_SetTxBuffer
 .text.USBD_CDC_SetRxBuffer
                0x000000000800c060       0x28 Middlewares/ST/STM32_USB_Device_Library/Class/CDC/Src/usbd_cdc.o
                0x000000000800c060                USBD_CDC_SetRxBuffer
 .text.USBD_CDC_TransmitPacket
                0x000000000800c088       0x60 Middlewares/ST/STM32_USB_Device_Library/Class/CDC/Src/usbd_cdc.o
                0x000000000800c088                USBD_CDC_TransmitPacket
 .text.USBD_CDC_ReceivePacket
                0x000000000800c0e8       0x54 Middlewares/ST/STM32_USB_Device_Library/Class/CDC/Src/usbd_cdc.o
                0x000000000800c0e8                USBD_CDC_ReceivePacket
 .text.USBD_Init
                0x000000000800c13c       0x6c Middlewares/ST/STM32_USB_Device_Library/Core/Src/usbd_core.o
                0x000000000800c13c                USBD_Init
 .text.USBD_RegisterClass
                0x000000000800c1a8       0x42 Middlewares/ST/STM32_USB_Device_Library/Core/Src/usbd_core.o
                0x000000000800c1a8                USBD_RegisterClass
 .text.USBD_Start
                0x000000000800c1ea       0x18 Middlewares/ST/STM32_USB_Device_Library/Core/Src/usbd_core.o
                0x000000000800c1ea                USBD_Start
 .text.USBD_RunTestMode
                0x000000000800c202       0x16 Middlewares/ST/STM32_USB_Device_Library/Core/Src/usbd_core.o
                0x000000000800c202                USBD_RunTestMode
 .text.USBD_SetClassConfig
                0x000000000800c218       0x38 Middlewares/ST/STM32_USB_Device_Library/Core/Src/usbd_core.o
                0x000000000800c218                USBD_SetClassConfig
 .text.USBD_ClrClassConfig
                0x000000000800c250       0x30 Middlewares/ST/STM32_USB_Device_Library/Core/Src/usbd_core.o
                0x000000000800c250                USBD_ClrClassConfig
 .text.USBD_LL_SetupStage
                0x000000000800c280       0xa6 Middlewares/ST/STM32_USB_Device_Library/Core/Src/usbd_core.o
                0x000000000800c280                USBD_LL_SetupStage
 .text.USBD_LL_DataOutStage
                0x000000000800c326       0xc6 Middlewares/ST/STM32_USB_Device_Library/Core/Src/usbd_core.o
                0x000000000800c326                USBD_LL_DataOutStage
 .text.USBD_LL_DataInStage
                0x000000000800c3ec      0x12c Middlewares/ST/STM32_USB_Device_Library/Core/Src/usbd_core.o
                0x000000000800c3ec                USBD_LL_DataInStage
 .text.USBD_LL_Reset
                0x000000000800c518       0x82 Middlewares/ST/STM32_USB_Device_Library/Core/Src/usbd_core.o
                0x000000000800c518                USBD_LL_Reset
 .text.USBD_LL_SetSpeed
                0x000000000800c59a       0x20 Middlewares/ST/STM32_USB_Device_Library/Core/Src/usbd_core.o
                0x000000000800c59a                USBD_LL_SetSpeed
 .text.USBD_LL_Suspend
                0x000000000800c5ba       0x2a Middlewares/ST/STM32_USB_Device_Library/Core/Src/usbd_core.o
                0x000000000800c5ba                USBD_LL_Suspend
 .text.USBD_LL_Resume
                0x000000000800c5e4       0x2c Middlewares/ST/STM32_USB_Device_Library/Core/Src/usbd_core.o
                0x000000000800c5e4                USBD_LL_Resume
 .text.USBD_LL_SOF
                0x000000000800c610       0x34 Middlewares/ST/STM32_USB_Device_Library/Core/Src/usbd_core.o
                0x000000000800c610                USBD_LL_SOF
 .text.USBD_LL_IsoINIncomplete
                0x000000000800c644       0x1a Middlewares/ST/STM32_USB_Device_Library/Core/Src/usbd_core.o
                0x000000000800c644                USBD_LL_IsoINIncomplete
 .text.USBD_LL_IsoOUTIncomplete
                0x000000000800c65e       0x1a Middlewares/ST/STM32_USB_Device_Library/Core/Src/usbd_core.o
                0x000000000800c65e                USBD_LL_IsoOUTIncomplete
 .text.USBD_LL_DevConnected
                0x000000000800c678       0x16 Middlewares/ST/STM32_USB_Device_Library/Core/Src/usbd_core.o
                0x000000000800c678                USBD_LL_DevConnected
 .text.USBD_LL_DevDisconnected
                0x000000000800c68e       0x38 Middlewares/ST/STM32_USB_Device_Library/Core/Src/usbd_core.o
                0x000000000800c68e                USBD_LL_DevDisconnected
 .text.SWAPBYTE
                0x000000000800c6c6       0x3c Middlewares/ST/STM32_USB_Device_Library/Core/Src/usbd_ctlreq.o
 *fill*         0x000000000800c702        0x2 
 .text.USBD_StdDevReq
                0x000000000800c704       0xdc Middlewares/ST/STM32_USB_Device_Library/Core/Src/usbd_ctlreq.o
                0x000000000800c704                USBD_StdDevReq
 .text.USBD_StdItfReq
                0x000000000800c7e0       0x8c Middlewares/ST/STM32_USB_Device_Library/Core/Src/usbd_ctlreq.o
                0x000000000800c7e0                USBD_StdItfReq
 .text.USBD_StdEPReq
                0x000000000800c86c      0x2aa Middlewares/ST/STM32_USB_Device_Library/Core/Src/usbd_ctlreq.o
                0x000000000800c86c                USBD_StdEPReq
 *fill*         0x000000000800cb16        0x2 
 .text.USBD_GetDescriptor
                0x000000000800cb18      0x2d4 Middlewares/ST/STM32_USB_Device_Library/Core/Src/usbd_ctlreq.o
 .text.USBD_SetAddress
                0x000000000800cdec       0x84 Middlewares/ST/STM32_USB_Device_Library/Core/Src/usbd_ctlreq.o
 .text.USBD_SetConfig
                0x000000000800ce70      0x148 Middlewares/ST/STM32_USB_Device_Library/Core/Src/usbd_ctlreq.o
 .text.USBD_GetConfig
                0x000000000800cfb8       0x68 Middlewares/ST/STM32_USB_Device_Library/Core/Src/usbd_ctlreq.o
 .text.USBD_GetStatus
                0x000000000800d020       0x66 Middlewares/ST/STM32_USB_Device_Library/Core/Src/usbd_ctlreq.o
 .text.USBD_SetFeature
                0x000000000800d086       0x28 Middlewares/ST/STM32_USB_Device_Library/Core/Src/usbd_ctlreq.o
 .text.USBD_ClrFeature
                0x000000000800d0ae       0x42 Middlewares/ST/STM32_USB_Device_Library/Core/Src/usbd_ctlreq.o
 .text.USBD_ParseSetupRequest
                0x000000000800d0f0       0x74 Middlewares/ST/STM32_USB_Device_Library/Core/Src/usbd_ctlreq.o
                0x000000000800d0f0                USBD_ParseSetupRequest
 .text.USBD_CtlError
                0x000000000800d164       0x22 Middlewares/ST/STM32_USB_Device_Library/Core/Src/usbd_ctlreq.o
                0x000000000800d164                USBD_CtlError
 .text.USBD_GetString
                0x000000000800d186       0x8c Middlewares/ST/STM32_USB_Device_Library/Core/Src/usbd_ctlreq.o
                0x000000000800d186                USBD_GetString
 .text.USBD_GetLen
                0x000000000800d212       0x34 Middlewares/ST/STM32_USB_Device_Library/Core/Src/usbd_ctlreq.o
 .text.USBD_CtlSendData
                0x000000000800d246       0x36 Middlewares/ST/STM32_USB_Device_Library/Core/Src/usbd_ioreq.o
                0x000000000800d246                USBD_CtlSendData
 .text.USBD_CtlContinueSendData
                0x000000000800d27c       0x22 Middlewares/ST/STM32_USB_Device_Library/Core/Src/usbd_ioreq.o
                0x000000000800d27c                USBD_CtlContinueSendData
 .text.USBD_CtlPrepareRx
                0x000000000800d29e       0x3a Middlewares/ST/STM32_USB_Device_Library/Core/Src/usbd_ioreq.o
                0x000000000800d29e                USBD_CtlPrepareRx
 .text.USBD_CtlContinueRx
                0x000000000800d2d8       0x22 Middlewares/ST/STM32_USB_Device_Library/Core/Src/usbd_ioreq.o
                0x000000000800d2d8                USBD_CtlContinueRx
 .text.USBD_CtlSendStatus
                0x000000000800d2fa       0x26 Middlewares/ST/STM32_USB_Device_Library/Core/Src/usbd_ioreq.o
                0x000000000800d2fa                USBD_CtlSendStatus
 .text.USBD_CtlReceiveStatus
                0x000000000800d320       0x26 Middlewares/ST/STM32_USB_Device_Library/Core/Src/usbd_ioreq.o
                0x000000000800d320                USBD_CtlReceiveStatus
 .text.makeFreeRtosPriority
                0x000000000800d346       0x30 Middlewares/Third_Party/FreeRTOS/Source/CMSIS_RTOS/cmsis_os.o
 .text.osKernelStart
                0x000000000800d376        0xe Middlewares/Third_Party/FreeRTOS/Source/CMSIS_RTOS/cmsis_os.o
                0x000000000800d376                osKernelStart
 .text.osThreadCreate
                0x000000000800d384       0x98 Middlewares/Third_Party/FreeRTOS/Source/CMSIS_RTOS/cmsis_os.o
                0x000000000800d384                osThreadCreate
 .text.osDelay  0x000000000800d41c       0x28 Middlewares/Third_Party/FreeRTOS/Source/CMSIS_RTOS/cmsis_os.o
                0x000000000800d41c                osDelay
 .text.vListInitialise
                0x000000000800d444       0x40 Middlewares/Third_Party/FreeRTOS/Source/list.o
                0x000000000800d444                vListInitialise
 .text.vListInitialiseItem
                0x000000000800d484       0x1a Middlewares/Third_Party/FreeRTOS/Source/list.o
                0x000000000800d484                vListInitialiseItem
 .text.vListInsertEnd
                0x000000000800d49e       0x48 Middlewares/Third_Party/FreeRTOS/Source/list.o
                0x000000000800d49e                vListInsertEnd
 .text.vListInsert
                0x000000000800d4e6       0x72 Middlewares/Third_Party/FreeRTOS/Source/list.o
                0x000000000800d4e6                vListInsert
 .text.uxListRemove
                0x000000000800d558       0x54 Middlewares/Third_Party/FreeRTOS/Source/list.o
                0x000000000800d558                uxListRemove
 .text.xTaskCreateStatic
                0x000000000800d5ac       0xb4 Middlewares/Third_Party/FreeRTOS/Source/tasks.o
                0x000000000800d5ac                xTaskCreateStatic
 .text.xTaskCreate
                0x000000000800d660       0x8a Middlewares/Third_Party/FreeRTOS/Source/tasks.o
                0x000000000800d660                xTaskCreate
 .text.prvInitialiseNewTask
                0x000000000800d6ea      0x10c Middlewares/Third_Party/FreeRTOS/Source/tasks.o
 *fill*         0x000000000800d7f6        0x2 
 .text.prvAddNewTaskToReadyList
                0x000000000800d7f8       0xd4 Middlewares/Third_Party/FreeRTOS/Source/tasks.o
 .text.vTaskDelay
                0x000000000800d8cc       0x68 Middlewares/Third_Party/FreeRTOS/Source/tasks.o
                0x000000000800d8cc                vTaskDelay
 .text.vTaskStartScheduler
                0x000000000800d934       0xbc Middlewares/Third_Party/FreeRTOS/Source/tasks.o
                0x000000000800d934                vTaskStartScheduler
 .text.vTaskSuspendAll
                0x000000000800d9f0       0x1c Middlewares/Third_Party/FreeRTOS/Source/tasks.o
                0x000000000800d9f0                vTaskSuspendAll
 .text.xTaskResumeAll
                0x000000000800da0c      0x138 Middlewares/Third_Party/FreeRTOS/Source/tasks.o
                0x000000000800da0c                xTaskResumeAll
 .text.xTaskIncrementTick
                0x000000000800db44      0x170 Middlewares/Third_Party/FreeRTOS/Source/tasks.o
                0x000000000800db44                xTaskIncrementTick
 .text.vTaskSwitchContext
                0x000000000800dcb4       0xb4 Middlewares/Third_Party/FreeRTOS/Source/tasks.o
                0x000000000800dcb4                vTaskSwitchContext
 .text.prvIdleTask
                0x000000000800dd68       0x30 Middlewares/Third_Party/FreeRTOS/Source/tasks.o
 .text.prvInitialiseTaskLists
                0x000000000800dd98       0x80 Middlewares/Third_Party/FreeRTOS/Source/tasks.o
 .text.prvCheckTasksWaitingTermination
                0x000000000800de18       0x58 Middlewares/Third_Party/FreeRTOS/Source/tasks.o
 .text.prvDeleteTCB
                0x000000000800de70       0x5c Middlewares/Third_Party/FreeRTOS/Source/tasks.o
 .text.prvResetNextTaskUnblockTime
                0x000000000800decc       0x40 Middlewares/Third_Party/FreeRTOS/Source/tasks.o
 .text.prvAddCurrentTaskToDelayedList
                0x000000000800df0c       0xcc Middlewares/Third_Party/FreeRTOS/Source/tasks.o
 .text.pxPortInitialiseStack
                0x000000000800dfd8       0x68 Middlewares/Third_Party/FreeRTOS/Source/portable/GCC/ARM_CM4F/port.o
                0x000000000800dfd8                pxPortInitialiseStack
 .text.prvTaskExitError
                0x000000000800e040       0x54 Middlewares/Third_Party/FreeRTOS/Source/portable/GCC/ARM_CM4F/port.o
 *fill*         0x000000000800e094        0xc 
 .text.SVC_Handler
                0x000000000800e0a0       0x28 Middlewares/Third_Party/FreeRTOS/Source/portable/GCC/ARM_CM4F/port.o
                0x000000000800e0a0                SVC_Handler
 .text.prvPortStartFirstTask
                0x000000000800e0c8       0x28 Middlewares/Third_Party/FreeRTOS/Source/portable/GCC/ARM_CM4F/port.o
 .text.xPortStartScheduler
                0x000000000800e0f0      0x13c Middlewares/Third_Party/FreeRTOS/Source/portable/GCC/ARM_CM4F/port.o
                0x000000000800e0f0                xPortStartScheduler
 .text.vPortEnterCritical
                0x000000000800e22c       0x5c Middlewares/Third_Party/FreeRTOS/Source/portable/GCC/ARM_CM4F/port.o
                0x000000000800e22c                vPortEnterCritical
 .text.vPortExitCritical
                0x000000000800e288       0x50 Middlewares/Third_Party/FreeRTOS/Source/portable/GCC/ARM_CM4F/port.o
                0x000000000800e288                vPortExitCritical
 *fill*         0x000000000800e2d8        0x8 
 .text.PendSV_Handler
                0x000000000800e2e0       0x68 Middlewares/Third_Party/FreeRTOS/Source/portable/GCC/ARM_CM4F/port.o
                0x000000000800e2e0                PendSV_Handler
 .text.SysTick_Handler
                0x000000000800e348       0x40 Middlewares/Third_Party/FreeRTOS/Source/portable/GCC/ARM_CM4F/port.o
                0x000000000800e348                SysTick_Handler
 .text.vPortSetupTimerInterrupt
                0x000000000800e388       0x48 Middlewares/Third_Party/FreeRTOS/Source/portable/GCC/ARM_CM4F/port.o
                0x000000000800e388                vPortSetupTimerInterrupt
 .text.vPortEnableVFP
                0x000000000800e3d0       0x14 Middlewares/Third_Party/FreeRTOS/Source/portable/GCC/ARM_CM4F/port.o
 .text.pvPortMalloc
                0x000000000800e3e4      0x184 Middlewares/Third_Party/FreeRTOS/Source/portable/MemMang/heap_4.o
                0x000000000800e3e4                pvPortMalloc
 .text.vPortFree
                0x000000000800e568       0xb0 Middlewares/Third_Party/FreeRTOS/Source/portable/MemMang/heap_4.o
                0x000000000800e568                vPortFree
 .text.prvHeapInit
                0x000000000800e618       0xc4 Middlewares/Third_Party/FreeRTOS/Source/portable/MemMang/heap_4.o
 .text.prvInsertBlockIntoFreeList
                0x000000000800e6dc       0xb4 Middlewares/Third_Party/FreeRTOS/Source/portable/MemMang/heap_4.o
 .text.MX_USB_DEVICE_Init
                0x000000000800e790       0x60 USB_DEVICE/App/usb_device.o
                0x000000000800e790                MX_USB_DEVICE_Init
 .text.CDC_Init_FS
                0x000000000800e7f0       0x30 USB_DEVICE/App/usbd_cdc_if.o
 .text.CDC_DeInit_FS
                0x000000000800e820       0x10 USB_DEVICE/App/usbd_cdc_if.o
 .text.CDC_Control_FS
                0x000000000800e830       0xbc USB_DEVICE/App/usbd_cdc_if.o
 .text.CDC_Receive_FS
                0x000000000800e8ec       0x7c USB_DEVICE/App/usbd_cdc_if.o
 .text.CDC_Transmit_FS
                0x000000000800e968       0x4c USB_DEVICE/App/usbd_cdc_if.o
                0x000000000800e968                CDC_Transmit_FS
 .text.CDC_TransmitCplt_FS
                0x000000000800e9b4       0x22 USB_DEVICE/App/usbd_cdc_if.o
 *fill*         0x000000000800e9d6        0x2 
 .text.USBD_FS_DeviceDescriptor
                0x000000000800e9d8       0x24 USB_DEVICE/App/usbd_desc.o
                0x000000000800e9d8                USBD_FS_DeviceDescriptor
 .text.USBD_FS_LangIDStrDescriptor
                0x000000000800e9fc       0x24 USB_DEVICE/App/usbd_desc.o
                0x000000000800e9fc                USBD_FS_LangIDStrDescriptor
 .text.USBD_FS_ProductStrDescriptor
                0x000000000800ea20       0x3c USB_DEVICE/App/usbd_desc.o
                0x000000000800ea20                USBD_FS_ProductStrDescriptor
 .text.USBD_FS_ManufacturerStrDescriptor
                0x000000000800ea5c       0x28 USB_DEVICE/App/usbd_desc.o
                0x000000000800ea5c                USBD_FS_ManufacturerStrDescriptor
 .text.USBD_FS_SerialStrDescriptor
                0x000000000800ea84       0x24 USB_DEVICE/App/usbd_desc.o
                0x000000000800ea84                USBD_FS_SerialStrDescriptor
 .text.USBD_FS_ConfigStrDescriptor
                0x000000000800eaa8       0x3c USB_DEVICE/App/usbd_desc.o
                0x000000000800eaa8                USBD_FS_ConfigStrDescriptor
 .text.USBD_FS_InterfaceStrDescriptor
                0x000000000800eae4       0x3c USB_DEVICE/App/usbd_desc.o
                0x000000000800eae4                USBD_FS_InterfaceStrDescriptor
 .text.Get_SerialNum
                0x000000000800eb20       0x58 USB_DEVICE/App/usbd_desc.o
 .text.IntToUnicode
                0x000000000800eb78       0x7c USB_DEVICE/App/usbd_desc.o
 .text.HAL_PCD_MspInit
                0x000000000800ebf4       0xa8 USB_DEVICE/Target/usbd_conf.o
                0x000000000800ebf4                HAL_PCD_MspInit
 .text.HAL_PCD_SetupStageCallback
                0x000000000800ec9c       0x24 USB_DEVICE/Target/usbd_conf.o
                0x000000000800ec9c                HAL_PCD_SetupStageCallback
 .text.HAL_PCD_DataOutStageCallback
                0x000000000800ecc0       0x36 USB_DEVICE/Target/usbd_conf.o
                0x000000000800ecc0                HAL_PCD_DataOutStageCallback
 .text.HAL_PCD_DataInStageCallback
                0x000000000800ecf6       0x34 USB_DEVICE/Target/usbd_conf.o
                0x000000000800ecf6                HAL_PCD_DataInStageCallback
 .text.HAL_PCD_SOFCallback
                0x000000000800ed2a       0x1c USB_DEVICE/Target/usbd_conf.o
                0x000000000800ed2a                HAL_PCD_SOFCallback
 .text.HAL_PCD_ResetCallback
                0x000000000800ed46       0x50 USB_DEVICE/Target/usbd_conf.o
                0x000000000800ed46                HAL_PCD_ResetCallback
 *fill*         0x000000000800ed96        0x2 
 .text.HAL_PCD_SuspendCallback
                0x000000000800ed98       0x4c USB_DEVICE/Target/usbd_conf.o
                0x000000000800ed98                HAL_PCD_SuspendCallback
 .text.HAL_PCD_ResumeCallback
                0x000000000800ede4       0x1c USB_DEVICE/Target/usbd_conf.o
                0x000000000800ede4                HAL_PCD_ResumeCallback
 .text.HAL_PCD_ISOOUTIncompleteCallback
                0x000000000800ee00       0x24 USB_DEVICE/Target/usbd_conf.o
                0x000000000800ee00                HAL_PCD_ISOOUTIncompleteCallback
 .text.HAL_PCD_ISOINIncompleteCallback
                0x000000000800ee24       0x24 USB_DEVICE/Target/usbd_conf.o
                0x000000000800ee24                HAL_PCD_ISOINIncompleteCallback
 .text.HAL_PCD_ConnectCallback
                0x000000000800ee48       0x1c USB_DEVICE/Target/usbd_conf.o
                0x000000000800ee48                HAL_PCD_ConnectCallback
 .text.HAL_PCD_DisconnectCallback
                0x000000000800ee64       0x1c USB_DEVICE/Target/usbd_conf.o
                0x000000000800ee64                HAL_PCD_DisconnectCallback
 .text.USBD_LL_Init
                0x000000000800ee80       0x98 USB_DEVICE/Target/usbd_conf.o
                0x000000000800ee80                USBD_LL_Init
 .text.USBD_LL_Start
                0x000000000800ef18       0x36 USB_DEVICE/Target/usbd_conf.o
                0x000000000800ef18                USBD_LL_Start
 .text.USBD_LL_OpenEP
                0x000000000800ef4e       0x4c USB_DEVICE/Target/usbd_conf.o
                0x000000000800ef4e                USBD_LL_OpenEP
 .text.USBD_LL_CloseEP
                0x000000000800ef9a       0x3e USB_DEVICE/Target/usbd_conf.o
                0x000000000800ef9a                USBD_LL_CloseEP
 .text.USBD_LL_StallEP
                0x000000000800efd8       0x3e USB_DEVICE/Target/usbd_conf.o
                0x000000000800efd8                USBD_LL_StallEP
 .text.USBD_LL_ClearStallEP
                0x000000000800f016       0x3e USB_DEVICE/Target/usbd_conf.o
                0x000000000800f016                USBD_LL_ClearStallEP
 .text.USBD_LL_IsStallEP
                0x000000000800f054       0x58 USB_DEVICE/Target/usbd_conf.o
                0x000000000800f054                USBD_LL_IsStallEP
 .text.USBD_LL_SetUSBAddress
                0x000000000800f0ac       0x3e USB_DEVICE/Target/usbd_conf.o
                0x000000000800f0ac                USBD_LL_SetUSBAddress
 .text.USBD_LL_Transmit
                0x000000000800f0ea       0x42 USB_DEVICE/Target/usbd_conf.o
                0x000000000800f0ea                USBD_LL_Transmit
 .text.USBD_LL_PrepareReceive
                0x000000000800f12c       0x42 USB_DEVICE/Target/usbd_conf.o
                0x000000000800f12c                USBD_LL_PrepareReceive
 .text.USBD_LL_GetRxDataSize
                0x000000000800f16e       0x26 USB_DEVICE/Target/usbd_conf.o
                0x000000000800f16e                USBD_LL_GetRxDataSize
 .text.USBD_Get_USB_Status
                0x000000000800f194       0x58 USB_DEVICE/Target/usbd_conf.o
                0x000000000800f194                USBD_Get_USB_Status
 .text.__cxa_pure_virtual
                0x000000000800f1ec        0x6 /opt/st/stm32cubeide_1.4.0/plugins/com.st.stm32cube.ide.mcu.externaltools.gnu-tools-for-stm32.7-2018-q2-update.linux64_1.4.0.202007081208/tools/bin/../lib/gcc/arm-none-eabi/7.3.1/../../../../arm-none-eabi/lib/thumb/v7e-m/fpv4-sp/hard/libstdc++_nano.a(pure.o)
                0x000000000800f1ec                __cxa_pure_virtual
 .text._ZN10__cxxabiv111__terminateEPFvvE
                0x000000000800f1f2        0x8 /opt/st/stm32cubeide_1.4.0/plugins/com.st.stm32cube.ide.mcu.externaltools.gnu-tools-for-stm32.7-2018-q2-update.linux64_1.4.0.202007081208/tools/bin/../lib/gcc/arm-none-eabi/7.3.1/../../../../arm-none-eabi/lib/thumb/v7e-m/fpv4-sp/hard/libstdc++_nano.a(eh_terminate.o)
                0x000000000800f1f2                __cxxabiv1::__terminate(void (*)())
 *fill*         0x000000000800f1fa        0x2 
 .text._ZSt13get_terminatev