msg.h:64:14:static int ros::Msg::serializeAvrFloat64(unsigned char*, float)	32	static
msg.h:102:14:static int ros::Msg::deserializeAvrFloat64(const unsigned char*, float*)	24	static
time.h:51:3:ros::Time::Time()	16	static
msg.h:45:7:constexpr ros::Msg::Msg()	16	static
Time.h:19:5:std_msgs::Time::Time()	16	static
Time.h:24:17:virtual int std_msgs::Time::serialize(unsigned char*) const	24	static
Time.h:40:17:virtual int std_msgs::Time::deserialize(unsigned char*)	24	static
Time.h:56:18:virtual const char* std_msgs::Time::getType()	16	static
Time.h:57:18:virtual const char* std_msgs::Time::getMD5()	16	static
TopicInfo.h:34:5:rosserial_msgs::TopicInfo::TopicInfo()	16	static
TopicInfo.h:43:17:virtual int rosserial_msgs::TopicInfo::serialize(unsigned char*) const	40	static
TopicInfo.h:77:17:virtual int rosserial_msgs::TopicInfo::deserialize(unsigned char*)	48	static
TopicInfo.h:124:18:virtual const char* rosserial_msgs::TopicInfo::getType()	16	static
TopicInfo.h:125:18:virtual const char* rosserial_msgs::TopicInfo::getMD5()	16	static
Log.h:25:5:rosserial_msgs::Log::Log()	16	static
Log.h:31:17:virtual int rosserial_msgs::Log::serialize(unsigned char*) const	24	static
Log.h:44:17:virtual int rosserial_msgs::Log::deserialize(unsigned char*)	32	static
Log.h:61:18:virtual const char* rosserial_msgs::Log::getType()	16	static
Log.h:62:18:virtual const char* rosserial_msgs::Log::getMD5()	16	static
RequestParam.h:71:5:rosserial_msgs::RequestParamResponse::RequestParamResponse()	16	static
RequestParam.h:78:17:virtual int rosserial_msgs::RequestParamResponse::serialize(unsigned char*) const	48	static
RequestParam.h:130:17:virtual int rosserial_msgs::RequestParamResponse::deserialize(unsigned char*)	64	static
RequestParam.h:200:18:virtual const char* rosserial_msgs::RequestParamResponse::getType()	16	static
RequestParam.h:201:18:virtual const char* rosserial_msgs::RequestParamResponse::getMD5()	16	static
publisher.h:48:3:ros::Publisher::Publisher(const char*, ros::Msg*, int)	24	static
publisher.h:53:7:int ros::Publisher::publish(const ros::Msg*)	16	static
publisher.h:57:7:int ros::Publisher::getEndpointType()	16	static
STM32Hardware.h:14:2:STM32Hardware::STM32Hardware()	16	static
STM32Hardware.h:17:7:void STM32Hardware::init()	16	static
STM32Hardware.h:22:6:int STM32Hardware::read()	24	static
STM32Hardware.h:37:7:void STM32Hardware::write(uint8_t*, int)	24	static
STM32Hardware.h:43:16:long unsigned int STM32Hardware::time()	16	static
gthr-default.h:229:1:int __gthread_key_delete(__gthread_key_t)	16	static
Int8.h:18:5:std_msgs::Int8::Int8()	16	static
Int8.h:23:17:virtual int std_msgs::Int8::serialize(unsigned char*) const	24	static
Int8.h:36:17:virtual int std_msgs::Int8::deserialize(unsigned char*)	24	static
Int8.h:50:18:virtual const char* std_msgs::Int8::getType()	16	static
Int8.h:51:18:virtual const char* std_msgs::Int8::getMD5()	16	static
MultiArrayDimension.h:22:5:std_msgs::MultiArrayDimension::MultiArrayDimension()	16	static
MultiArrayDimension.h:29:17:virtual int std_msgs::MultiArrayDimension::serialize(unsigned char*) const	24	static
MultiArrayDimension.h:50:17:virtual int std_msgs::MultiArrayDimension::deserialize(unsigned char*)	32	static
MultiArrayDimension.h:75:18:virtual const char* std_msgs::MultiArrayDimension::getType()	16	static
MultiArrayDimension.h:76:18:virtual const char* std_msgs::MultiArrayDimension::getMD5()	16	static
MultiArrayLayout.h:23:5:std_msgs::MultiArrayLayout::MultiArrayLayout()	16	static
MultiArrayLayout.h:29:17:virtual int std_msgs::MultiArrayLayout::serialize(unsigned char*) const	24	static
MultiArrayLayout.h:48:17:virtual int std_msgs::MultiArrayLayout::deserialize(unsigned char*)	32	static
MultiArrayLayout.h:71:18:virtual const char* std_msgs::MultiArrayLayout::getType()	16	static
MultiArrayLayout.h:72:18:virtual const char* std_msgs::MultiArrayLayout::getMD5()	16	static
UInt8MultiArray.h:23:5:std_msgs::UInt8MultiArray::UInt8MultiArray()	16	static
UInt8MultiArray.h:29:17:virtual int std_msgs::UInt8MultiArray::serialize(unsigned char*) const	24	static
UInt8MultiArray.h:45:17:virtual int std_msgs::UInt8MultiArray::deserialize(unsigned char*)	32	static
UInt8MultiArray.h:65:18:virtual const char* std_msgs::UInt8MultiArray::getType()	16	static
UInt8MultiArray.h:66:18:virtual const char* std_msgs::UInt8MultiArray::getMD5()	16	static
Vector3.h:22:5:geometry_msgs::Vector3::Vector3()	16	static
Vector3.h:29:17:virtual int geometry_msgs::Vector3::serialize(unsigned char*) const	24	static
Vector3.h:38:17:virtual int geometry_msgs::Vector3::deserialize(unsigned char*)	24	static
Vector3.h:47:18:virtual const char* geometry_msgs::Vector3::getType()	16	static
Vector3.h:48:18:virtual const char* geometry_msgs::Vector3::getMD5()	16	static
cpp_main.cpp:131:17:void rpm_rightFront_subCb(const std_msgs::Int8&)	16	static
cpp_main.cpp:147:17:void rpm_leftFront_subCb(const std_msgs::Int8&)	16	static
cpp_main.cpp:163:17:void rpm_rightBack_subCb(const std_msgs::Int8&)	16	static
cpp_main.cpp:179:17:void rpm_leftBack_subCb(const std_msgs::Int8&)	16	static
cpp_main.cpp:195:17:void cdc_receive_put(uint8_t)	16	static
cpp_main.cpp:200:17:void init_ROS()	8	static
cpp_main.cpp:240:17:void sensors1_3_data_handler()	8	static
cpp_main.cpp:251:17:void sensors4_6_data_handler()	8	static
cpp_main.cpp:261:17:void sensors7_8_data_handler()	8	static
cpp_main.cpp:272:17:void diagnostics_data_handler()	8	static
cpp_main.cpp:283:17:void rpm_right_front_handler()	8	static
cpp_main.cpp:302:17:void rpm_left_front_handler()	8	static
cpp_main.cpp:321:17:void rpm_right_back_handler()	8	static
cpp_main.cpp:340:17:void rpm_left_back_handler()	8	static
cpp_main.cpp:359:17:void gyro_handler()	8	static
cpp_main.cpp:372:17:void accel_handler()	8	static
cpp_main.cpp:385:17:void spinOnce()	8	static
msg.h:129:15:static void ros::Msg::varToArr(A, V) [with A = unsigned char*; V = long unsigned int]	24	static
msg.h:137:15:static void ros::Msg::arrToVar(V&, A) [with V = long unsigned int; A = unsigned char*]	24	static
node_handle.h:50:7:constexpr ros::NodeHandleBase_::NodeHandleBase_()	16	static
node_handle.h:128:3:ros::NodeHandle_<Hardware, MAX_SUBSCRIBERS, MAX_PUBLISHERS, INPUT_SIZE, OUTPUT_SIZE>::NodeHandle_() [with Hardware = STM32Hardware; int MAX_SUBSCRIBERS = 25; int MAX_PUBLISHERS = 25; int INPUT_SIZE = 512; int OUTPUT_SIZE = 512]	32	static
subscriber.h:44:7:ros::Subscriber_::Subscriber_()	16	static
subscriber.h:107:3:ros::Subscriber<MsgT, void>::Subscriber(const char*, ros::Subscriber<MsgT, void>::CallbackT, int) [with MsgT = std_msgs::Int8]	24	static
node_handle.h:159:8:void ros::NodeHandle_<Hardware, MAX_SUBSCRIBERS, MAX_PUBLISHERS, INPUT_SIZE, OUTPUT_SIZE>::initNode() [with Hardware = STM32Hardware; int MAX_SUBSCRIBERS = 25; int MAX_PUBLISHERS = 25; int INPUT_SIZE = 512; int OUTPUT_SIZE = 512]	16	static
node_handle.h:432:8:bool ros::NodeHandle_<Hardware, MAX_SUBSCRIBERS, MAX_PUBLISHERS, INPUT_SIZE, OUTPUT_SIZE>::subscribe(SubscriberT&) [with SubscriberT = ros::Subscriber<std_msgs::Int8>; Hardware = STM32Hardware; int MAX_SUBSCRIBERS = 25; int MAX_PUBLISHERS = 25; int INPUT_SIZE = 512; int OUTPUT_SIZE = 512]	24	static
node_handle.h:415:8:bool ros::NodeHandle_<Hardware, MAX_SUBSCRIBERS, MAX_PUBLISHERS, INPUT_SIZE, OUTPUT_SIZE>::advertise(ros::Publisher&) [with Hardware = STM32Hardware; int MAX_SUBSCRIBERS = 25; int MAX_PUBLISHERS = 25; int INPUT_SIZE = 512; int OUTPUT_SIZE = 512]	24	static
node_handle.h:363:16:bool ros::NodeHandle_<Hardware, MAX_SUBSCRIBERS, MAX_PUBLISHERS, INPUT_SIZE, OUTPUT_SIZE>::connected() [with Hardware = STM32Hardware; int MAX_SUBSCRIBERS = 25; int MAX_PUBLISHERS = 25; int INPUT_SIZE = 512; int OUTPUT_SIZE = 512]	16	static
node_handle.h:212:15:int ros::NodeHandle_<Hardware, MAX_SUBSCRIBERS, MAX_PUBLISHERS, INPUT_SIZE, OUTPUT_SIZE>::spinOnce() [with Hardware = STM32Hardware; int MAX_SUBSCRIBERS = 25; int MAX_PUBLISHERS = 25; int INPUT_SIZE = 512; int OUTPUT_SIZE = 512]	24	static
node_handle.h:372:8:void ros::NodeHandle_<Hardware, MAX_SUBSCRIBERS, MAX_PUBLISHERS, INPUT_SIZE, OUTPUT_SIZE>::requestSyncTime() [with Hardware = STM32Hardware; int MAX_SUBSCRIBERS = 25; int MAX_PUBLISHERS = 25; int INPUT_SIZE = 512; int OUTPUT_SIZE = 512]	32	static
node_handle.h:480:8:void ros::NodeHandle_<Hardware, MAX_SUBSCRIBERS, MAX_PUBLISHERS, INPUT_SIZE, OUTPUT_SIZE>::negotiateTopics() [with Hardware = STM32Hardware; int MAX_SUBSCRIBERS = 25; int MAX_PUBLISHERS = 25; int INPUT_SIZE = 512; int OUTPUT_SIZE = 512]	56	static
node_handle.h:379:8:void ros::NodeHandle_<Hardware, MAX_SUBSCRIBERS, MAX_PUBLISHERS, INPUT_SIZE, OUTPUT_SIZE>::syncTime(uint8_t*) [with Hardware = STM32Hardware; int MAX_SUBSCRIBERS = 25; int MAX_PUBLISHERS = 25; int INPUT_SIZE = 512; int OUTPUT_SIZE = 512]	32	static
node_handle.h:513:15:int ros::NodeHandle_<Hardware, MAX_SUBSCRIBERS, MAX_PUBLISHERS, INPUT_SIZE, OUTPUT_SIZE>::publish(int, const ros::Msg*) [with Hardware = STM32Hardware; int MAX_SUBSCRIBERS = 25; int MAX_PUBLISHERS = 25; int INPUT_SIZE = 512; int OUTPUT_SIZE = 512]	40	static
node_handle.h:402:8:void ros::NodeHandle_<Hardware, MAX_SUBSCRIBERS, MAX_PUBLISHERS, INPUT_SIZE, OUTPUT_SIZE>::setNow(ros::Time&) [with Hardware = STM32Hardware; int MAX_SUBSCRIBERS = 25; int MAX_PUBLISHERS = 25; int INPUT_SIZE = 512; int OUTPUT_SIZE = 512]	24	static
node_handle.h:575:8:void ros::NodeHandle_<Hardware, MAX_SUBSCRIBERS, MAX_PUBLISHERS, INPUT_SIZE, OUTPUT_SIZE>::logerror(const char*) [with Hardware = STM32Hardware; int MAX_SUBSCRIBERS = 25; int MAX_PUBLISHERS = 25; int INPUT_SIZE = 512; int OUTPUT_SIZE = 512]	16	static
node_handle.h:554:8:void ros::NodeHandle_<Hardware, MAX_SUBSCRIBERS, MAX_PUBLISHERS, INPUT_SIZE, OUTPUT_SIZE>::log(char, const char*) [with Hardware = STM32Hardware; int MAX_SUBSCRIBERS = 25; int MAX_PUBLISHERS = 25; int INPUT_SIZE = 512; int OUTPUT_SIZE = 512]	40	static
cpp_main.cpp:390:1:void __static_initialization_and_destruction_0(int, int)	16	static
subscriber.h:114:16:void ros::Subscriber<MsgT, void>::callback(unsigned char*) [with MsgT = std_msgs::Int8]	16	static
subscriber.h:128:15:int ros::Subscriber<MsgT, void>::getEndpointType() [with MsgT = std_msgs::Int8]	16	static
subscriber.h:120:24:const char* ros::Subscriber<MsgT, void>::getMsgType() [with MsgT = std_msgs::Int8]	16	static
subscriber.h:124:24:const char* ros::Subscriber<MsgT, void>::getMsgMD5() [with MsgT = std_msgs::Int8]	16	static
cpp_main.cpp:390:1:cpp)	8	static
