main.c:182:5:main	184	static
main.c:306:6:SystemClock_Config	88	static
main.c:350:13:MX_CAN1_Init	8	static
main.c:387:13:MX_I2C1_Init	8	static
main.c:421:13:MX_GPIO_Init	24	static
main.c:432:6:HAL_CAN_RxFifo0MsgPendingCallback	16	static
main.c:503:6:StartDefaultTask	16	static
main.c:526:6:StartTask02	16	static
main.c:545:6:StartTask03	16	static
main.c:584:6:StartTask04	16	static
main.c:608:6:StartTask05	16	static
main.c:628:6:StartTask06	16	static
main.c:648:6:HAL_TIM_PeriodElapsedCallback	16	static
main.c:665:6:Error_Handler	4	static
