main.c:183:5:main	184	static
main.c:307:6:SystemClock_Config	88	static
main.c:351:13:MX_CAN1_Init	8	static
main.c:388:13:MX_I2C1_Init	8	static
main.c:422:13:MX_GPIO_Init	24	static
main.c:433:6:HAL_CAN_RxFifo0MsgPendingCallback	16	static
main.c:504:6:StartDefaultTask	16	static
main.c:527:6:StartTask02	16	static
main.c:547:6:StartTask03	16	static
main.c:586:6:StartTask04	16	static
main.c:610:6:StartTask05	16	static
main.c:630:6:StartTask06	16	static
main.c:652:6:HAL_TIM_PeriodElapsedCallback	16	static
main.c:669:6:Error_Handler	4	static
