mpu9250_usr.c:18:6:delay	24	static
mpu9250_usr.c:23:6:error	4	static
mpu9250_usr.c:27:9:sensor_io_read	16	static
mpu9250_usr.c:32:9:sensor_io_write	16	static
mpu9250_usr.c:37:9:I2Cx_ReadData	40	static
mpu9250_usr.c:48:6:I2Cx_WriteData	40	static
mpu9250_usr.c:57:6:ledOn	8	static
mpu9250_usr.c:61:6:ledOff	8	static
mpu9250_usr.c:65:6:sensor_ini	8	static
mpu9250_usr.c:72:9:read_id	8	static
mpu9250_usr.c:78:6:MPU9250_init	8	static
mpu9250_usr.c:98:6:MPU9250_calibrate	48	static
mpu9250_usr.c:257:6:MPU9250_getAllData	32	static
mpu9250_usr.c:299:6:MPU9250_writeReg	32	static
mpu9250_usr.c:308:6:MPU9250_writeReg16Bit	32	static
mpu9250_usr.c:318:6:MPU9250_writeReg32Bit	32	static
mpu9250_usr.c:330:9:MPU9250_readReg	40	static
mpu9250_usr.c:338:10:MPU9250_readReg16Bit	24	static
mpu9250_usr.c:352:10:MPU9250_readReg32Bit	32	static
mpu9250_usr.c:371:6:MPU9250_writeMulti	32	static
mpu9250_usr.c:381:6:MPU9250_readMulti	32	static
mpu9250_usr.c:386:6:I2C_ReadBuffer	24	static
