mpu9250_usr.c:36:6:delay	24	static
mpu9250_usr.c:41:6:error	8	static
mpu9250_usr.c:57:9:sensor_io_read	16	static
mpu9250_usr.c:62:9:sensor_io_write	16	static
mpu9250_usr.c:67:9:I2Cx_ReadData	40	static
mpu9250_usr.c:78:6:I2Cx_WriteData	40	static
mpu9250_usr.c:87:6:ledOn	8	static
mpu9250_usr.c:91:6:ledOff	8	static
mpu9250_usr.c:95:6:sensor_ini	8	static
mpu9250_usr.c:102:9:read_id	8	static
mpu9250_usr.c:108:6:MPU9250_init	8	static
mpu9250_usr.c:128:6:MPU9250_calibrate	48	static
mpu9250_usr.c:287:6:MPU9250_getAllData	32	static
mpu9250_usr.c:319:7:filter	16	static
mpu9250_usr.c:329:6:MPU9250_writeReg	32	static
mpu9250_usr.c:338:6:MPU9250_writeReg16Bit	32	static
mpu9250_usr.c:348:6:MPU9250_writeReg32Bit	32	static
mpu9250_usr.c:360:9:MPU9250_readReg	40	static
mpu9250_usr.c:368:10:MPU9250_readReg16Bit	24	static
mpu9250_usr.c:382:10:MPU9250_readReg32Bit	32	static
mpu9250_usr.c:401:6:MPU9250_writeMulti	32	static
mpu9250_usr.c:411:6:MPU9250_readMulti	32	static
mpu9250_usr.c:416:6:I2C_ReadBuffer	24	static
