stm32f4xx_it.c:74:6:NMI_Handler	4	static
stm32f4xx_it.c:87:6:HardFault_Handler	4	static
stm32f4xx_it.c:102:6:MemManage_Handler	4	static
stm32f4xx_it.c:117:6:BusFault_Handler	4	static
stm32f4xx_it.c:132:6:UsageFault_Handler	4	static
stm32f4xx_it.c:147:6:DebugMon_Handler	4	static
stm32f4xx_it.c:167:6:RCC_IRQHandler	4	static
stm32f4xx_it.c:180:6:CAN1_RX0_IRQHandler	8	static
stm32f4xx_it.c:194:6:CAN1_RX1_IRQHandler	8	static
stm32f4xx_it.c:208:6:TIM3_IRQHandler	8	static
stm32f4xx_it.c:222:6:I2C1_EV_IRQHandler	8	static
stm32f4xx_it.c:236:6:OTG_FS_IRQHandler	8	static
